load at start: 21.86 21.43 22.09
load at start: 21.86 21.43 22.09 8/535 1065530
v02_e8p_r4pf4 v02_e8p_r4pf4          e8p_gemv   hot  T=1 K=4096 N=256 M=1 |      28.6 us/call      9.6 GB/s     73.3 GOP/s | cpu/wall 1.00 | proxy 156.5 uJ/call 149.25 pJ/MAC | relerr 5.6e-08 ok
v02_e8p_r1pf0 v02_e8p_r1pf0          e8p_gemv   hot  T=1 K=4096 N=256 M=1 |      29.5 us/call      9.4 GB/s     71.1 GOP/s | cpu/wall 1.00 | proxy 161.3 uJ/call 153.81 pJ/MAC | relerr 5.6e-08 ok
v02_q8_0_vnni16 v02_q8_0_vnni16        q8_0_gemv  hot  T=1 K=4096 N=256 M=1 |       9.1 us/call    122.6 GB/s    229.6 GOP/s | cpu/wall 1.00 | proxy 50.0 uJ/call 47.64 pJ/MAC | relerr 3.1e-07 ok
v02_q4_K v02_q4_K               q4_K_gemv  hot  T=1 K=4096 N=256 M=1 |      22.4 us/call     26.6 GB/s     93.6 GOP/s | cpu/wall 1.00 | proxy 122.6 uJ/call 116.90 pJ/MAC | relerr 1.7e-07 ok
v01_q8_0_vnni16 v01_q8_0_vnni16        q8_0_gemv  hot  T=1 K=4096 N=256 M=1 |       9.1 us/call    122.7 GB/s    229.9 GOP/s | cpu/wall 1.00 | proxy 49.9 uJ/call 47.58 pJ/MAC | relerr 3.1e-07 ok
v01_q4_K v01_q4_K               q4_K_gemv  hot  T=1 K=4096 N=256 M=1 |      22.5 us/call     26.5 GB/s     93.4 GOP/s | cpu/wall 1.00 | proxy 122.8 uJ/call 117.14 pJ/MAC | relerr 1.7e-07 ok
ggml_q8gemv ggml_q8gemv            q8_0_gemv  hot  T=1 K=4096 N=256 M=1 |      31.3 us/call     35.7 GB/s     67.0 GOP/s | cpu/wall 1.00 | proxy 171.3 uJ/call 163.38 pJ/MAC | relerr 0.0e+00 ok
ggml_q4kgemv ggml_q4kgemv           q4_K_gemv  hot  T=1 K=4096 N=256 M=1 |      25.2 us/call     23.6 GB/s     83.1 GOP/s | cpu/wall 1.00 | proxy 138.0 uJ/call 131.59 pJ/MAC | relerr 0.0e+00 ok
ggml_q2kgemv ggml_q2kgemv           q2_K_gemv  hot  T=1 K=4096 N=256 M=1 |      22.3 us/call     15.7 GB/s     94.1 GOP/s | cpu/wall 1.00 | proxy 121.8 uJ/call 116.20 pJ/MAC | relerr 0.0e+00 ok
ggml_iq2xxsgemv ggml_iq2xxsgemv        iq2_xxs_gemv hot  T=1 K=4096 N=256 M=1 |      62.1 us/call      4.4 GB/s     33.7 GOP/s | cpu/wall 1.00 | proxy 339.9 uJ/call 324.18 pJ/MAC | relerr 0.0e+00 ok
ggml_iq2xsgemv ggml_iq2xsgemv         iq2_xs_gemv hot  T=1 K=4096 N=256 M=1 |      73.9 us/call      4.2 GB/s     28.4 GOP/s | cpu/wall 1.00 | proxy 404.0 uJ/call 385.25 pJ/MAC | relerr 0.0e+00 ok
ggml_iq3xxsgemv ggml_iq3xxsgemv        iq3_xxs_gemv hot  T=1 K=4096 N=256 M=1 |      77.6 us/call      5.2 GB/s     27.0 GOP/s | cpu/wall 1.00 | proxy 424.3 uJ/call 404.65 pJ/MAC | relerr 0.0e+00 ok
ggml_iq4xsgemv ggml_iq4xsgemv         iq4_xs_gemv hot  T=1 K=4096 N=256 M=1 |      35.9 us/call     15.7 GB/s     58.4 GOP/s | cpu/wall 1.00 | proxy 196.4 uJ/call 187.32 pJ/MAC | relerr 0.0e+00 ok
v02_e8p_r4pf4 v02_e8p_r4pf4          e8p_gemv   cold T=1 K=4096 N=4096 M=1 |     841.1 us/call      5.2 GB/s     39.9 GOP/s | cpu/wall 1.00 | proxy 4599.7 uJ/call 274.16 pJ/MAC | relerr 1.6e-07 ok
v02_q8_0_vnni16 v02_q8_0_vnni16        q8_0_gemv  cold T=1 K=4096 N=4096 M=1 |    1192.7 us/call     15.0 GB/s     28.1 GOP/s | cpu/wall 0.93 | proxy 6052.3 uJ/call 360.74 pJ/MAC | relerr 5.8e-07 ok
v02_q4_K v02_q4_K               q4_K_gemv  cold T=1 K=4096 N=4096 M=1 |    1217.4 us/call      7.8 GB/s     27.6 GOP/s | cpu/wall 0.97 | proxy 6451.1 uJ/call 384.52 pJ/MAC | relerr 2.4e-07 ok
v01_q8_0_vnni16 v01_q8_0_vnni16        q8_0_gemv  cold T=1 K=4096 N=4096 M=1 |    1170.7 us/call     15.2 GB/s     28.7 GOP/s | cpu/wall 0.91 | proxy 5809.2 uJ/call 346.26 pJ/MAC | relerr 5.8e-07 ok
v01_q4_K v01_q4_K               q4_K_gemv  cold T=1 K=4096 N=4096 M=1 |    1189.9 us/call      7.9 GB/s     28.2 GOP/s | cpu/wall 0.99 | proxy 6468.0 uJ/call 385.53 pJ/MAC | relerr 2.4e-07 ok
ggml_q2kgemv ggml_q2kgemv           q2_K_gemv  cold T=1 K=4096 N=4096 M=1 |     954.7 us/call      5.8 GB/s     35.1 GOP/s | cpu/wall 1.00 | proxy 5197.0 uJ/call 309.77 pJ/MAC | relerr 0.0e+00 ok
ggml_iq2xxsgemv ggml_iq2xxsgemv        iq2_xxs_gemv cold T=1 K=4096 N=4096 M=1 |    1205.2 us/call      3.6 GB/s     27.8 GOP/s | cpu/wall 0.97 | proxy 6381.3 uJ/call 380.36 pJ/MAC | relerr 0.0e+00 ok
v02_e8p_r4pf4 v02_e8p_r4pf4          e8p_gemv   cold T=8 K=4096 N=4096 M=1 |     261.8 us/call     16.6 GB/s    128.2 GOP/s | cpu/wall 7.01 | proxy 10039.8 uJ/call 598.42 pJ/MAC | relerr 1.6e-07 ok
v02_q8_0_vnni16 v02_q8_0_vnni16        q8_0_gemv  cold T=8 K=4096 N=4096 M=1 |     339.3 us/call     52.6 GB/s     98.9 GOP/s | cpu/wall 6.99 | proxy 12977.4 uJ/call 773.52 pJ/MAC | relerr 5.8e-07 ok
v02_q4_K v02_q4_K               q4_K_gemv  cold T=8 K=4096 N=4096 M=1 |     326.8 us/call     28.9 GB/s    102.7 GOP/s | cpu/wall 7.22 | proxy 12910.0 uJ/call 769.49 pJ/MAC | relerr 2.4e-07 ok
v01_q8_0_vnni16 v01_q8_0_vnni16        q8_0_gemv  cold T=8 K=4096 N=4096 M=1 |     306.5 us/call     58.2 GB/s    109.5 GOP/s | cpu/wall 6.99 | proxy 11721.9 uJ/call 698.68 pJ/MAC | relerr 5.8e-07 ok
v01_q4_K v01_q4_K               q4_K_gemv  cold T=8 K=4096 N=4096 M=1 |     235.9 us/call     40.1 GB/s    142.2 GOP/s | cpu/wall 7.43 | proxy 9581.3 uJ/call 571.09 pJ/MAC | relerr 2.4e-07 ok
ggml_q8gemv ggml_q8gemv            q8_0_gemv  cold T=8 K=4096 N=4096 M=1 |     696.5 us/call     25.6 GB/s     48.2 GOP/s | cpu/wall 7.10 | proxy 27052.6 uJ/call 1612.46 pJ/MAC | relerr 0.0e+00 ok
ggml_q4kgemv ggml_q4kgemv           q4_K_gemv  cold T=8 K=4096 N=4096 M=1 |     377.2 us/call     25.1 GB/s     89.0 GOP/s | cpu/wall 7.17 | proxy 14785.5 uJ/call 881.28 pJ/MAC | relerr 0.0e+00 ok
ggml_q2kgemv ggml_q2kgemv           q2_K_gemv  cold T=8 K=4096 N=4096 M=1 |     224.0 us/call     24.7 GB/s    149.8 GOP/s | cpu/wall 7.15 | proxy 8761.9 uJ/call 522.25 pJ/MAC | relerr 0.0e+00 ok
ggml_iq2xxsgemv ggml_iq2xxsgemv        iq2_xxs_gemv cold T=8 K=4096 N=4096 M=1 |     343.1 us/call     12.7 GB/s     97.8 GOP/s | cpu/wall 7.12 | proxy 13353.1 uJ/call 795.91 pJ/MAC | relerr 0.0e+00 ok
ggml_iq2xsgemv ggml_iq2xsgemv         iq2_xs_gemv cold T=8 K=4096 N=4096 M=1 |     367.2 us/call     13.3 GB/s     91.4 GOP/s | cpu/wall 7.17 | proxy 14394.5 uJ/call 857.98 pJ/MAC | relerr 0.0e+00 ok
ggml_iq3xxsgemv ggml_iq3xxsgemv        iq3_xxs_gemv cold T=8 K=4096 N=4096 M=1 |     286.9 us/call     22.5 GB/s    117.0 GOP/s | cpu/wall 7.62 | proxy 11964.2 uJ/call 713.12 pJ/MAC | relerr 0.0e+00 ok
ggml_iq4xsgemv ggml_iq4xsgemv         iq4_xs_gemv cold T=8 K=4096 N=4096 M=1 |     419.8 us/call     21.3 GB/s     79.9 GOP/s | cpu/wall 7.18 | proxy 16488.2 uJ/call 982.77 pJ/MAC | relerr 0.0e+00 ok
rep 1 done, load 16.18 19.56 21.37 14/531 1140757
v02_e8p_r4pf4 v02_e8p_r4pf4          e8p_gemv   hot  T=1 K=4096 N=256 M=1 |      29.4 us/call      9.4 GB/s     71.4 GOP/s | cpu/wall 0.98 | proxy 156.9 uJ/call 149.64 pJ/MAC | relerr 5.6e-08 ok
v02_e8p_r1pf0 v02_e8p_r1pf0          e8p_gemv   hot  T=1 K=4096 N=256 M=1 |      30.1 us/call      9.2 GB/s     69.7 GOP/s | cpu/wall 0.98 | proxy 161.2 uJ/call 153.72 pJ/MAC | relerr 5.6e-08 ok
v02_q8_0_vnni16 v02_q8_0_vnni16        q8_0_gemv  hot  T=1 K=4096 N=256 M=1 |      10.6 us/call    105.7 GB/s    198.0 GOP/s | cpu/wall 0.99 | proxy 57.1 uJ/call 54.44 pJ/MAC | relerr 3.1e-07 ok
v02_q4_K v02_q4_K               q4_K_gemv  hot  T=1 K=4096 N=256 M=1 |      23.6 us/call     25.2 GB/s     88.9 GOP/s | cpu/wall 0.95 | proxy 122.7 uJ/call 117.05 pJ/MAC | relerr 1.7e-07 ok
v01_q8_0_vnni16 v01_q8_0_vnni16        q8_0_gemv  hot  T=1 K=4096 N=256 M=1 |       9.7 us/call    115.0 GB/s    215.5 GOP/s | cpu/wall 0.94 | proxy 50.1 uJ/call 47.83 pJ/MAC | relerr 3.1e-07 ok
v01_q4_K v01_q4_K               q4_K_gemv  hot  T=1 K=4096 N=256 M=1 |      23.3 us/call     25.5 GB/s     89.8 GOP/s | cpu/wall 0.97 | proxy 123.6 uJ/call 117.88 pJ/MAC | relerr 1.7e-07 ok
ggml_q8gemv ggml_q8gemv            q8_0_gemv  hot  T=1 K=4096 N=256 M=1 |      31.6 us/call     35.4 GB/s     66.4 GOP/s | cpu/wall 0.99 | proxy 171.4 uJ/call 163.44 pJ/MAC | relerr 0.0e+00 ok
ggml_q4kgemv ggml_q4kgemv           q4_K_gemv  hot  T=1 K=4096 N=256 M=1 |      26.0 us/call     22.9 GB/s     80.7 GOP/s | cpu/wall 0.97 | proxy 137.6 uJ/call 131.25 pJ/MAC | relerr 0.0e+00 ok
ggml_q2kgemv ggml_q2kgemv           q2_K_gemv  hot  T=1 K=4096 N=256 M=1 |      22.7 us/call     15.4 GB/s     92.5 GOP/s | cpu/wall 0.98 | proxy 121.7 uJ/call 116.06 pJ/MAC | relerr 0.0e+00 ok
ggml_iq2xxsgemv ggml_iq2xxsgemv        iq2_xxs_gemv hot  T=1 K=4096 N=256 M=1 |      62.7 us/call      4.4 GB/s     33.4 GOP/s | cpu/wall 1.00 | proxy 341.8 uJ/call 325.94 pJ/MAC | relerr 0.0e+00 ok
ggml_iq2xsgemv ggml_iq2xsgemv         iq2_xs_gemv hot  T=1 K=4096 N=256 M=1 |      74.7 us/call      4.1 GB/s     28.1 GOP/s | cpu/wall 0.99 | proxy 403.7 uJ/call 384.98 pJ/MAC | relerr 0.0e+00 ok
ggml_iq3xxsgemv ggml_iq3xxsgemv        iq3_xxs_gemv hot  T=1 K=4096 N=256 M=1 |      78.5 us/call      5.2 GB/s     26.7 GOP/s | cpu/wall 0.99 | proxy 424.0 uJ/call 404.39 pJ/MAC | relerr 0.0e+00 ok
ggml_iq4xsgemv ggml_iq4xsgemv         iq4_xs_gemv hot  T=1 K=4096 N=256 M=1 |      36.6 us/call     15.4 GB/s     57.3 GOP/s | cpu/wall 0.98 | proxy 196.3 uJ/call 187.22 pJ/MAC | relerr 0.0e+00 ok
v02_e8p_r4pf4 v02_e8p_r4pf4          e8p_gemv   cold T=1 K=4096 N=4096 M=1 |     849.1 us/call      5.1 GB/s     39.5 GOP/s | cpu/wall 0.99 | proxy 4590.7 uJ/call 273.62 pJ/MAC | relerr 1.6e-07 ok
v02_q8_0_vnni16 v02_q8_0_vnni16        q8_0_gemv  cold T=1 K=4096 N=4096 M=1 |    1145.0 us/call     15.6 GB/s     29.3 GOP/s | cpu/wall 0.92 | proxy 5738.7 uJ/call 342.05 pJ/MAC | relerr 5.8e-07 ok
v02_q4_K v02_q4_K               q4_K_gemv  cold T=1 K=4096 N=4096 M=1 |    1148.4 us/call      8.2 GB/s     29.2 GOP/s | cpu/wall 1.00 | proxy 6255.5 uJ/call 372.86 pJ/MAC | relerr 2.4e-07 ok
v01_q8_0_vnni16 v01_q8_0_vnni16        q8_0_gemv  cold T=1 K=4096 N=4096 M=1 |    1045.5 us/call     17.1 GB/s     32.1 GOP/s | cpu/wall 1.00 | proxy 5716.5 uJ/call 340.73 pJ/MAC | relerr 5.8e-07 ok
v01_q4_K v01_q4_K               q4_K_gemv  cold T=1 K=4096 N=4096 M=1 |    1255.3 us/call      7.5 GB/s     26.7 GOP/s | cpu/wall 0.96 | proxy 6582.9 uJ/call 392.37 pJ/MAC | relerr 2.4e-07 ok
ggml_q2kgemv ggml_q2kgemv           q2_K_gemv  cold T=1 K=4096 N=4096 M=1 |     958.3 us/call      5.8 GB/s     35.0 GOP/s | cpu/wall 1.00 | proxy 5236.3 uJ/call 312.11 pJ/MAC | relerr 0.0e+00 ok
ggml_iq2xxsgemv ggml_iq2xxsgemv        iq2_xxs_gemv cold T=1 K=4096 N=4096 M=1 |    1544.5 us/call      2.8 GB/s     21.7 GOP/s | cpu/wall 0.99 | proxy 8347.5 uJ/call 497.55 pJ/MAC | relerr 0.0e+00 ok
v02_e8p_r4pf4 v02_e8p_r4pf4          e8p_gemv   cold T=8 K=4096 N=4096 M=1 |     178.8 us/call     24.3 GB/s    187.6 GOP/s | cpu/wall 7.56 | proxy 7395.4 uJ/call 440.80 pJ/MAC | relerr 1.6e-07 ok
v02_q8_0_vnni16 v02_q8_0_vnni16        q8_0_gemv  cold T=8 K=4096 N=4096 M=1 |     187.2 us/call     95.3 GB/s    179.2 GOP/s | cpu/wall 7.63 | proxy 7812.1 uJ/call 465.64 pJ/MAC | relerr 5.8e-07 ok
v02_q4_K v02_q4_K               q4_K_gemv  cold T=8 K=4096 N=4096 M=1 |     304.7 us/call     31.0 GB/s    110.1 GOP/s | cpu/wall 7.26 | proxy 12098.6 uJ/call 721.13 pJ/MAC | relerr 2.4e-07 ok
v01_q8_0_vnni16 v01_q8_0_vnni16        q8_0_gemv  cold T=8 K=4096 N=4096 M=1 |     287.9 us/call     62.0 GB/s    116.5 GOP/s | cpu/wall 7.18 | proxy 11307.2 uJ/call 673.96 pJ/MAC | relerr 5.8e-07 ok
v01_q4_K v01_q4_K               q4_K_gemv  cold T=8 K=4096 N=4096 M=1 |     294.8 us/call     32.1 GB/s    113.8 GOP/s | cpu/wall 7.23 | proxy 11659.5 uJ/call 694.96 pJ/MAC | relerr 2.4e-07 ok
ggml_q8gemv ggml_q8gemv            q8_0_gemv  cold T=8 K=4096 N=4096 M=1 |     609.5 us/call     29.3 GB/s     55.0 GOP/s | cpu/wall 7.25 | proxy 24171.8 uJ/call 1440.75 pJ/MAC | relerr 0.0e+00 ok
ggml_q4kgemv ggml_q4kgemv           q4_K_gemv  cold T=8 K=4096 N=4096 M=1 |     295.3 us/call     32.0 GB/s    113.6 GOP/s | cpu/wall 7.48 | proxy 12074.5 uJ/call 719.70 pJ/MAC | relerr 0.0e+00 ok
ggml_q2kgemv ggml_q2kgemv           q2_K_gemv  cold T=8 K=4096 N=4096 M=1 |     174.9 us/call     31.6 GB/s    191.8 GOP/s | cpu/wall 7.66 | proxy 7325.6 uJ/call 436.64 pJ/MAC | relerr 0.0e+00 ok
ggml_iq2xxsgemv ggml_iq2xxsgemv        iq2_xxs_gemv cold T=8 K=4096 N=4096 M=1 |     378.4 us/call     11.5 GB/s     88.7 GOP/s | cpu/wall 7.12 | proxy 14734.0 uJ/call 878.22 pJ/MAC | relerr 0.0e+00 ok
ggml_iq2xsgemv ggml_iq2xsgemv         iq2_xs_gemv cold T=8 K=4096 N=4096 M=1 |     375.2 us/call     13.0 GB/s     89.4 GOP/s | cpu/wall 7.05 | proxy 14473.3 uJ/call 862.68 pJ/MAC | relerr 0.0e+00 ok
ggml_iq3xxsgemv ggml_iq3xxsgemv        iq3_xxs_gemv cold T=8 K=4096 N=4096 M=1 |     202.3 us/call     31.9 GB/s    165.9 GOP/s | cpu/wall 7.99 | proxy 8837.7 uJ/call 526.77 pJ/MAC | relerr 0.0e+00 ok
ggml_iq4xsgemv ggml_iq4xsgemv         iq4_xs_gemv cold T=8 K=4096 N=4096 M=1 |     250.8 us/call     35.6 GB/s    133.8 GOP/s | cpu/wall 7.75 | proxy 10629.5 uJ/call 633.57 pJ/MAC | relerr 0.0e+00 ok
rep 2 done, load 12.97 17.87 20.63 14/524 1194891
v02_e8p_r4pf4 v02_e8p_r4pf4          e8p_gemv   hot  T=1 K=4096 N=256 M=1 |      28.6 us/call      9.7 GB/s     73.4 GOP/s | cpu/wall 1.00 | proxy 156.3 uJ/call 149.06 pJ/MAC | relerr 5.6e-08 ok
v02_e8p_r1pf0 v02_e8p_r1pf0          e8p_gemv   hot  T=1 K=4096 N=256 M=1 |      29.4 us/call      9.4 GB/s     71.2 GOP/s | cpu/wall 1.00 | proxy 161.0 uJ/call 153.58 pJ/MAC | relerr 5.6e-08 ok
v02_q8_0_vnni16 v02_q8_0_vnni16        q8_0_gemv  hot  T=1 K=4096 N=256 M=1 |       9.1 us/call    122.9 GB/s    230.2 GOP/s | cpu/wall 1.00 | proxy 49.8 uJ/call 47.53 pJ/MAC | relerr 3.1e-07 ok
v02_q4_K v02_q4_K               q4_K_gemv  hot  T=1 K=4096 N=256 M=1 |      22.5 us/call     26.5 GB/s     93.3 GOP/s | cpu/wall 1.00 | proxy 122.7 uJ/call 117.02 pJ/MAC | relerr 1.7e-07 ok
v01_q8_0_vnni16 v01_q8_0_vnni16        q8_0_gemv  hot  T=1 K=4096 N=256 M=1 |       9.1 us/call    122.9 GB/s    230.2 GOP/s | cpu/wall 1.00 | proxy 49.8 uJ/call 47.52 pJ/MAC | relerr 3.1e-07 ok
v01_q4_K v01_q4_K               q4_K_gemv  hot  T=1 K=4096 N=256 M=1 |      22.5 us/call     26.5 GB/s     93.4 GOP/s | cpu/wall 1.00 | proxy 122.8 uJ/call 117.13 pJ/MAC | relerr 1.7e-07 ok
ggml_q8gemv ggml_q8gemv            q8_0_gemv  hot  T=1 K=4096 N=256 M=1 |      31.3 us/call     35.8 GB/s     67.0 GOP/s | cpu/wall 1.00 | proxy 171.0 uJ/call 163.11 pJ/MAC | relerr 0.0e+00 ok
ggml_q4kgemv ggml_q4kgemv           q4_K_gemv  hot  T=1 K=4096 N=256 M=1 |      25.2 us/call     23.7 GB/s     83.3 GOP/s | cpu/wall 1.00 | proxy 137.3 uJ/call 130.98 pJ/MAC | relerr 0.0e+00 ok
ggml_q2kgemv ggml_q2kgemv           q2_K_gemv  hot  T=1 K=4096 N=256 M=1 |      22.2 us/call     15.7 GB/s     94.4 GOP/s | cpu/wall 1.00 | proxy 121.5 uJ/call 115.91 pJ/MAC | relerr 0.0e+00 ok
ggml_iq2xxsgemv ggml_iq2xxsgemv        iq2_xxs_gemv hot  T=1 K=4096 N=256 M=1 |      62.0 us/call      4.5 GB/s     33.8 GOP/s | cpu/wall 1.00 | proxy 338.8 uJ/call 323.13 pJ/MAC | relerr 0.0e+00 ok
ggml_iq2xsgemv ggml_iq2xsgemv         iq2_xs_gemv hot  T=1 K=4096 N=256 M=1 |      74.1 us/call      4.2 GB/s     28.3 GOP/s | cpu/wall 1.00 | proxy 403.6 uJ/call 384.86 pJ/MAC | relerr 0.0e+00 ok
ggml_iq3xxsgemv ggml_iq3xxsgemv        iq3_xxs_gemv hot  T=1 K=4096 N=256 M=1 |      92.6 us/call      4.4 GB/s     22.6 GOP/s | cpu/wall 0.96 | proxy 484.2 uJ/call 461.81 pJ/MAC | relerr 0.0e+00 ok
ggml_iq4xsgemv ggml_iq4xsgemv         iq4_xs_gemv hot  T=1 K=4096 N=256 M=1 |      35.8 us/call     15.7 GB/s     58.5 GOP/s | cpu/wall 1.00 | proxy 196.0 uJ/call 186.92 pJ/MAC | relerr 0.0e+00 ok
v02_e8p_r4pf4 v02_e8p_r4pf4          e8p_gemv   cold T=1 K=4096 N=4096 M=1 |    1127.2 us/call      3.9 GB/s     29.8 GOP/s | cpu/wall 1.00 | proxy 6165.8 uJ/call 367.51 pJ/MAC | relerr 1.6e-07 ok
v02_q8_0_vnni16 v02_q8_0_vnni16        q8_0_gemv  cold T=1 K=4096 N=4096 M=1 |    1654.4 us/call     10.8 GB/s     20.3 GOP/s | cpu/wall 0.94 | proxy 8546.5 uJ/call 509.41 pJ/MAC | relerr 5.8e-07 ok
v02_q4_K v02_q4_K               q4_K_gemv  cold T=1 K=4096 N=4096 M=1 |    1582.3 us/call      6.0 GB/s     21.2 GOP/s | cpu/wall 0.99 | proxy 8590.0 uJ/call 512.01 pJ/MAC | relerr 2.4e-07 ok
v01_q8_0_vnni16 v01_q8_0_vnni16        q8_0_gemv  cold T=1 K=4096 N=4096 M=1 |    1038.2 us/call     17.2 GB/s     32.3 GOP/s | cpu/wall 0.99 | proxy 5630.6 uJ/call 335.61 pJ/MAC | relerr 5.8e-07 ok
v01_q4_K v01_q4_K               q4_K_gemv  cold T=1 K=4096 N=4096 M=1 |    1163.6 us/call      8.1 GB/s     28.8 GOP/s | cpu/wall 1.00 | proxy 6365.2 uJ/call 379.39 pJ/MAC | relerr 2.4e-07 ok
ggml_q2kgemv ggml_q2kgemv           q2_K_gemv  cold T=1 K=4096 N=4096 M=1 |     933.3 us/call      5.9 GB/s     36.0 GOP/s | cpu/wall 1.00 | proxy 5105.2 uJ/call 304.29 pJ/MAC | relerr 0.0e+00 ok
ggml_iq2xxsgemv ggml_iq2xxsgemv        iq2_xxs_gemv cold T=1 K=4096 N=4096 M=1 |    1174.0 us/call      3.7 GB/s     28.6 GOP/s | cpu/wall 1.00 | proxy 6421.7 uJ/call 382.76 pJ/MAC | relerr 0.0e+00 ok
v02_e8p_r4pf4 v02_e8p_r4pf4          e8p_gemv   cold T=8 K=4096 N=4096 M=1 |     122.9 us/call     35.4 GB/s    273.1 GOP/s | cpu/wall 7.88 | proxy 5294.1 uJ/call 315.55 pJ/MAC | relerr 1.6e-07 ok
v02_q8_0_vnni16 v02_q8_0_vnni16        q8_0_gemv  cold T=8 K=4096 N=4096 M=1 |     227.4 us/call     78.5 GB/s    147.5 GOP/s | cpu/wall 7.31 | proxy 9098.1 uJ/call 542.29 pJ/MAC | relerr 5.8e-07 ok
v02_q4_K v02_q4_K               q4_K_gemv  cold T=8 K=4096 N=4096 M=1 |     285.9 us/call     33.1 GB/s    117.3 GOP/s | cpu/wall 7.31 | proxy 11427.3 uJ/call 681.12 pJ/MAC | relerr 2.4e-07 ok
v01_q8_0_vnni16 v01_q8_0_vnni16        q8_0_gemv  cold T=8 K=4096 N=4096 M=1 |     292.2 us/call     61.1 GB/s    114.8 GOP/s | cpu/wall 7.15 | proxy 11425.0 uJ/call 680.98 pJ/MAC | relerr 5.8e-07 ok
v01_q4_K v01_q4_K               q4_K_gemv  cold T=8 K=4096 N=4096 M=1 |     274.6 us/call     34.4 GB/s    122.2 GOP/s | cpu/wall 7.46 | proxy 11200.3 uJ/call 667.59 pJ/MAC | relerr 2.4e-07 ok
ggml_q8gemv ggml_q8gemv            q8_0_gemv  cold T=8 K=4096 N=4096 M=1 |     528.5 us/call     33.8 GB/s     63.5 GOP/s | cpu/wall 7.28 | proxy 21056.6 uJ/call 1255.07 pJ/MAC | relerr 0.0e+00 ok
ggml_q4kgemv ggml_q4kgemv           q4_K_gemv  cold T=8 K=4096 N=4096 M=1 |     219.7 us/call     43.0 GB/s    152.7 GOP/s | cpu/wall 7.81 | proxy 9380.6 uJ/call 559.13 pJ/MAC | relerr 0.0e+00 ok
ggml_q2kgemv ggml_q2kgemv           q2_K_gemv  cold T=8 K=4096 N=4096 M=1 |     243.1 us/call     22.7 GB/s    138.0 GOP/s | cpu/wall 7.47 | proxy 9936.6 uJ/call 592.27 pJ/MAC | relerr 0.0e+00 ok
ggml_iq2xxsgemv ggml_iq2xxsgemv        iq2_xxs_gemv cold T=8 K=4096 N=4096 M=1 |     265.1 us/call     16.4 GB/s    126.6 GOP/s | cpu/wall 7.49 | proxy 10856.1 uJ/call 647.08 pJ/MAC | relerr 0.0e+00 ok
ggml_iq2xsgemv ggml_iq2xsgemv         iq2_xs_gemv cold T=8 K=4096 N=4096 M=1 |     296.3 us/call     16.4 GB/s    113.2 GOP/s | cpu/wall 7.46 | proxy 12090.8 uJ/call 720.67 pJ/MAC | relerr 0.0e+00 ok
ggml_iq3xxsgemv ggml_iq3xxsgemv        iq3_xxs_gemv cold T=8 K=4096 N=4096 M=1 |     352.2 us/call     18.3 GB/s     95.3 GOP/s | cpu/wall 7.46 | proxy 14378.8 uJ/call 857.04 pJ/MAC | relerr 0.0e+00 ok
ggml_iq4xsgemv ggml_iq4xsgemv         iq4_xs_gemv cold T=8 K=4096 N=4096 M=1 |     416.6 us/call     21.4 GB/s     80.5 GOP/s | cpu/wall 7.21 | proxy 16427.4 uJ/call 979.15 pJ/MAC | relerr 0.0e+00 ok
rep 3 done, load 12.02 16.51 19.94 15/519 1234553
load at end: 12.02 16.51 19.94 12/519 1234554
