blk.0.attn_k.weight          Q3_K   r=16 err 0.01346 -> 0.01159
blk.0.attn_output.weight     Q3_K   r=16 err 0.02315 -> 0.01948
blk.0.attn_q.weight          Q3_K   r=16 err 0.01623 -> 0.01393
blk.0.attn_v.weight          Q3_K   r=16 err 0.02470 -> 0.02011
blk.1.attn_k.weight          Q3_K   r=16 err 0.01297 -> 0.01077
blk.1.attn_output.weight     Q3_K   r=16 err 0.02179 -> 0.01972
blk.1.attn_q.weight          Q3_K   r=16 err 0.01709 -> 0.01384
blk.1.attn_v.weight          Q3_K   r=16 err 0.02680 -> 0.02017
blk.2.attn_k.weight          Q3_K   r=16 err 0.01382 -> 0.01086
blk.2.attn_output.weight     Q3_K   r=16 err 0.02076 -> 0.01949
blk.2.attn_q.weight          Q3_K   r=16 err 0.01711 -> 0.01325
blk.2.attn_v.weight          Q3_K   r=16 err 0.02924 -> 0.02066
blk.3.attn_k.weight          Q3_K   r=16 err 0.01696 -> 0.01298
blk.3.attn_output.weight     Q3_K   r=16 err 0.02069 -> 0.01880
blk.3.attn_q.weight          Q3_K   r=16 err 0.01726 -> 0.01304
blk.3.attn_v.weight          Q3_K   r=16 err 0.03031 -> 0.02189
blk.4.attn_k.weight          Q3_K   r=16 err 0.01656 -> 0.01201
blk.4.attn_output.weight     Q3_K   r=16 err 0.02182 -> 0.02005
blk.4.attn_q.weight          Q3_K   r=16 err 0.01965 -> 0.01424
blk.4.attn_v.weight          Q3_K   r=16 err 0.03228 -> 0.02228
blk.5.attn_k.weight          Q3_K   r=16 err 0.01591 -> 0.01158
blk.5.attn_output.weight     Q3_K   r=16 err 0.02103 -> 0.01941
blk.5.attn_q.weight          Q3_K   r=16 err 0.02124 -> 0.01522
blk.5.attn_v.weight          Q3_K   r=16 err 0.03171 -> 0.02196
blk.6.attn_k.weight          Q3_K   r=16 err 0.01578 -> 0.01219
blk.6.attn_output.weight     Q3_K   r=16 err 0.02131 -> 0.01904
blk.6.attn_q.weight          Q3_K   r=16 err 0.01761 -> 0.01370
blk.6.attn_v.weight          Q3_K   r=16 err 0.03276 -> 0.02464
blk.7.attn_k.weight          Q3_K   r=16 err 0.01570 -> 0.01233
blk.7.attn_output.weight     Q3_K   r=16 err 0.02187 -> 0.02041
blk.7.attn_q.weight          Q3_K   r=16 err 0.01934 -> 0.01497
blk.7.attn_v.weight          Q3_K   r=16 err 0.03333 -> 0.02446
blk.8.attn_k.weight          Q3_K   r=16 err 0.01946 -> 0.01533
blk.8.attn_output.weight     Q3_K   r=16 err 0.02179 -> 0.01980
blk.8.attn_q.weight          Q3_K   r=16 err 0.01977 -> 0.01574
blk.8.attn_v.weight          Q3_K   r=16 err 0.03114 -> 0.02365
blk.9.attn_k.weight          Q3_K   r=16 err 0.01823 -> 0.01330
blk.9.attn_output.weight     Q3_K   r=16 err 0.02071 -> 0.01844
blk.9.attn_q.weight          Q3_K   r=16 err 0.01901 -> 0.01408
blk.9.attn_v.weight          Q3_K   r=16 err 0.03296 -> 0.02451
blk.10.attn_k.weight         Q3_K   r=16 err 0.01772 -> 0.01282
blk.10.attn_output.weight    Q3_K   r=16 err 0.02212 -> 0.02021
blk.10.attn_q.weight         Q3_K   r=16 err 0.02028 -> 0.01447
blk.10.attn_v.weight         Q3_K   r=16 err 0.03255 -> 0.02365
blk.11.attn_k.weight         Q3_K   r=16 err 0.01860 -> 0.01275
blk.11.attn_output.weight    Q3_K   r=16 err 0.02133 -> 0.01774
blk.11.attn_q.weight         Q3_K   r=16 err 0.01883 -> 0.01329
blk.11.attn_v.weight         Q3_K   r=16 err 0.03193 -> 0.02284
blk.12.attn_k.weight         Q3_K   r=16 err 0.01646 -> 0.01186
blk.12.attn_output.weight    Q3_K   r=16 err 0.02191 -> 0.01935
blk.12.attn_q.weight         Q3_K   r=16 err 0.01866 -> 0.01358
blk.12.attn_v.weight         Q3_K   r=16 err 0.03060 -> 0.02305
blk.13.attn_k.weight         Q3_K   r=16 err 0.01567 -> 0.01055
blk.13.attn_output.weight    Q3_K   r=16 err 0.02246 -> 0.02002
blk.13.attn_q.weight         Q3_K   r=16 err 0.01897 -> 0.01280
blk.13.attn_v.weight         Q3_K   r=16 err 0.03354 -> 0.02350
blk.14.attn_k.weight         Q3_K   r=16 err 0.01682 -> 0.01148
blk.14.attn_output.weight    Q3_K   r=16 err 0.02049 -> 0.01832
blk.14.attn_q.weight         Q3_K   r=16 err 0.01950 -> 0.01360
blk.14.attn_v.weight         Q3_K   r=16 err 0.03436 -> 0.02471
blk.15.attn_k.weight         Q3_K   r=16 err 0.01513 -> 0.01058
blk.15.attn_output.weight    Q3_K   r=16 err 0.02280 -> 0.01997
blk.15.attn_q.weight         Q3_K   r=16 err 0.01835 -> 0.01314
blk.15.attn_v.weight         Q3_K   r=16 err 0.03685 -> 0.02682
blk.16.attn_k.weight         Q3_K   r=16 err 0.01610 -> 0.01053
blk.16.attn_output.weight    Q3_K   r=16 err 0.02238 -> 0.01991
blk.16.attn_q.weight         Q3_K   r=16 err 0.01957 -> 0.01386
blk.16.attn_v.weight         Q3_K   r=16 err 0.03707 -> 0.02609
blk.17.attn_k.weight         Q3_K   r=16 err 0.01408 -> 0.00953
blk.17.attn_output.weight    Q3_K   r=16 err 0.02294 -> 0.02083
blk.17.attn_q.weight         Q3_K   r=16 err 0.02129 -> 0.01456
blk.17.attn_v.weight         Q3_K   r=16 err 0.03845 -> 0.02758
blk.18.attn_k.weight         Q3_K   r=16 err 0.01870 -> 0.01314
blk.18.attn_output.weight    Q3_K   r=16 err 0.02338 -> 0.02062
blk.18.attn_q.weight         Q3_K   r=16 err 0.02159 -> 0.01566
blk.18.attn_v.weight         Q3_K   r=16 err 0.03971 -> 0.02780
blk.19.attn_k.weight         Q3_K   r=16 err 0.01672 -> 0.01237
blk.19.attn_output.weight    Q3_K   r=16 err 0.02216 -> 0.02016
blk.19.attn_q.weight         Q3_K   r=16 err 0.02174 -> 0.01629
blk.19.attn_v.weight         Q3_K   r=16 err 0.04189 -> 0.02981
blk.20.attn_k.weight         Q3_K   r=16 err 0.01870 -> 0.01371
blk.20.attn_output.weight    Q3_K   r=16 err 0.02305 -> 0.02092
blk.20.attn_q.weight         Q3_K   r=16 err 0.02387 -> 0.01780
blk.20.attn_v.weight         Q3_K   r=16 err 0.03880 -> 0.02766
blk.21.attn_k.weight         Q3_K   r=16 err 0.01982 -> 0.01493
blk.21.attn_output.weight    Q3_K   r=16 err 0.02305 -> 0.02096
blk.21.attn_q.weight         Q3_K   r=16 err 0.02342 -> 0.01793
blk.21.attn_v.weight         Q3_K   r=16 err 0.03839 -> 0.02802
blk.22.attn_k.weight         Q3_K   r=16 err 0.01989 -> 0.01442
blk.22.attn_output.weight    Q3_K   r=16 err 0.02238 -> 0.01996
blk.22.attn_q.weight         Q3_K   r=16 err 0.02640 -> 0.01943
blk.22.attn_v.weight         Q3_K   r=16 err 0.03875 -> 0.02743
blk.23.attn_k.weight         Q3_K   r=16 err 0.01793 -> 0.01283
blk.23.attn_output.weight    Q3_K   r=16 err 0.02289 -> 0.02060
blk.23.attn_q.weight         Q3_K   r=16 err 0.02294 -> 0.01653
blk.23.attn_v.weight         Q3_K   r=16 err 0.03706 -> 0.02562
blk.24.attn_k.weight         Q3_K   r=16 err 0.01634 -> 0.01240
blk.24.attn_output.weight    Q3_K   r=16 err 0.02297 -> 0.02016
blk.24.attn_q.weight         Q3_K   r=16 err 0.02058 -> 0.01575
blk.24.attn_v.weight         Q3_K   r=16 err 0.03267 -> 0.02380
blk.25.attn_k.weight         Q3_K   r=16 err 0.01549 -> 0.01176
blk.25.attn_output.weight    Q3_K   r=16 err 0.02255 -> 0.02027
blk.25.attn_q.weight         Q3_K   r=16 err 0.01978 -> 0.01532
blk.25.attn_v.weight         Q3_K   r=16 err 0.02800 -> 0.02051
blk.26.attn_k.weight         Q3_K   r=16 err 0.01608 -> 0.01259
blk.26.attn_output.weight    Q3_K   r=16 err 0.02282 -> 0.01885
blk.26.attn_q.weight         Q3_K   r=16 err 0.02598 -> 0.02085
blk.26.attn_v.weight         Q3_K   r=16 err 0.02517 -> 0.01892
blk.27.attn_k.weight         Q3_K   r=16 err 0.01766 -> 0.01499
blk.27.attn_output.weight    Q3_K   r=16 err 0.02221 -> 0.02021
blk.27.attn_q.weight         Q3_K   r=16 err 0.02015 -> 0.01698
blk.27.attn_v.weight         Q3_K   r=16 err 0.03152 -> 0.02502
{"base_bpw": 3.4375, "bpw": 3.4705974782873685, "rank": 16, "kinds": ["attn_k", "attn_output", "attn_q", "attn_v"]}
