N=2048 K=6144 threads=1 regime=hot sets=1 base_bytes=7077888
rank=0 mode=base rep=0 iters=415 WALL_S 0.227898 CPU_S 0.219895 per_call_us 549.15 extra_bytes=0 extra_bpw=0.0000 GB_s 12.89
rank=0 mode=base rep=1 iters=415 WALL_S 0.227844 CPU_S 0.218394 per_call_us 549.02 extra_bytes=0 extra_bpw=0.0000 GB_s 12.89
rank=0 mode=base rep=2 iters=415 WALL_S 0.227240 CPU_S 0.217833 per_call_us 547.57 extra_bytes=0 extra_bpw=0.0000 GB_s 12.93
rank=8 mode=redundant rep=0 iters=609 WALL_S 0.340395 CPU_S 0.332583 per_call_us 558.94 extra_bytes=73760 extra_bpw=0.0469 GB_s 12.79
rank=8 mode=redundant rep=1 iters=609 WALL_S 0.338609 CPU_S 0.331579 per_call_us 556.01 extra_bytes=73760 extra_bpw=0.0469 GB_s 12.86
rank=8 mode=redundant rep=2 iters=609 WALL_S 0.343353 CPU_S 0.331386 per_call_us 563.80 extra_bytes=73760 extra_bpw=0.0469 GB_s 12.68
rank=8 mode=split rep=0 iters=477 WALL_S 0.267721 CPU_S 0.260315 per_call_us 561.26 extra_bytes=73760 extra_bpw=0.0469 GB_s 12.74
rank=8 mode=split rep=1 iters=477 WALL_S 0.271519 CPU_S 0.262163 per_call_us 569.22 extra_bytes=73760 extra_bpw=0.0469 GB_s 12.56
rank=8 mode=split rep=2 iters=477 WALL_S 0.264893 CPU_S 0.257818 per_call_us 555.33 extra_bytes=73760 extra_bpw=0.0469 GB_s 12.88
rank=32 mode=redundant rep=0 iters=708 WALL_S 0.412091 CPU_S 0.404298 per_call_us 582.05 extra_bytes=270464 extra_bpw=0.1720 GB_s 12.62
rank=32 mode=redundant rep=1 iters=708 WALL_S 0.413865 CPU_S 0.403387 per_call_us 584.55 extra_bytes=270464 extra_bpw=0.1720 GB_s 12.57
rank=32 mode=redundant rep=2 iters=708 WALL_S 0.413196 CPU_S 0.403755 per_call_us 583.61 extra_bytes=270464 extra_bpw=0.1720 GB_s 12.59
rank=32 mode=split rep=0 iters=854 WALL_S 0.502065 CPU_S 0.487376 per_call_us 587.90 extra_bytes=270464 extra_bpw=0.1720 GB_s 12.50
rank=32 mode=split rep=1 iters=854 WALL_S 0.506269 CPU_S 0.489439 per_call_us 592.82 extra_bytes=270464 extra_bpw=0.1720 GB_s 12.40
rank=32 mode=split rep=2 iters=854 WALL_S 0.499738 CPU_S 0.486530 per_call_us 585.17 extra_bytes=270464 extra_bpw=0.1720 GB_s 12.56
rank=128 mode=redundant rep=0 iters=710 WALL_S 0.465266 CPU_S 0.451210 per_call_us 655.30 extra_bytes=1057280 extra_bpw=0.6722 GB_s 12.41
rank=128 mode=redundant rep=1 iters=710 WALL_S 0.464338 CPU_S 0.449531 per_call_us 654.00 extra_bytes=1057280 extra_bpw=0.6722 GB_s 12.44
rank=128 mode=redundant rep=2 iters=710 WALL_S 0.468035 CPU_S 0.452400 per_call_us 659.20 extra_bytes=1057280 extra_bpw=0.6722 GB_s 12.34
rank=128 mode=split rep=0 iters=439 WALL_S 0.278904 CPU_S 0.271951 per_call_us 635.32 extra_bytes=1057280 extra_bpw=0.6722 GB_s 12.80
rank=128 mode=split rep=1 iters=439 WALL_S 0.283263 CPU_S 0.274119 per_call_us 645.25 extra_bytes=1057280 extra_bpw=0.6722 GB_s 12.61
rank=128 mode=split rep=2 iters=439 WALL_S 0.284968 CPU_S 0.274110 per_call_us 649.13 extra_bytes=1057280 extra_bpw=0.6722 GB_s 12.53
N=2048 K=6144 threads=1 regime=cold sets=170 base_bytes=7077888
rank=0 mode=base rep=0 iters=253 WALL_S 0.348314 CPU_S 0.329971 per_call_us 1376.73 extra_bytes=0 extra_bpw=0.0000 GB_s 5.14
rank=0 mode=base rep=1 iters=253 WALL_S 0.317207 CPU_S 0.310287 per_call_us 1253.78 extra_bytes=0 extra_bpw=0.0000 GB_s 5.65
rank=0 mode=base rep=2 iters=253 WALL_S 0.319476 CPU_S 0.311981 per_call_us 1262.75 extra_bytes=0 extra_bpw=0.0000 GB_s 5.61
rank=8 mode=redundant rep=0 iters=418 WALL_S 0.547395 CPU_S 0.524490 per_call_us 1309.56 extra_bytes=73760 extra_bpw=0.0469 GB_s 5.46
rank=8 mode=redundant rep=1 iters=418 WALL_S 0.550982 CPU_S 0.538625 per_call_us 1318.14 extra_bytes=73760 extra_bpw=0.0469 GB_s 5.43
rank=8 mode=redundant rep=2 iters=418 WALL_S 0.542686 CPU_S 0.531065 per_call_us 1298.29 extra_bytes=73760 extra_bpw=0.0469 GB_s 5.51
rank=8 mode=split rep=0 iters=361 WALL_S 0.458971 CPU_S 0.451652 per_call_us 1271.39 extra_bytes=73760 extra_bpw=0.0469 GB_s 5.63
rank=8 mode=split rep=1 iters=361 WALL_S 0.473509 CPU_S 0.453113 per_call_us 1311.66 extra_bytes=73760 extra_bpw=0.0469 GB_s 5.45
rank=8 mode=split rep=2 iters=361 WALL_S 0.471230 CPU_S 0.453732 per_call_us 1305.35 extra_bytes=73760 extra_bpw=0.0469 GB_s 5.48
rank=32 mode=redundant rep=0 iters=320 WALL_S 0.413111 CPU_S 0.407476 per_call_us 1290.97 extra_bytes=270464 extra_bpw=0.1720 GB_s 5.69
rank=32 mode=redundant rep=1 iters=320 WALL_S 0.418545 CPU_S 0.410351 per_call_us 1307.95 extra_bytes=270464 extra_bpw=0.1720 GB_s 5.62
rank=32 mode=redundant rep=2 iters=320 WALL_S 0.421058 CPU_S 0.413531 per_call_us 1315.80 extra_bytes=270464 extra_bpw=0.1720 GB_s 5.58
rank=32 mode=split rep=0 iters=325 WALL_S 0.430225 CPU_S 0.423972 per_call_us 1323.77 extra_bytes=270464 extra_bpw=0.1720 GB_s 5.55
rank=32 mode=split rep=1 iters=325 WALL_S 0.441393 CPU_S 0.425433 per_call_us 1358.13 extra_bytes=270464 extra_bpw=0.1720 GB_s 5.41
rank=32 mode=split rep=2 iters=325 WALL_S 0.443685 CPU_S 0.432237 per_call_us 1365.19 extra_bytes=270464 extra_bpw=0.1720 GB_s 5.38
rank=128 mode=redundant rep=0 iters=317 WALL_S 0.461799 CPU_S 0.453030 per_call_us 1456.78 extra_bytes=1057280 extra_bpw=0.6722 GB_s 5.58
rank=128 mode=redundant rep=1 iters=317 WALL_S 0.447450 CPU_S 0.440253 per_call_us 1411.52 extra_bytes=1057280 extra_bpw=0.6722 GB_s 5.76
rank=128 mode=redundant rep=2 iters=317 WALL_S 0.452359 CPU_S 0.445403 per_call_us 1427.00 extra_bytes=1057280 extra_bpw=0.6722 GB_s 5.70
rank=128 mode=split rep=0 iters=276 WALL_S 0.393911 CPU_S 0.386442 per_call_us 1427.22 extra_bytes=1057280 extra_bpw=0.6722 GB_s 5.70
rank=128 mode=split rep=1 iters=276 WALL_S 0.394080 CPU_S 0.382513 per_call_us 1427.83 extra_bytes=1057280 extra_bpw=0.6722 GB_s 5.70
rank=128 mode=split rep=2 iters=276 WALL_S 0.398735 CPU_S 0.385129 per_call_us 1444.69 extra_bytes=1057280 extra_bpw=0.6722 GB_s 5.63
N=2048 K=6144 threads=8 regime=cold sets=170 base_bytes=7077888
rank=0 mode=base rep=0 iters=208 WALL_S 0.095182 CPU_S 0.323852 per_call_us 457.61 extra_bytes=0 extra_bpw=0.0000 GB_s 15.47
rank=0 mode=base rep=1 iters=208 WALL_S 0.061570 CPU_S 0.288221 per_call_us 296.01 extra_bytes=0 extra_bpw=0.0000 GB_s 23.91
rank=0 mode=base rep=2 iters=208 WALL_S 0.069151 CPU_S 0.264960 per_call_us 332.46 extra_bytes=0 extra_bpw=0.0000 GB_s 21.29
rank=8 mode=redundant rep=0 iters=198 WALL_S 0.068800 CPU_S 0.260928 per_call_us 347.47 extra_bytes=73760 extra_bpw=0.0469 GB_s 20.58
rank=8 mode=redundant rep=1 iters=198 WALL_S 0.051842 CPU_S 0.251348 per_call_us 261.83 extra_bytes=73760 extra_bpw=0.0469 GB_s 27.31
rank=8 mode=redundant rep=2 iters=198 WALL_S 0.073422 CPU_S 0.252219 per_call_us 370.82 extra_bytes=73760 extra_bpw=0.0469 GB_s 19.29
rank=8 mode=split rep=0 iters=219 WALL_S 0.206422 CPU_S 0.296756 per_call_us 942.57 extra_bytes=73760 extra_bpw=0.0469 GB_s 7.59
rank=8 mode=split rep=1 iters=219 WALL_S 0.110444 CPU_S 0.300463 per_call_us 504.31 extra_bytes=73760 extra_bpw=0.0469 GB_s 14.18
rank=8 mode=split rep=2 iters=219 WALL_S 0.130117 CPU_S 0.299107 per_call_us 594.14 extra_bytes=73760 extra_bpw=0.0469 GB_s 12.04
rank=32 mode=redundant rep=0 iters=229 WALL_S 0.194942 CPU_S 0.355191 per_call_us 851.28 extra_bytes=270464 extra_bpw=0.1720 GB_s 8.63
rank=32 mode=redundant rep=1 iters=229 WALL_S 0.186611 CPU_S 0.343356 per_call_us 814.89 extra_bytes=270464 extra_bpw=0.1720 GB_s 9.02
rank=32 mode=redundant rep=2 iters=229 WALL_S 0.131211 CPU_S 0.342205 per_call_us 572.97 extra_bytes=270464 extra_bpw=0.1720 GB_s 12.82
rank=32 mode=split rep=0 iters=128 WALL_S 0.110741 CPU_S 0.190234 per_call_us 865.16 extra_bytes=270464 extra_bpw=0.1720 GB_s 8.49
rank=32 mode=split rep=1 iters=128 WALL_S 0.096377 CPU_S 0.189428 per_call_us 752.95 extra_bytes=270464 extra_bpw=0.1720 GB_s 9.76
rank=32 mode=split rep=2 iters=128 WALL_S 0.084035 CPU_S 0.187923 per_call_us 656.52 extra_bytes=270464 extra_bpw=0.1720 GB_s 11.19
rank=128 mode=redundant rep=0 iters=135 WALL_S 0.108450 CPU_S 0.335890 per_call_us 803.33 extra_bytes=1057280 extra_bpw=0.6722 GB_s 10.13
rank=128 mode=redundant rep=1 iters=135 WALL_S 0.191305 CPU_S 0.286720 per_call_us 1417.08 extra_bytes=1057280 extra_bpw=0.6722 GB_s 5.74
rank=128 mode=redundant rep=2 iters=135 WALL_S 0.149571 CPU_S 0.299854 per_call_us 1107.93 extra_bytes=1057280 extra_bpw=0.6722 GB_s 7.34
rank=128 mode=split rep=0 iters=156 WALL_S 0.199304 CPU_S 0.261806 per_call_us 1277.59 extra_bytes=1057280 extra_bpw=0.6722 GB_s 6.37
rank=128 mode=split rep=1 iters=156 WALL_S 0.125681 CPU_S 0.258887 per_call_us 805.65 extra_bytes=1057280 extra_bpw=0.6722 GB_s 10.10
rank=128 mode=split rep=2 iters=156 WALL_S 0.101651 CPU_S 0.255716 per_call_us 651.61 extra_bytes=1057280 extra_bpw=0.6722 GB_s 12.48
