# match p   (draft top-1 vs target greedy token, given the true prefix); prompt 13 tokens
0 0.323620
1 0.579625
1 0.900821
1 0.900077
1 0.867190
1 0.905683
1 0.675784
1 0.948302
1 0.998591
1 0.535972
1 0.995117
1 0.991791
1 0.604230
1 0.356373
1 0.972410
1 0.982623
1 0.595705
1 0.170706
1 0.990768
1 0.968125
1 0.718237
1 0.981410
1 0.996183
0 0.346019
0 0.256396
1 0.623938
1 0.727803
1 0.421288
1 0.430418
1 0.744284
1 0.598287
1 0.974583
1 0.975028
1 0.997346
1 0.998555
1 0.520613
1 0.985837
1 0.937910
1 0.435701
0 0.367884
1 0.632505
1 0.702218
0 0.411637
0 0.328294
1 0.546400
1 0.999408
1 0.413501
0 0.356619
0 0.257572
0 0.243528
1 0.921949
1 0.977348
1 0.997753
1 0.478954
0 0.481093
1 0.944870
1 0.999423
1 0.832559
0 0.315367
1 0.441810
1 0.712218
1 0.972815
1 0.978850
1 0.994253
1 0.999479
1 0.931302
1 0.928714
1 0.993364
1 0.994693
1 0.691740
1 0.720274
1 0.932075
0 0.447442
0 0.186490
0 0.363095
1 0.835230
1 0.751544
1 0.977074
0 0.544647
0 0.432529
1 0.998917
0 0.677051
1 0.558272
1 0.994880
1 0.893180
1 0.787627
1 0.956253
1 0.999230
1 0.583321
1 0.883494
0 0.508395
1 0.994627
1 0.981390
1 0.785612
0 0.431574
1 0.999583
1 0.999990
1 0.887735
0 0.779505
1 0.927512
1 0.993031
1 0.998280
1 0.998927
0 0.695013
1 0.975067
1 0.967928
1 0.975824
1 0.999766
1 0.999972
1 0.922555
1 0.576630
1 0.996943
1 0.967131
1 0.997848
1 0.976789
0 0.578793
1 0.998511
1 0.920530
1 0.976427
0 0.707190
0 0.241866
1 0.542184
1 0.937992
1 0.820049
0 0.415821
1 0.453464
1 0.532224
1 0.343114
