# match p   (draft top-1 vs target greedy token, given the true prefix); prompt 13 tokens
0 0.309401
1 0.606605
1 0.906121
1 0.897415
1 0.874125
1 0.910726
1 0.691093
1 0.950387
1 0.998585
1 0.524934
1 0.995177
1 0.990711
1 0.579969
1 0.382775
1 0.971767
1 0.983898
1 0.594036
1 0.169947
1 0.991366
1 0.968862
1 0.721761
1 0.982205
1 0.996294
0 0.354476
0 0.270137
1 0.625020
1 0.748319
1 0.426710
1 0.422671
1 0.745326
1 0.604525
1 0.976413
1 0.976052
1 0.997493
1 0.998537
1 0.543648
1 0.984973
1 0.936443
1 0.419380
0 0.382739
1 0.602837
1 0.713271
0 0.416961
0 0.324686
0 0.541184
0 0.276763
0 0.300862
1 0.882387
1 0.518593
1 0.437217
1 0.986956
1 0.998482
1 0.602801
1 0.793243
0 0.622348
1 0.972672
1 0.998365
0 0.303571
0 0.546384
1 0.868711
1 0.889893
0 0.330931
0 0.431024
1 0.353492
1 0.260448
1 0.327157
1 0.219614
1 0.986819
1 0.730468
1 0.386416
0 0.230481
1 0.959686
1 0.999589
1 0.863158
0 0.528094
1 0.719696
1 0.526081
1 0.956808
1 0.639574
1 0.821620
1 0.776452
1 0.994709
0 0.561171
0 0.603894
1 0.864171
1 0.957140
1 0.995234
0 0.580666
0 0.388626
1 0.957393
1 0.699534
0 0.475959
0 0.257975
1 0.826180
1 0.922375
0 0.475671
0 0.217416
1 0.558576
0 0.408843
1 0.979104
0 0.674377
1 0.298139
0 0.437835
0 0.439172
1 0.250426
1 0.361542
1 0.999867
0 0.259347
0 0.409241
1 0.425482
1 0.996820
1 0.622451
0 0.508650
1 0.415238
0 0.395023
1 0.967563
1 0.885500
0 0.398841
1 0.816849
1 0.950491
1 0.682614
1 0.421935
1 0.888975
0 0.515409
1 0.637103
1 0.539129
1 0.483240
1 0.813302
