== rep 0 v1
packed in 17.1 s
== rep 0 v2
load+run 9.1 s
thread 0 wait attn 0.079 qk 0.139 ffn 0.203 out 0.050 runq 0.0882
thread 1 wait attn 0.074 qk 0.152 ffn 0.213 out 0.037 runq 0.0834
thread 2 wait attn 0.074 qk 0.158 ffn 0.194 out 0.047 runq 0.0750
thread 3 wait attn 0.080 qk 0.128 ffn 0.193 out 0.042 runq 0.1066
thread 4 wait attn 0.063 qk 0.161 ffn 0.206 out 0.027 runq 0.1639
thread 5 wait attn 0.080 qk 0.148 ffn 0.199 out 0.046 runq 0.0650
thread 6 wait attn 0.081 qk 0.161 ffn 0.199 out 0.045 runq 0.0855
thread 7 wait attn 0.074 qk 0.146 ffn 0.201 out 0.045 runq 0.0899
== rep 0 v2_nopin
load+run 15.5 s
== rep 0 lc_amx
== rep 0 lc_plain
== rep 0 lc_amx_pin
== rep 0 lc_plain_pin
== rep 1 v1
packed in 10.4 s
== rep 1 v2
load+run 5.2 s
thread 0 wait attn 0.064 qk 0.203 ffn 0.185 out 0.013 runq 0.0641
thread 1 wait attn 0.058 qk 0.210 ffn 0.189 out 0.013 runq 0.0643
thread 2 wait attn 0.073 qk 0.202 ffn 0.151 out 0.013 runq 0.0937
thread 3 wait attn 0.061 qk 0.196 ffn 0.187 out 0.015 runq 0.0752
thread 4 wait attn 0.064 qk 0.171 ffn 0.183 out 0.014 runq 0.0911
thread 5 wait attn 0.079 qk 0.154 ffn 0.163 out 0.013 runq 0.1870
thread 6 wait attn 0.066 qk 0.180 ffn 0.184 out 0.014 runq 0.0952
thread 7 wait attn 0.063 qk 0.178 ffn 0.178 out 0.010 runq 0.1192
== rep 1 v2_nopin
load+run 14.4 s
== rep 1 lc_amx
== rep 1 lc_plain
== rep 1 lc_amx_pin
== rep 1 lc_plain_pin
== rep 2 v1
packed in 10.4 s
== rep 2 v2
load+run 5.7 s
thread 0 wait attn 0.057 qk 0.167 ffn 0.303 out 0.016 runq 0.0506
thread 1 wait attn 0.056 qk 0.156 ffn 0.309 out 0.014 runq 0.0642
thread 2 wait attn 0.054 qk 0.153 ffn 0.294 out 0.019 runq 0.0680
thread 3 wait attn 0.056 qk 0.147 ffn 0.292 out 0.015 runq 0.0772
thread 4 wait attn 0.051 qk 0.157 ffn 0.290 out 0.017 runq 0.1000
thread 5 wait attn 0.061 qk 0.172 ffn 0.225 out 0.027 runq 0.0898
thread 6 wait attn 0.057 qk 0.154 ffn 0.281 out 0.017 runq 0.0889
thread 7 wait attn 0.056 qk 0.155 ffn 0.291 out 0.019 runq 0.0654
== rep 2 v2_nopin
load+run 11.5 s
== rep 2 lc_amx
== rep 2 lc_plain
== rep 2 lc_amx_pin
== rep 2 lc_plain_pin
== rep 0 v1
packed in 27.0 s
== rep 0 v2
load+run 35.2 s
thread 0 wait attn 0.009 qk 0.017 ffn 0.149 out 0.001 runq 0.0001
thread 1 wait attn 0.006 qk 0.012 ffn 0.135 out 0.001 runq 0.0002
thread 2 wait attn 0.009 qk 0.014 ffn 0.145 out 0.002 runq 0.0001
thread 3 wait attn 0.007 qk 0.011 ffn 0.135 out 0.003 runq 0.0007
thread 4 wait attn 0.008 qk 0.012 ffn 0.134 out 0.002 runq 0.0001
thread 5 wait attn 0.008 qk 0.013 ffn 0.134 out 0.002 runq 0.0000
thread 6 wait attn 0.007 qk 0.012 ffn 0.127 out 0.005 runq 0.0000
thread 7 wait attn 0.006 qk 0.008 ffn 0.098 out 0.000 runq 0.0001
== rep 0 v2_nopin
load+run 42.8 s
== rep 0 lc_amx
== rep 0 lc_plain
== rep 0 lc_amx_pin
== rep 0 lc_plain_pin
== rep 1 v1
packed in 12.3 s
== rep 1 v2
load+run 33.3 s
thread 0 wait attn 0.017 qk 0.045 ffn 0.429 out 0.016 runq 0.0001
thread 1 wait attn 0.006 qk 0.020 ffn 0.426 out 0.003 runq 0.0005
thread 2 wait attn 0.007 qk 0.020 ffn 0.428 out 0.003 runq 0.0001
thread 3 wait attn 0.005 qk 0.017 ffn 0.402 out 0.001 runq 0.0009
thread 4 wait attn 0.006 qk 0.016 ffn 0.403 out 0.003 runq 0.0010
thread 5 wait attn 0.013 qk 0.038 ffn 0.377 out 0.014 runq 0.0006
thread 6 wait attn 0.005 qk 0.013 ffn 0.402 out 0.003 runq 0.0005
thread 7 wait attn 0.006 qk 0.020 ffn 0.403 out 0.002 runq 0.0014
== rep 1 v2_nopin
load+run 41.8 s
== rep 1 lc_amx
== rep 1 lc_plain
== rep 1 lc_amx_pin
== rep 1 lc_plain_pin
== rep 2 v1
packed in 10.4 s
== rep 2 v2
load+run 17.2 s
thread 0 wait attn 0.003 qk 0.006 ffn 0.281 out 0.000 runq 0.0001
thread 1 wait attn 0.004 qk 0.009 ffn 0.267 out 0.004 runq 0.0001
thread 2 wait attn 0.014 qk 0.021 ffn 0.258 out 0.017 runq 0.0000
thread 3 wait attn 0.004 qk 0.009 ffn 0.254 out 0.004 runq 0.0018
thread 4 wait attn 0.011 qk 0.016 ffn 0.247 out 0.016 runq 0.0008
thread 5 wait attn 0.003 qk 0.005 ffn 0.237 out 0.001 runq 0.0005
thread 6 wait attn 0.004 qk 0.008 ffn 0.234 out 0.002 runq 0.0004
thread 7 wait attn 0.012 qk 0.016 ffn 0.250 out 0.017 runq 0.0018
== rep 2 v2_nopin
load+run 33.5 s
== rep 2 lc_amx
== rep 2 lc_plain
== rep 2 lc_amx_pin
== rep 2 lc_plain_pin
