# suite decode: 8 cases, reps 3, threads 8, load 22.33
0 decode-1.7B-d512         kurn-f16               37.1 us     113.1 GFLOP/s    57.0 GB/s  relerr 7.0e-07 ok (0.6s)
0 decode-1.7B-d512         kurn-q8_0              39.7 us     105.6 GFLOP/s    28.4 GB/s  relerr 8.1e-07 ok (2.2s)
0 decode-1.7B-d512         ggml-fa-f16            85.9 us      48.8 GFLOP/s    24.6 GB/s  relerr 8.5e-04 ok (0.7s)
0 decode-1.7B-d512         ggml-fa-q8_0          179.7 us      23.4 GFLOP/s     6.3 GB/s  relerr 1.2e-02 ok (0.6s)
0 decode-1.7B-d512         ggml-nofa-f16          96.9 us      43.3 GFLOP/s    21.8 GB/s  relerr 4.0e-04 ok (0.7s)
0 decode-1.7B-d2048        kurn-f16              160.6 us     104.5 GFLOP/s    52.4 GB/s  relerr 3.5e-07 ok (1.0s)
0 decode-1.7B-d2048        kurn-q8_0              63.5 us     264.3 GFLOP/s    70.5 GB/s  relerr 3.9e-07 ok (0.8s)
0 decode-1.7B-d2048        ggml-fa-f16           899.5 us      18.6 GFLOP/s     9.3 GB/s  relerr 8.1e-04 ok (1.0s)
0 decode-1.7B-d2048        ggml-fa-q8_0         1338.9 us      12.5 GFLOP/s     3.3 GB/s  relerr 7.5e-03 ok (0.9s)
0 decode-1.7B-d2048        ggml-nofa-f16         674.7 us      24.9 GFLOP/s    12.5 GB/s  relerr 3.3e-04 ok (1.2s)
0 decode-1.7B-d8192        kurn-f16              523.2 us     128.3 GFLOP/s    64.2 GB/s  relerr 7.5e-07 ok (1.5s)
0 decode-1.7B-d8192        kurn-q8_0             508.8 us     131.9 GFLOP/s    35.1 GB/s  relerr 1.1e-06 ok (1.5s)
0 decode-1.7B-d8192        ggml-fa-f16          4640.6 us      14.5 GFLOP/s     7.2 GB/s  relerr 2.1e-03 ok (1.7s)
0 decode-1.7B-d8192        ggml-fa-q8_0         2812.1 us      23.9 GFLOP/s     6.3 GB/s  relerr 1.1e-02 ok (1.6s)
0 decode-1.7B-d8192        ggml-nofa-f16        1927.4 us      34.8 GFLOP/s    17.4 GB/s  relerr 5.7e-04 ok (1.6s)
0 decode-1.7B-d32768       kurn-f16             1794.1 us     149.6 GFLOP/s    74.8 GB/s  relerr 1.2e-06 ok (3.0s)
0 decode-1.7B-d32768       kurn-q8_0            1083.1 us     247.8 GFLOP/s    65.8 GB/s  relerr 1.3e-06 ok (3.2s)
0 decode-1.7B-d32768       ggml-fa-f16         13765.2 us      19.5 GFLOP/s     9.8 GB/s  relerr 2.1e-03 ok (3.9s)
0 decode-1.7B-d32768       ggml-fa-q8_0        12723.1 us      21.1 GFLOP/s     5.6 GB/s  relerr 1.4e-02 ok (3.5s)
0 decode-1.7B-d32768       ggml-nofa-f16        7781.9 us      34.5 GFLOP/s    17.2 GB/s  relerr 4.0e-04 ok (4.2s)
0 decode-8B-d512           kurn-f16               68.5 us     122.4 GFLOP/s    31.1 GB/s  relerr 5.0e-07 ok (0.7s)
0 decode-8B-d512           kurn-q8_0              77.6 us     108.1 GFLOP/s    14.8 GB/s  relerr 7.6e-07 ok (0.6s)
0 decode-8B-d512           ggml-fa-f16           245.9 us      34.1 GFLOP/s     8.7 GB/s  relerr 1.1e-03 ok (0.7s)
0 decode-8B-d512           ggml-fa-q8_0          391.8 us      21.4 GFLOP/s     2.9 GB/s  relerr 1.2e-02 ok (0.6s)
0 decode-8B-d512           ggml-nofa-f16         148.9 us      56.4 GFLOP/s    14.3 GB/s  relerr 3.5e-04 ok (0.7s)
0 decode-8B-d2048          kurn-f16              207.1 us     162.0 GFLOP/s    40.7 GB/s  relerr 4.5e-07 ok (1.1s)
0 decode-8B-d2048          kurn-q8_0             169.7 us     197.8 GFLOP/s    26.5 GB/s  relerr 4.6e-07 ok (0.9s)
0 decode-8B-d2048          ggml-fa-f16          1047.8 us      32.0 GFLOP/s     8.0 GB/s  relerr 2.7e-03 ok (1.2s)
0 decode-8B-d2048          ggml-fa-q8_0         2238.5 us      15.0 GFLOP/s     2.0 GB/s  relerr 1.5e-02 ok (1.1s)
0 decode-8B-d2048          ggml-nofa-f16        6267.2 us       5.3 GFLOP/s     1.3 GB/s  relerr 5.3e-04 ok (2.1s)
0 decode-8B-d8192          kurn-f16             6409.7 us      20.9 GFLOP/s     5.2 GB/s  relerr 7.3e-07 ok (1.7s)
0 decode-8B-d8192          kurn-q8_0            4581.9 us      29.3 GFLOP/s     3.9 GB/s  relerr 9.2e-07 ok (2.0s)
0 decode-8B-d8192          ggml-fa-f16         14850.0 us       9.0 GFLOP/s     2.3 GB/s  relerr 1.3e-03 ok (2.4s)
0 decode-8B-d8192          ggml-fa-q8_0        15746.7 us       8.5 GFLOP/s     1.1 GB/s  relerr 7.8e-03 ok (3.7s)
0 decode-8B-d8192          ggml-nofa-f16       18338.4 us       7.3 GFLOP/s     1.8 GB/s  relerr 4.9e-04 ok (2.7s)
0 decode-8B-d32768         kurn-f16             8010.3 us      67.0 GFLOP/s    16.8 GB/s  relerr 1.3e-06 ok (3.9s)
0 decode-8B-d32768         kurn-q8_0            7005.7 us      76.6 GFLOP/s    10.2 GB/s  relerr 8.3e-07 ok (4.1s)
0 decode-8B-d32768         ggml-fa-f16         43859.2 us      12.2 GFLOP/s     3.1 GB/s  relerr 2.0e-03 ok (5.5s)
0 decode-8B-d32768         ggml-fa-q8_0        32322.6 us      16.6 GFLOP/s     2.2 GB/s  relerr 1.4e-02 ok (6.4s)
0 decode-8B-d32768         ggml-nofa-f16       33208.6 us      16.2 GFLOP/s     4.0 GB/s  relerr 3.8e-04 ok (6.9s)
1 decode-1.7B-d512         kurn-f16              997.3 us       4.2 GFLOP/s     2.1 GB/s  relerr 7.0e-07 ok (1.0s)
1 decode-1.7B-d512         kurn-q8_0            1797.2 us       2.3 GFLOP/s     0.6 GB/s  relerr 8.1e-07 ok (0.7s)
1 decode-1.7B-d512         ggml-fa-f16          3908.1 us       1.1 GFLOP/s     0.5 GB/s  relerr 8.5e-04 ok (1.2s)
1 decode-1.7B-d512         ggml-fa-q8_0         2159.8 us       1.9 GFLOP/s     0.5 GB/s  relerr 1.2e-02 ok (1.2s)
1 decode-1.7B-d512         ggml-nofa-f16        2115.0 us       2.0 GFLOP/s     1.0 GB/s  relerr 4.0e-04 ok (0.9s)
1 decode-1.7B-d2048        kurn-f16             3623.8 us       4.6 GFLOP/s     2.3 GB/s  relerr 3.5e-07 ok (1.1s)
1 decode-1.7B-d2048        kurn-q8_0            1963.1 us       8.6 GFLOP/s     2.3 GB/s  relerr 3.9e-07 ok (1.1s)
1 decode-1.7B-d2048        ggml-fa-f16          8002.0 us       2.1 GFLOP/s     1.1 GB/s  relerr 8.1e-04 ok (2.1s)
1 decode-1.7B-d2048        ggml-fa-q8_0         8169.2 us       2.0 GFLOP/s     0.6 GB/s  relerr 7.5e-03 ok (2.0s)
1 decode-1.7B-d2048        ggml-nofa-f16         879.9 us      19.1 GFLOP/s     9.6 GB/s  relerr 3.3e-04 ok (1.3s)
1 decode-1.7B-d8192        kurn-f16              660.5 us     101.6 GFLOP/s    50.8 GB/s  relerr 7.5e-07 ok (1.5s)
1 decode-1.7B-d8192        kurn-q8_0             333.7 us     201.1 GFLOP/s    53.5 GB/s  relerr 1.1e-06 ok (1.5s)
1 decode-1.7B-d8192        ggml-fa-f16          3880.6 us      17.3 GFLOP/s     8.7 GB/s  relerr 2.1e-03 ok (1.7s)
1 decode-1.7B-d8192        ggml-fa-q8_0         6576.5 us      10.2 GFLOP/s     2.7 GB/s  relerr 1.1e-02 ok (1.7s)
1 decode-1.7B-d8192        ggml-nofa-f16        2224.1 us      30.2 GFLOP/s    15.1 GB/s  relerr 5.7e-04 ok (1.7s)
1 decode-1.7B-d32768       kurn-f16             2025.2 us     132.6 GFLOP/s    66.3 GB/s  relerr 1.2e-06 ok (3.1s)
1 decode-1.7B-d32768       kurn-q8_0            1312.7 us     204.5 GFLOP/s    54.3 GB/s  relerr 1.3e-06 ok (3.1s)
1 decode-1.7B-d32768       ggml-fa-f16         15154.9 us      17.7 GFLOP/s     8.9 GB/s  relerr 2.1e-03 ok (3.6s)
1 decode-1.7B-d32768       ggml-fa-q8_0        12501.2 us      21.5 GFLOP/s     5.7 GB/s  relerr 1.4e-02 ok (3.8s)
1 decode-1.7B-d32768       ggml-nofa-f16        5945.0 us      45.1 GFLOP/s    22.6 GB/s  relerr 4.0e-04 ok (4.1s)
1 decode-8B-d512           kurn-f16               43.7 us     191.8 GFLOP/s    48.7 GB/s  relerr 5.0e-07 ok (0.7s)
1 decode-8B-d512           kurn-q8_0              43.9 us     190.9 GFLOP/s    26.1 GB/s  relerr 7.6e-07 ok (0.6s)
1 decode-8B-d512           ggml-fa-f16           140.7 us      59.6 GFLOP/s    15.1 GB/s  relerr 1.1e-03 ok (0.7s)
1 decode-8B-d512           ggml-fa-q8_0          254.6 us      33.0 GFLOP/s     4.5 GB/s  relerr 1.2e-02 ok (0.6s)
1 decode-8B-d512           ggml-nofa-f16         130.9 us      64.1 GFLOP/s    16.3 GB/s  relerr 3.5e-04 ok (0.7s)
1 decode-8B-d2048          kurn-f16              231.4 us     145.0 GFLOP/s    36.4 GB/s  relerr 4.5e-07 ok (0.9s)
1 decode-8B-d2048          kurn-q8_0             217.0 us     154.7 GFLOP/s    20.7 GB/s  relerr 4.6e-07 ok (0.8s)
1 decode-8B-d2048          ggml-fa-f16          1119.4 us      30.0 GFLOP/s     7.5 GB/s  relerr 2.7e-03 ok (1.1s)
1 decode-8B-d2048          ggml-fa-q8_0         1584.8 us      21.2 GFLOP/s     2.8 GB/s  relerr 1.5e-02 ok (1.0s)
1 decode-8B-d2048          ggml-nofa-f16         568.7 us      59.0 GFLOP/s    14.8 GB/s  relerr 5.3e-04 ok (1.1s)
1 decode-8B-d8192          kurn-f16              695.5 us     193.0 GFLOP/s    48.3 GB/s  relerr 7.3e-07 ok (1.5s)
1 decode-8B-d8192          kurn-q8_0             592.5 us     226.5 GFLOP/s    30.1 GB/s  relerr 9.2e-07 ok (1.6s)
1 decode-8B-d8192          ggml-fa-f16          5598.3 us      24.0 GFLOP/s     6.0 GB/s  relerr 1.3e-03 ok (1.7s)
1 decode-8B-d8192          ggml-fa-q8_0         5163.0 us      26.0 GFLOP/s     3.5 GB/s  relerr 7.8e-03 ok (1.9s)
1 decode-8B-d8192          ggml-nofa-f16        1951.5 us      68.8 GFLOP/s    17.2 GB/s  relerr 4.9e-04 ok (1.7s)
1 decode-8B-d32768         kurn-f16             2080.3 us     258.1 GFLOP/s    64.5 GB/s  relerr 1.3e-06 ok (3.7s)
1 decode-8B-d32768         kurn-q8_0            1872.5 us     286.7 GFLOP/s    38.1 GB/s  relerr 8.3e-07 ok (3.7s)
1 decode-8B-d32768         ggml-fa-f16         19211.6 us      27.9 GFLOP/s     7.0 GB/s  relerr 2.0e-03 ok (4.2s)
1 decode-8B-d32768         ggml-fa-q8_0        18433.0 us      29.1 GFLOP/s     3.9 GB/s  relerr 1.4e-02 ok (4.4s)
1 decode-8B-d32768         ggml-nofa-f16       10171.6 us      52.8 GFLOP/s    13.2 GB/s  relerr 3.8e-04 ok (5.1s)
2 decode-1.7B-d512         kurn-f16               45.5 us      92.3 GFLOP/s    46.5 GB/s  relerr 7.0e-07 ok (0.7s)
2 decode-1.7B-d512         kurn-q8_0              42.2 us      99.5 GFLOP/s    26.8 GB/s  relerr 8.1e-07 ok (0.6s)
2 decode-1.7B-d512         ggml-fa-f16            98.0 us      42.8 GFLOP/s    21.6 GB/s  relerr 8.5e-04 ok (0.7s)
2 decode-1.7B-d512         ggml-fa-q8_0          150.7 us      27.8 GFLOP/s     7.5 GB/s  relerr 1.2e-02 ok (0.6s)
2 decode-1.7B-d512         ggml-nofa-f16          62.8 us      66.8 GFLOP/s    33.7 GB/s  relerr 4.0e-04 ok (0.6s)
2 decode-1.7B-d2048        kurn-f16              155.3 us     108.0 GFLOP/s    54.1 GB/s  relerr 3.5e-07 ok (0.9s)
2 decode-1.7B-d2048        kurn-q8_0             122.0 us     137.5 GFLOP/s    36.7 GB/s  relerr 3.9e-07 ok (0.8s)
2 decode-1.7B-d2048        ggml-fa-f16           629.7 us      26.6 GFLOP/s    13.3 GB/s  relerr 8.1e-04 ok (1.1s)
2 decode-1.7B-d2048        ggml-fa-q8_0          945.3 us      17.8 GFLOP/s     4.7 GB/s  relerr 7.5e-03 ok (1.0s)
2 decode-1.7B-d2048        ggml-nofa-f16         354.4 us      47.3 GFLOP/s    23.7 GB/s  relerr 3.3e-04 ok (1.0s)
2 decode-1.7B-d8192        kurn-f16              534.3 us     125.6 GFLOP/s    62.8 GB/s  relerr 7.5e-07 ok (1.4s)
2 decode-1.7B-d8192        kurn-q8_0             287.4 us     233.5 GFLOP/s    62.1 GB/s  relerr 1.1e-06 ok (1.4s)
2 decode-1.7B-d8192        ggml-fa-f16          4715.4 us      14.2 GFLOP/s     7.1 GB/s  relerr 2.1e-03 ok (1.6s)
2 decode-1.7B-d8192        ggml-fa-q8_0         3631.1 us      18.5 GFLOP/s     4.9 GB/s  relerr 1.1e-02 ok (1.8s)
2 decode-1.7B-d8192        ggml-nofa-f16        1237.2 us      54.2 GFLOP/s    27.1 GB/s  relerr 5.7e-04 ok (1.5s)
2 decode-1.7B-d32768       kurn-f16             1459.7 us     183.9 GFLOP/s    92.0 GB/s  relerr 1.2e-06 ok (3.0s)
2 decode-1.7B-d32768       kurn-q8_0            1015.3 us     264.4 GFLOP/s    70.2 GB/s  relerr 1.3e-06 ok (3.1s)
2 decode-1.7B-d32768       ggml-fa-f16         15871.1 us      16.9 GFLOP/s     8.5 GB/s  relerr 2.1e-03 ok (3.9s)
2 decode-1.7B-d32768       ggml-fa-q8_0        11917.6 us      22.5 GFLOP/s     6.0 GB/s  relerr 1.4e-02 ok (3.7s)
2 decode-1.7B-d32768       ggml-nofa-f16        5994.7 us      44.8 GFLOP/s    22.4 GB/s  relerr 4.0e-04 ok (3.6s)
2 decode-8B-d512           kurn-f16               39.1 us     214.8 GFLOP/s    54.5 GB/s  relerr 5.0e-07 ok (0.6s)
2 decode-8B-d512           kurn-q8_0              45.8 us     183.1 GFLOP/s    25.0 GB/s  relerr 7.6e-07 ok (0.6s)
2 decode-8B-d512           ggml-fa-f16           139.0 us      60.4 GFLOP/s    15.3 GB/s  relerr 1.1e-03 ok (0.7s)
2 decode-8B-d512           ggml-fa-q8_0          171.4 us      48.9 GFLOP/s     6.7 GB/s  relerr 1.2e-02 ok (0.6s)
2 decode-8B-d512           ggml-nofa-f16         115.6 us      72.5 GFLOP/s    18.4 GB/s  relerr 3.5e-04 ok (0.6s)
2 decode-8B-d2048          kurn-f16              172.6 us     194.4 GFLOP/s    48.8 GB/s  relerr 4.5e-07 ok (0.9s)
2 decode-8B-d2048          kurn-q8_0             133.6 us     251.2 GFLOP/s    33.6 GB/s  relerr 4.6e-07 ok (0.8s)
2 decode-8B-d2048          ggml-fa-f16           739.7 us      45.4 GFLOP/s    11.4 GB/s  relerr 2.7e-03 ok (1.1s)
2 decode-8B-d2048          ggml-fa-q8_0          883.9 us      38.0 GFLOP/s     5.1 GB/s  relerr 1.5e-02 ok (0.9s)
2 decode-8B-d2048          ggml-nofa-f16         752.5 us      44.6 GFLOP/s    11.2 GB/s  relerr 5.3e-04 ok (1.1s)
2 decode-8B-d8192          kurn-f16              628.7 us     213.5 GFLOP/s    53.4 GB/s  relerr 7.3e-07 ok (1.6s)
2 decode-8B-d8192          kurn-q8_0             327.5 us     409.9 GFLOP/s    54.5 GB/s  relerr 9.2e-07 ok (1.6s)
2 decode-8B-d8192          ggml-fa-f16          5021.2 us      26.7 GFLOP/s     6.7 GB/s  relerr 1.3e-03 ok (1.8s)
2 decode-8B-d8192          ggml-fa-q8_0         4203.6 us      31.9 GFLOP/s     4.2 GB/s  relerr 7.8e-03 ok (1.8s)
2 decode-8B-d8192          ggml-nofa-f16        2657.7 us      50.5 GFLOP/s    12.6 GB/s  relerr 4.9e-04 ok (1.7s)
2 decode-8B-d32768         kurn-f16             2114.7 us     253.9 GFLOP/s    63.5 GB/s  relerr 1.3e-06 ok (3.4s)
2 decode-8B-d32768         kurn-q8_0            1702.3 us     315.4 GFLOP/s    41.9 GB/s  relerr 8.3e-07 ok (3.4s)
2 decode-8B-d32768         ggml-fa-f16         20936.6 us      25.6 GFLOP/s     6.4 GB/s  relerr 2.0e-03 ok (4.0s)
2 decode-8B-d32768         ggml-fa-q8_0        16355.2 us      32.8 GFLOP/s     4.4 GB/s  relerr 1.4e-02 ok (4.5s)
2 decode-8B-d32768         ggml-nofa-f16        9380.8 us      57.2 GFLOP/s    14.3 GB/s  relerr 3.8e-04 ok (4.2s)
# wrote /path/to/kurn/benchmarks/v0.2/attn/results/decode.csv
