# suite mla: 9 cases, reps 3, threads 8, load 37.57
0 decode-mla-h16-d2048     kurn-mla-amx-f16      249.9 us     285.3 GFLOP/s     9.7 GB/s  relerr 4.3e-03 ok (2.5s)
0 decode-mla-h16-d2048     kurn-mla-fma-f16      561.9 us     126.9 GFLOP/s     4.3 GB/s  relerr 1.9e-06 ok (0.8s)
0 decode-mla-h16-d2048     ggml-mla-fa-f16       500.4 us     142.5 GFLOP/s     4.8 GB/s  relerr 1.2e-03 ok (0.8s)
0 decode-mla-h128-d2048    kurn-mla-amx-f16      748.7 us     761.9 GFLOP/s     3.9 GB/s  relerr 6.1e-03 ok (1.3s)
0 decode-mla-h128-d2048    kurn-mla-fma-f16     1567.7 us     363.9 GFLOP/s     1.9 GB/s  relerr 3.4e-06 ok (1.3s)
0 decode-mla-h128-d2048    ggml-mla-fa-f16      4690.4 us     121.6 GFLOP/s     0.6 GB/s  relerr 1.2e-03 ok (1.2s)
0 decode-gqa-1.7B-d2048    kurn-f16              238.7 us      70.3 GFLOP/s    35.2 GB/s  relerr 3.5e-07 ok (1.0s)
0 decode-gqa-1.7B-d2048    ggml-fa-f16           831.3 us      20.2 GFLOP/s    10.1 GB/s  relerr 8.1e-04 ok (1.1s)
0 decode-mla-h16-d8192     kurn-mla-amx-f16      838.8 us     340.0 GFLOP/s    11.3 GB/s  relerr 1.2e-02 FAIL (1.4s)
0 decode-mla-h16-d8192     kurn-mla-fma-f16      788.0 us     362.0 GFLOP/s    12.1 GB/s  relerr 5.6e-06 ok (1.4s)
0 decode-mla-h16-d8192     ggml-mla-fa-f16      2236.2 us     127.5 GFLOP/s     4.2 GB/s  relerr 2.7e-03 ok (1.7s)
0 decode-mla-h128-d8192    kurn-mla-amx-f16     1056.0 us    2160.8 GFLOP/s     9.5 GB/s  relerr 6.0e-03 ok (4.0s)
0 decode-mla-h128-d8192    kurn-mla-fma-f16     3093.9 us     737.5 GFLOP/s     3.2 GB/s  relerr 4.1e-06 ok (3.9s)
0 decode-mla-h128-d8192    ggml-mla-fa-f16     15172.9 us     150.4 GFLOP/s     0.7 GB/s  relerr 1.9e-03 ok (5.2s)
0 decode-gqa-1.7B-d8192    kurn-f16              480.4 us     139.7 GFLOP/s    69.9 GB/s  relerr 7.5e-07 ok (1.4s)
0 decode-gqa-1.7B-d8192    ggml-fa-f16          5329.0 us      12.6 GFLOP/s     6.3 GB/s  relerr 2.1e-03 ok (1.6s)
0 decode-mla-h16-d32768    kurn-mla-amx-f16     1859.2 us     613.6 GFLOP/s    20.3 GB/s  relerr 3.6e-03 ok (3.6s)
0 decode-mla-h16-d32768    kurn-mla-fma-f16     2898.1 us     393.6 GFLOP/s    13.1 GB/s  relerr 3.0e-06 ok (3.4s)
0 decode-mla-h16-d32768    ggml-mla-fa-f16     11622.4 us      98.2 GFLOP/s     3.2 GB/s  relerr 5.1e-03 ok (3.7s)
0 decode-mla-h128-d32768   kurn-mla-amx-f16     2812.5 us    3245.1 GFLOP/s    13.6 GB/s  relerr 9.3e-03 ok (18.3s)
0 decode-mla-h128-d32768   kurn-mla-fma-f16     9488.8 us     961.9 GFLOP/s     4.0 GB/s  relerr 5.3e-06 ok (17.8s)
0 decode-mla-h128-d32768   ggml-mla-fa-f16     57378.9 us     159.1 GFLOP/s     0.7 GB/s  relerr 4.7e-03 ok (16.2s)
0 decode-gqa-1.7B-d32768   kurn-f16             1936.1 us     138.6 GFLOP/s    69.3 GB/s  relerr 1.2e-06 ok (3.0s)
0 decode-gqa-1.7B-d32768   ggml-fa-f16         18019.8 us      14.9 GFLOP/s     7.5 GB/s  relerr 2.1e-03 ok (3.7s)
1 decode-mla-h16-d2048     kurn-mla-amx-f16      158.1 us     451.1 GFLOP/s    15.4 GB/s  relerr 4.3e-03 ok (0.7s)
1 decode-mla-h16-d2048     kurn-mla-fma-f16      572.9 us     124.5 GFLOP/s     4.2 GB/s  relerr 1.9e-06 ok (0.7s)
1 decode-mla-h16-d2048     ggml-mla-fa-f16       986.5 us      72.3 GFLOP/s     2.5 GB/s  relerr 1.2e-03 ok (0.9s)
1 decode-mla-h128-d2048    kurn-mla-amx-f16      476.0 us    1198.3 GFLOP/s     6.1 GB/s  relerr 6.1e-03 ok (1.4s)
1 decode-mla-h128-d2048    kurn-mla-fma-f16     1551.1 us     367.8 GFLOP/s     1.9 GB/s  relerr 3.4e-06 ok (1.4s)
1 decode-mla-h128-d2048    ggml-mla-fa-f16      4197.9 us     135.9 GFLOP/s     0.7 GB/s  relerr 1.2e-03 ok (1.3s)
1 decode-gqa-1.7B-d2048    kurn-f16              156.0 us     107.5 GFLOP/s    53.9 GB/s  relerr 3.5e-07 ok (0.9s)
1 decode-gqa-1.7B-d2048    ggml-fa-f16           937.6 us      17.9 GFLOP/s     9.0 GB/s  relerr 8.1e-04 ok (1.0s)
1 decode-mla-h16-d8192     kurn-mla-amx-f16      642.9 us     443.6 GFLOP/s    14.8 GB/s  relerr 1.2e-02 FAIL (1.5s)
1 decode-mla-h16-d8192     kurn-mla-fma-f16     1055.3 us     270.3 GFLOP/s     9.0 GB/s  relerr 5.6e-06 ok (1.5s)
1 decode-mla-h16-d8192     ggml-mla-fa-f16      2671.2 us     106.8 GFLOP/s     3.6 GB/s  relerr 2.7e-03 ok (1.7s)
1 decode-mla-h128-d8192    kurn-mla-amx-f16     1446.8 us    1577.0 GFLOP/s     6.9 GB/s  relerr 6.0e-03 ok (3.8s)
1 decode-mla-h128-d8192    kurn-mla-fma-f16     2180.4 us    1046.5 GFLOP/s     4.6 GB/s  relerr 4.1e-06 ok (4.0s)
1 decode-mla-h128-d8192    ggml-mla-fa-f16     15865.1 us     143.8 GFLOP/s     0.6 GB/s  relerr 1.9e-03 ok (6.0s)
1 decode-gqa-1.7B-d8192    kurn-f16              650.4 us     103.2 GFLOP/s    51.6 GB/s  relerr 7.5e-07 ok (1.4s)
1 decode-gqa-1.7B-d8192    ggml-fa-f16          3987.9 us      16.8 GFLOP/s     8.4 GB/s  relerr 2.1e-03 ok (1.7s)
1 decode-mla-h16-d32768    kurn-mla-amx-f16     2232.1 us     511.1 GFLOP/s    16.9 GB/s  relerr 3.6e-03 ok (3.5s)
1 decode-mla-h16-d32768    kurn-mla-fma-f16     3280.1 us     347.8 GFLOP/s    11.5 GB/s  relerr 3.0e-06 ok (4.2s)
1 decode-mla-h16-d32768    ggml-mla-fa-f16     12304.6 us      92.7 GFLOP/s     3.1 GB/s  relerr 5.1e-03 ok (3.8s)
1 decode-mla-h128-d32768   kurn-mla-amx-f16     3695.0 us    2470.0 GFLOP/s    10.4 GB/s  relerr 9.3e-03 ok (16.3s)
1 decode-mla-h128-d32768   kurn-mla-fma-f16     9060.7 us    1007.3 GFLOP/s     4.2 GB/s  relerr 5.3e-06 ok (18.8s)
1 decode-mla-h128-d32768   ggml-mla-fa-f16     56148.7 us     162.6 GFLOP/s     0.7 GB/s  relerr 4.7e-03 ok (15.9s)
1 decode-gqa-1.7B-d32768   kurn-f16             2045.9 us     131.2 GFLOP/s    65.6 GB/s  relerr 1.2e-06 ok (2.9s)
1 decode-gqa-1.7B-d32768   ggml-fa-f16         19325.0 us      13.9 GFLOP/s     7.0 GB/s  relerr 2.1e-03 ok (3.7s)
2 decode-mla-h16-d2048     kurn-mla-amx-f16      133.0 us     536.3 GFLOP/s    18.3 GB/s  relerr 4.3e-03 ok (0.7s)
2 decode-mla-h16-d2048     kurn-mla-fma-f16      467.8 us     152.4 GFLOP/s     5.2 GB/s  relerr 1.9e-06 ok (0.7s)
2 decode-mla-h16-d2048     ggml-mla-fa-f16       803.3 us      88.8 GFLOP/s     3.0 GB/s  relerr 1.2e-03 ok (0.7s)
2 decode-mla-h128-d2048    kurn-mla-amx-f16      505.6 us    1128.1 GFLOP/s     5.8 GB/s  relerr 6.1e-03 ok (1.3s)
2 decode-mla-h128-d2048    kurn-mla-fma-f16     1492.0 us     382.3 GFLOP/s     1.9 GB/s  relerr 3.4e-06 ok (1.3s)
2 decode-mla-h128-d2048    ggml-mla-fa-f16      4868.5 us     117.2 GFLOP/s     0.6 GB/s  relerr 1.2e-03 ok (1.3s)
2 decode-gqa-1.7B-d2048    kurn-f16              136.5 us     122.9 GFLOP/s    61.6 GB/s  relerr 3.5e-07 ok (0.9s)
2 decode-gqa-1.7B-d2048    ggml-fa-f16          1050.9 us      16.0 GFLOP/s     8.0 GB/s  relerr 8.1e-04 ok (1.0s)
2 decode-mla-h16-d8192     kurn-mla-amx-f16      581.7 us     490.3 GFLOP/s    16.3 GB/s  relerr 1.2e-02 FAIL (1.4s)
2 decode-mla-h16-d8192     kurn-mla-fma-f16     1104.2 us     258.3 GFLOP/s     8.6 GB/s  relerr 5.6e-06 ok (1.4s)
2 decode-mla-h16-d8192     ggml-mla-fa-f16      2824.9 us     101.0 GFLOP/s     3.4 GB/s  relerr 2.7e-03 ok (1.5s)
2 decode-mla-h128-d8192    kurn-mla-amx-f16     1558.5 us    1464.1 GFLOP/s     6.4 GB/s  relerr 6.0e-03 ok (3.8s)
2 decode-mla-h128-d8192    kurn-mla-fma-f16     2219.7 us    1027.9 GFLOP/s     4.5 GB/s  relerr 4.1e-06 ok (3.9s)
2 decode-mla-h128-d8192    ggml-mla-fa-f16     15466.3 us     147.5 GFLOP/s     0.7 GB/s  relerr 1.9e-03 ok (5.6s)
2 decode-gqa-1.7B-d8192    kurn-f16              595.1 us     112.8 GFLOP/s    56.4 GB/s  relerr 7.5e-07 ok (1.4s)
2 decode-gqa-1.7B-d8192    ggml-fa-f16          3569.2 us      18.8 GFLOP/s     9.4 GB/s  relerr 2.1e-03 ok (1.6s)
2 decode-mla-h16-d32768    kurn-mla-amx-f16     2312.6 us     493.3 GFLOP/s    16.4 GB/s  relerr 3.6e-03 ok (3.4s)
2 decode-mla-h16-d32768    kurn-mla-fma-f16     3306.7 us     345.0 GFLOP/s    11.4 GB/s  relerr 3.0e-06 ok (3.5s)
2 decode-mla-h16-d32768    ggml-mla-fa-f16     11490.5 us      99.3 GFLOP/s     3.3 GB/s  relerr 5.1e-03 ok (4.0s)
2 decode-mla-h128-d32768   kurn-mla-amx-f16     3484.7 us    2619.1 GFLOP/s    11.0 GB/s  relerr 9.3e-03 ok (19.0s)
2 decode-mla-h128-d32768   kurn-mla-fma-f16     9113.5 us    1001.5 GFLOP/s     4.2 GB/s  relerr 5.3e-06 ok (16.1s)
2 decode-mla-h128-d32768   ggml-mla-fa-f16     58472.4 us     156.1 GFLOP/s     0.7 GB/s  relerr 4.7e-03 ok (17.9s)
2 decode-gqa-1.7B-d32768   kurn-f16             2027.2 us     132.4 GFLOP/s    66.2 GB/s  relerr 1.2e-06 ok (3.0s)
2 decode-gqa-1.7B-d32768   ggml-fa-f16         12356.4 us      21.7 GFLOP/s    10.9 GB/s  relerr 2.1e-03 ok (3.7s)
# wrote /path/to/kurn/benchmarks/v0.2/attn/results/mla.csv
# suite d64: 2 cases, reps 3, threads 8, load 34.83
0 prefill-d64-g4-d4096     kurn-amx-f16         3226.6 us    2496.2 GFLOP/s     2.6 GB/s  relerr 6.0e-03 ok (2.2s)
0 prefill-d64-g4-d4096     ggml-fa-f16         28567.1 us     281.9 GFLOP/s     0.3 GB/s  relerr 1.2e-06 ok (0.7s)
0 prefill-d64-g4-d4096     ggml-nofa-f16       62473.2 us     128.9 GFLOP/s     0.1 GB/s  relerr 4.1e-04 ok (0.9s)
0 decode-d64-g4-d8192      kurn-f16              192.5 us     174.3 GFLOP/s    43.6 GB/s  relerr 5.1e-07 ok (2.5s)
0 decode-d64-g4-d8192      ggml-fa-f16           911.7 us      36.8 GFLOP/s     9.2 GB/s  relerr 2.6e-03 ok (1.2s)
0 decode-d64-g4-d8192      ggml-nofa-f16        1577.3 us      21.3 GFLOP/s     5.3 GB/s  relerr 5.3e-04 ok (1.2s)
1 prefill-d64-g4-d4096     kurn-amx-f16         3766.7 us    2138.2 GFLOP/s     2.2 GB/s  relerr 6.0e-03 ok (0.7s)
1 prefill-d64-g4-d4096     ggml-fa-f16         25535.0 us     315.4 GFLOP/s     0.3 GB/s  relerr 1.2e-06 ok (0.7s)
1 prefill-d64-g4-d4096     ggml-nofa-f16       62348.3 us     129.2 GFLOP/s     0.1 GB/s  relerr 4.1e-04 ok (1.0s)
1 decode-d64-g4-d8192      kurn-f16              226.3 us     148.3 GFLOP/s    37.1 GB/s  relerr 5.1e-07 ok (0.9s)
1 decode-d64-g4-d8192      ggml-fa-f16           657.9 us      51.0 GFLOP/s    12.8 GB/s  relerr 2.6e-03 ok (1.0s)
1 decode-d64-g4-d8192      ggml-nofa-f16        1896.0 us      17.7 GFLOP/s     4.4 GB/s  relerr 5.3e-04 ok (1.2s)
2 prefill-d64-g4-d4096     kurn-amx-f16         3420.4 us    2354.8 GFLOP/s     2.5 GB/s  relerr 6.0e-03 ok (0.7s)
2 prefill-d64-g4-d4096     ggml-fa-f16         24934.1 us     323.0 GFLOP/s     0.3 GB/s  relerr 1.2e-06 ok (0.7s)
2 prefill-d64-g4-d4096     ggml-nofa-f16       62513.9 us     128.8 GFLOP/s     0.1 GB/s  relerr 4.1e-04 ok (0.9s)
2 decode-d64-g4-d8192      kurn-f16              197.9 us     169.6 GFLOP/s    42.4 GB/s  relerr 5.1e-07 ok (1.1s)
2 decode-d64-g4-d8192      ggml-fa-f16           848.8 us      39.5 GFLOP/s     9.9 GB/s  relerr 2.6e-03 ok (1.1s)
2 decode-d64-g4-d8192      ggml-nofa-f16        1966.8 us      17.1 GFLOP/s     4.3 GB/s  relerr 5.3e-04 ok (1.4s)
# wrote /path/to/kurn/benchmarks/v0.2/attn/results/d64.csv
