# suite prefill: 5 cases, reps 3, threads 8, load 22.05
0 prefill-8B-d512          kurn-amx-f16         1801.6 us    1194.3 GFLOP/s    10.5 GB/s  relerr 5.2e-03 ok (0.6s)
0 prefill-8B-d512          kurn-amx-q8_0        1551.0 us    1387.3 GFLOP/s    11.5 GB/s  relerr 6.9e-03 ok (0.6s)
0 prefill-8B-d512          kurn-amx-f16-t128x256     2496.1 us     862.0 GFLOP/s     7.6 GB/s  relerr 4.9e-03 ok (0.6s)
0 prefill-8B-d512          kurn-fma-f16         2647.2 us     812.8 GFLOP/s     7.1 GB/s  relerr 9.1e-07 ok (0.6s)
0 prefill-8B-d512          ggml-fa-f16          8074.5 us     266.5 GFLOP/s     2.3 GB/s  relerr 8.2e-07 ok (0.7s)
0 prefill-8B-d512          ggml-nofa-f16       37155.2 us      57.9 GFLOP/s     0.5 GB/s  relerr 3.3e-04 ok (0.8s)
0 prefill-8B-d512          ggml-fa-q8_0        30650.1 us      70.2 GFLOP/s     0.6 GB/s  relerr 9.1e-03 ok (0.7s)
0 prefill-8B-d2048         kurn-amx-f16         4002.0 us    3757.2 GFLOP/s     6.3 GB/s  relerr 6.3e-03 ok (0.7s)
0 prefill-8B-d2048         kurn-amx-q8_0        5139.2 us    2925.9 GFLOP/s     4.1 GB/s  relerr 5.3e-03 ok (0.8s)
0 prefill-8B-d2048         kurn-amx-f16-t128x256     5613.2 us    2678.8 GFLOP/s     4.5 GB/s  relerr 6.3e-03 ok (0.8s)
0 prefill-8B-d2048         kurn-fma-f16        11081.2 us    1357.0 GFLOP/s     2.3 GB/s  relerr 2.5e-06 ok (0.8s)
0 prefill-8B-d2048         ggml-fa-f16         31337.5 us     479.8 GFLOP/s     0.8 GB/s  relerr 1.5e-06 ok (0.9s)
0 prefill-8B-d2048         ggml-nofa-f16       95881.8 us     156.8 GFLOP/s     0.3 GB/s  relerr 5.7e-04 ok (1.2s)
0 prefill-8B-d2048         ggml-fa-q8_0       188872.1 us      79.6 GFLOP/s     0.1 GB/s  relerr 1.4e-02 ok (1.1s)
0 prefill-8B-d8192         kurn-amx-f16        14734.3 us    4518.5 GFLOP/s     3.4 GB/s  relerr 6.4e-03 ok (1.6s)
0 prefill-8B-d8192         kurn-amx-q8_0       17007.2 us    3914.6 GFLOP/s     2.0 GB/s  relerr 5.9e-03 ok (1.7s)
0 prefill-8B-d8192         kurn-amx-f16-t128x256    14123.5 us    4713.9 GFLOP/s     3.6 GB/s  relerr 6.4e-03 ok (1.6s)
0 prefill-8B-d8192         kurn-fma-f16        44792.2 us    1486.3 GFLOP/s     1.1 GB/s  relerr 2.3e-06 ok (1.8s)
0 prefill-8B-d8192         ggml-fa-f16        128958.1 us     516.3 GFLOP/s     0.4 GB/s  relerr 3.6e-06 ok (2.0s)
0 prefill-8B-d8192         ggml-nofa-f16      216392.9 us     307.7 GFLOP/s     0.2 GB/s  relerr 4.9e-04 ok (3.0s)
0 prefill-8B-d8192         ggml-fa-q8_0      1536343.8 us      43.3 GFLOP/s     0.0 GB/s  relerr 1.0e-02 ok (6.1s)
0 prefill-8B-d16384        kurn-amx-f16        30499.1 us    4436.1 GFLOP/s     2.8 GB/s  relerr 4.6e-03 ok (2.8s)
0 prefill-8B-d16384        kurn-amx-q8_0       32081.1 us    4217.3 GFLOP/s     1.6 GB/s  relerr 6.2e-03 ok (2.8s)
0 prefill-8B-d16384        kurn-amx-f16-t128x256    26891.5 us    5031.2 GFLOP/s     3.1 GB/s  relerr 4.6e-03 ok (2.7s)
0 prefill-8B-d16384        kurn-fma-f16        82685.7 us    1636.3 GFLOP/s     1.0 GB/s  relerr 3.4e-06 ok (3.0s)
0 prefill-8B-d16384        ggml-fa-f16        275782.8 us     490.6 GFLOP/s     0.3 GB/s  relerr 3.3e-06 ok (3.5s)
0 prefill-8B-d16384        ggml-nofa-f16      483887.9 us     279.6 GFLOP/s     0.2 GB/s  relerr 5.9e-04 ok (5.4s)
0 prefill-8B-d32768        kurn-amx-f16        61604.5 us    4427.2 GFLOP/s     2.5 GB/s  relerr 1.4e-02 FAIL (4.9s)
0 prefill-8B-d32768        kurn-amx-q8_0       61483.5 us    4435.9 GFLOP/s     1.4 GB/s  relerr 7.0e-03 ok (5.2s)
0 prefill-8B-d32768        kurn-amx-f16-t128x256    58147.0 us    4690.4 GFLOP/s     2.6 GB/s  relerr 1.4e-02 FAIL (4.9s)
0 prefill-8B-d32768        kurn-fma-f16       184793.6 us    1475.9 GFLOP/s     0.8 GB/s  relerr 5.2e-06 ok (5.4s)
0 prefill-8B-d32768        ggml-fa-f16        547154.6 us     498.5 GFLOP/s     0.3 GB/s  relerr 6.0e-06 ok (8.6s)
1 prefill-8B-d512          kurn-amx-f16         1788.2 us    1203.3 GFLOP/s    10.6 GB/s  relerr 5.2e-03 ok (0.6s)
1 prefill-8B-d512          kurn-amx-q8_0        1502.7 us    1431.9 GFLOP/s    11.9 GB/s  relerr 6.9e-03 ok (0.6s)
1 prefill-8B-d512          kurn-amx-f16-t128x256     2695.6 us     798.2 GFLOP/s     7.0 GB/s  relerr 4.9e-03 ok (0.6s)
1 prefill-8B-d512          kurn-fma-f16         2578.6 us     834.4 GFLOP/s     7.3 GB/s  relerr 9.1e-07 ok (0.6s)
1 prefill-8B-d512          ggml-fa-f16          6255.2 us     344.0 GFLOP/s     3.0 GB/s  relerr 8.2e-07 ok (0.7s)
1 prefill-8B-d512          ggml-nofa-f16       33178.3 us      64.8 GFLOP/s     0.6 GB/s  relerr 3.3e-04 ok (0.8s)
1 prefill-8B-d512          ggml-fa-q8_0        29935.6 us      71.9 GFLOP/s     0.6 GB/s  relerr 9.1e-03 ok (0.7s)
1 prefill-8B-d2048         kurn-amx-f16         4002.3 us    3757.0 GFLOP/s     6.3 GB/s  relerr 6.3e-03 ok (0.8s)
1 prefill-8B-d2048         kurn-amx-q8_0        4601.9 us    3267.5 GFLOP/s     4.6 GB/s  relerr 5.3e-03 ok (0.8s)
1 prefill-8B-d2048         kurn-amx-f16-t128x256     5823.3 us    2582.2 GFLOP/s     4.3 GB/s  relerr 6.3e-03 ok (0.8s)
1 prefill-8B-d2048         kurn-fma-f16        11662.7 us    1289.3 GFLOP/s     2.2 GB/s  relerr 2.5e-06 ok (0.8s)
1 prefill-8B-d2048         ggml-fa-f16         35466.7 us     424.0 GFLOP/s     0.7 GB/s  relerr 1.5e-06 ok (1.0s)
1 prefill-8B-d2048         ggml-nofa-f16       71627.8 us     209.9 GFLOP/s     0.3 GB/s  relerr 5.7e-04 ok (1.2s)
1 prefill-8B-d2048         ggml-fa-q8_0       196110.7 us      76.7 GFLOP/s     0.1 GB/s  relerr 1.4e-02 ok (1.2s)
1 prefill-8B-d8192         kurn-amx-f16        15656.2 us    4252.4 GFLOP/s     3.2 GB/s  relerr 6.4e-03 ok (1.7s)
1 prefill-8B-d8192         kurn-amx-q8_0       16589.0 us    4013.3 GFLOP/s     2.1 GB/s  relerr 5.9e-03 ok (1.8s)
1 prefill-8B-d8192         kurn-amx-f16-t128x256    15563.9 us    4277.6 GFLOP/s     3.2 GB/s  relerr 6.4e-03 ok (1.9s)
1 prefill-8B-d8192         kurn-fma-f16        43451.9 us    1532.2 GFLOP/s     1.2 GB/s  relerr 2.3e-06 ok (1.8s)
1 prefill-8B-d8192         ggml-fa-f16        151167.9 us     440.4 GFLOP/s     0.3 GB/s  relerr 3.6e-06 ok (2.5s)
1 prefill-8B-d8192         ggml-nofa-f16      297940.5 us     223.4 GFLOP/s     0.2 GB/s  relerr 4.9e-04 ok (3.0s)
1 prefill-8B-d8192         ggml-fa-q8_0      1394215.0 us      47.8 GFLOP/s     0.0 GB/s  relerr 1.0e-02 ok (5.7s)
1 prefill-8B-d16384        kurn-amx-f16        28280.7 us    4784.0 GFLOP/s     3.0 GB/s  relerr 4.6e-03 ok (2.9s)
1 prefill-8B-d16384        kurn-amx-q8_0       32622.4 us    4147.3 GFLOP/s     1.6 GB/s  relerr 6.2e-03 ok (3.0s)
1 prefill-8B-d16384        kurn-amx-f16-t128x256    28213.3 us    4795.4 GFLOP/s     3.0 GB/s  relerr 4.6e-03 ok (2.9s)
1 prefill-8B-d16384        kurn-fma-f16        90913.5 us    1488.2 GFLOP/s     0.9 GB/s  relerr 3.4e-06 ok (3.0s)
1 prefill-8B-d16384        ggml-fa-f16        297246.3 us     455.2 GFLOP/s     0.3 GB/s  relerr 3.3e-06 ok (3.8s)
1 prefill-8B-d16384        ggml-nofa-f16      449319.6 us     301.1 GFLOP/s     0.2 GB/s  relerr 5.9e-04 ok (5.2s)
1 prefill-8B-d32768        kurn-amx-f16        63156.4 us    4318.4 GFLOP/s     2.4 GB/s  relerr 1.4e-02 FAIL (5.0s)
1 prefill-8B-d32768        kurn-amx-q8_0       64771.8 us    4210.7 GFLOP/s     1.4 GB/s  relerr 7.0e-03 ok (5.3s)
1 prefill-8B-d32768        kurn-amx-f16-t128x256    56426.7 us    4833.4 GFLOP/s     2.7 GB/s  relerr 1.4e-02 FAIL (4.9s)
1 prefill-8B-d32768        kurn-fma-f16       183405.3 us    1487.1 GFLOP/s     0.8 GB/s  relerr 5.2e-06 ok (5.2s)
1 prefill-8B-d32768        ggml-fa-f16        525407.7 us     519.1 GFLOP/s     0.3 GB/s  relerr 6.0e-06 ok (8.1s)
2 prefill-8B-d512          kurn-amx-f16         2024.3 us    1062.9 GFLOP/s     9.3 GB/s  relerr 5.2e-03 ok (0.6s)
2 prefill-8B-d512          kurn-amx-q8_0        2184.6 us     984.9 GFLOP/s     8.2 GB/s  relerr 6.9e-03 ok (0.6s)
2 prefill-8B-d512          kurn-amx-f16-t128x256     2757.0 us     780.4 GFLOP/s     6.8 GB/s  relerr 4.9e-03 ok (0.6s)
2 prefill-8B-d512          kurn-fma-f16         2625.6 us     819.5 GFLOP/s     7.2 GB/s  relerr 9.1e-07 ok (0.7s)
2 prefill-8B-d512          ggml-fa-f16          5674.8 us     379.2 GFLOP/s     3.3 GB/s  relerr 8.2e-07 ok (0.7s)
2 prefill-8B-d512          ggml-nofa-f16       23953.0 us      89.8 GFLOP/s     0.8 GB/s  relerr 3.3e-04 ok (0.7s)
2 prefill-8B-d512          ggml-fa-q8_0        32555.8 us      66.1 GFLOP/s     0.6 GB/s  relerr 9.1e-03 ok (0.7s)
2 prefill-8B-d2048         kurn-amx-f16         5105.6 us    2945.1 GFLOP/s     4.9 GB/s  relerr 6.3e-03 ok (0.8s)
2 prefill-8B-d2048         kurn-amx-q8_0        5133.5 us    2929.1 GFLOP/s     4.1 GB/s  relerr 5.3e-03 ok (0.8s)
2 prefill-8B-d2048         kurn-amx-f16-t128x256     6130.5 us    2452.8 GFLOP/s     4.1 GB/s  relerr 6.3e-03 ok (0.8s)
2 prefill-8B-d2048         kurn-fma-f16        10744.7 us    1399.4 GFLOP/s     2.3 GB/s  relerr 2.5e-06 ok (0.8s)
2 prefill-8B-d2048         ggml-fa-f16         37197.0 us     404.2 GFLOP/s     0.7 GB/s  relerr 1.5e-06 ok (1.0s)
2 prefill-8B-d2048         ggml-nofa-f16      105636.2 us     142.3 GFLOP/s     0.2 GB/s  relerr 5.7e-04 ok (1.3s)
2 prefill-8B-d2048         ggml-fa-q8_0       189678.0 us      79.3 GFLOP/s     0.1 GB/s  relerr 1.4e-02 ok (1.1s)
2 prefill-8B-d8192         kurn-amx-f16        16394.7 us    4060.8 GFLOP/s     3.1 GB/s  relerr 6.4e-03 ok (1.6s)
2 prefill-8B-d8192         kurn-amx-q8_0       17064.8 us    3901.4 GFLOP/s     2.0 GB/s  relerr 5.9e-03 ok (1.7s)
2 prefill-8B-d8192         kurn-amx-f16-t128x256    13957.0 us    4770.1 GFLOP/s     3.6 GB/s  relerr 6.4e-03 ok (1.6s)
2 prefill-8B-d8192         kurn-fma-f16        45496.4 us    1463.3 GFLOP/s     1.1 GB/s  relerr 2.3e-06 ok (1.7s)
2 prefill-8B-d8192         ggml-fa-f16        144898.5 us     459.5 GFLOP/s     0.3 GB/s  relerr 3.6e-06 ok (2.3s)
2 prefill-8B-d8192         ggml-nofa-f16      250142.4 us     266.1 GFLOP/s     0.2 GB/s  relerr 4.9e-04 ok (3.1s)
2 prefill-8B-d8192         ggml-fa-q8_0      1648831.1 us      40.4 GFLOP/s     0.0 GB/s  relerr 1.0e-02 ok (6.6s)
2 prefill-8B-d16384        kurn-amx-f16        30665.3 us    4412.0 GFLOP/s     2.7 GB/s  relerr 4.6e-03 ok (2.9s)
2 prefill-8B-d16384        kurn-amx-q8_0       32374.5 us    4179.1 GFLOP/s     1.6 GB/s  relerr 6.2e-03 ok (2.8s)
2 prefill-8B-d16384        kurn-amx-f16-t128x256    26369.6 us    5130.7 GFLOP/s     3.2 GB/s  relerr 4.6e-03 ok (2.8s)
2 prefill-8B-d16384        kurn-fma-f16        89826.1 us    1506.2 GFLOP/s     0.9 GB/s  relerr 3.4e-06 ok (3.0s)
2 prefill-8B-d16384        ggml-fa-f16        247364.7 us     547.0 GFLOP/s     0.3 GB/s  relerr 3.3e-06 ok (4.2s)
2 prefill-8B-d16384        ggml-nofa-f16      559992.8 us     241.6 GFLOP/s     0.1 GB/s  relerr 5.9e-04 ok (6.0s)
2 prefill-8B-d32768        kurn-amx-f16        61302.5 us    4449.0 GFLOP/s     2.5 GB/s  relerr 1.4e-02 FAIL (5.3s)
2 prefill-8B-d32768        kurn-amx-q8_0       63974.6 us    4263.2 GFLOP/s     1.4 GB/s  relerr 7.0e-03 ok (5.2s)
2 prefill-8B-d32768        kurn-amx-f16-t128x256    54898.6 us    4968.0 GFLOP/s     2.8 GB/s  relerr 1.4e-02 FAIL (5.1s)
2 prefill-8B-d32768        kurn-fma-f16       165023.6 us    1652.7 GFLOP/s     0.9 GB/s  relerr 5.2e-06 ok (5.2s)
2 prefill-8B-d32768        ggml-fa-f16        567141.3 us     480.9 GFLOP/s     0.3 GB/s  relerr 6.0e-06 ok (8.2s)
# wrote /path/to/attn/kurn/benchmarks/v0.2/attn/results/prefill_8B.csv
