# suite prefill: 5 cases, reps 3, threads 8, load 20.20
0 prefill-1.7B-d512        kurn-amx-f16         7046.1 us     152.7 GFLOP/s     1.5 GB/s  relerr 4.4e-03 ok (0.6s)
0 prefill-1.7B-d512        kurn-amx-q8_0        9111.1 us     118.1 GFLOP/s     1.0 GB/s  relerr 2.9e-03 ok (0.6s)
0 prefill-1.7B-d512        kurn-fma-f16         8254.6 us     130.3 GFLOP/s     1.3 GB/s  relerr 6.3e-07 ok (0.6s)
0 prefill-1.7B-d512        ggml-fa-f16         22323.5 us      48.2 GFLOP/s     0.5 GB/s  relerr 6.0e-07 ok (0.7s)
0 prefill-1.7B-d512        ggml-nofa-f16      213645.1 us       5.0 GFLOP/s     0.1 GB/s  relerr 2.3e-04 ok (1.1s)
0 prefill-1.7B-d512        ggml-fa-q8_0        34994.1 us      30.7 GFLOP/s     0.3 GB/s  relerr 4.8e-03 ok (0.7s)
0 prefill-1.7B-d2048       kurn-amx-f16         4262.4 us    1763.9 GFLOP/s     3.9 GB/s  relerr 6.0e-03 ok (0.8s)
0 prefill-1.7B-d2048       kurn-amx-q8_0        4632.8 us    1622.8 GFLOP/s     2.8 GB/s  relerr 6.2e-03 ok (0.7s)
0 prefill-1.7B-d2048       kurn-fma-f16         9172.5 us     819.7 GFLOP/s     1.8 GB/s  relerr 2.1e-06 ok (0.8s)
0 prefill-1.7B-d2048       ggml-fa-f16         59340.0 us     126.7 GFLOP/s     0.3 GB/s  relerr 2.2e-06 ok (0.9s)
0 prefill-1.7B-d2048       ggml-nofa-f16      418124.0 us      18.0 GFLOP/s     0.0 GB/s  relerr 3.4e-04 ok (1.6s)
0 prefill-1.7B-d2048       ggml-fa-q8_0       151494.5 us      49.6 GFLOP/s     0.1 GB/s  relerr 1.0e-02 ok (1.0s)
0 prefill-1.7B-d8192       kurn-amx-f16        16402.5 us    2029.5 GFLOP/s     2.6 GB/s  relerr 5.0e-03 ok (1.4s)
0 prefill-1.7B-d8192       kurn-amx-q8_0       20479.7 us    1625.4 GFLOP/s     1.3 GB/s  relerr 4.5e-03 ok (1.9s)
0 prefill-1.7B-d8192       kurn-fma-f16        44596.4 us     746.4 GFLOP/s     0.9 GB/s  relerr 2.4e-06 ok (1.8s)
0 prefill-1.7B-d8192       ggml-fa-f16         78001.6 us     426.8 GFLOP/s     0.5 GB/s  relerr 4.5e-06 ok (1.9s)
0 prefill-1.7B-d8192       ggml-nofa-f16      407226.4 us      81.7 GFLOP/s     0.1 GB/s  relerr 6.2e-04 ok (2.7s)
0 prefill-1.7B-d8192       ggml-fa-q8_0      1000446.7 us      33.3 GFLOP/s     0.0 GB/s  relerr 1.2e-02 ok (4.3s)
0 prefill-1.7B-d16384      kurn-amx-f16        21240.8 us    3184.8 GFLOP/s     3.5 GB/s  relerr 7.0e-03 ok (2.3s)
0 prefill-1.7B-d16384      kurn-amx-q8_0       24174.3 us    2798.3 GFLOP/s     1.8 GB/s  relerr 6.0e-03 ok (2.3s)
0 prefill-1.7B-d16384      kurn-fma-f16        53408.9 us    1266.6 GFLOP/s     1.4 GB/s  relerr 4.5e-06 ok (2.3s)
0 prefill-1.7B-d16384      ggml-fa-f16        202234.5 us     334.5 GFLOP/s     0.4 GB/s  relerr 7.0e-06 ok (3.1s)
0 prefill-1.7B-d16384      ggml-nofa-f16      542367.1 us     124.7 GFLOP/s     0.1 GB/s  relerr 4.6e-04 ok (4.6s)
0 prefill-1.7B-d32768      kurn-amx-f16        53167.7 us    2564.8 GFLOP/s     2.7 GB/s  relerr 9.6e-03 ok (4.1s)
0 prefill-1.7B-d32768      kurn-amx-q8_0       39583.4 us    3445.1 GFLOP/s     2.0 GB/s  relerr 6.9e-03 ok (4.3s)
0 prefill-1.7B-d32768      kurn-fma-f16       126558.0 us    1077.5 GFLOP/s     1.1 GB/s  relerr 8.2e-06 ok (4.3s)
0 prefill-1.7B-d32768      ggml-fa-f16        334607.2 us     407.5 GFLOP/s     0.4 GB/s  relerr 5.4e-06 ok (6.4s)
1 prefill-1.7B-d512        kurn-amx-f16         1422.1 us     756.5 GFLOP/s     7.4 GB/s  relerr 4.4e-03 ok (0.6s)
1 prefill-1.7B-d512        kurn-amx-q8_0         883.8 us    1217.2 GFLOP/s    10.8 GB/s  relerr 2.9e-03 ok (0.6s)
1 prefill-1.7B-d512        kurn-fma-f16         6097.6 us     176.4 GFLOP/s     1.7 GB/s  relerr 6.3e-07 ok (0.6s)
1 prefill-1.7B-d512        ggml-fa-f16         24717.6 us      43.5 GFLOP/s     0.4 GB/s  relerr 6.0e-07 ok (0.6s)
1 prefill-1.7B-d512        ggml-nofa-f16      298376.7 us       3.6 GFLOP/s     0.0 GB/s  relerr 2.3e-04 ok (1.0s)
1 prefill-1.7B-d512        ggml-fa-q8_0        36487.2 us      29.5 GFLOP/s     0.3 GB/s  relerr 4.8e-03 ok (0.6s)
1 prefill-1.7B-d2048       kurn-amx-f16         5436.9 us    1382.8 GFLOP/s     3.1 GB/s  relerr 6.0e-03 ok (0.7s)
1 prefill-1.7B-d2048       kurn-amx-q8_0        7753.8 us     969.6 GFLOP/s     1.7 GB/s  relerr 6.2e-03 ok (0.8s)
1 prefill-1.7B-d2048       kurn-fma-f16         8476.2 us     887.0 GFLOP/s     2.0 GB/s  relerr 2.1e-06 ok (0.7s)
1 prefill-1.7B-d2048       ggml-fa-f16         39707.4 us     189.3 GFLOP/s     0.4 GB/s  relerr 2.2e-06 ok (0.9s)
1 prefill-1.7B-d2048       ggml-nofa-f16      329028.6 us      22.9 GFLOP/s     0.1 GB/s  relerr 3.4e-04 ok (1.3s)
1 prefill-1.7B-d2048       ggml-fa-q8_0       205100.2 us      36.7 GFLOP/s     0.1 GB/s  relerr 1.0e-02 ok (1.1s)
1 prefill-1.7B-d8192       kurn-amx-f16        10476.6 us    3177.4 GFLOP/s     4.0 GB/s  relerr 5.0e-03 ok (1.4s)
1 prefill-1.7B-d8192       kurn-amx-q8_0       10974.1 us    3033.3 GFLOP/s     2.4 GB/s  relerr 4.5e-03 ok (1.6s)
1 prefill-1.7B-d8192       kurn-fma-f16        36124.4 us     921.5 GFLOP/s     1.2 GB/s  relerr 2.4e-06 ok (1.7s)
1 prefill-1.7B-d8192       ggml-fa-f16        140428.6 us     237.1 GFLOP/s     0.3 GB/s  relerr 4.5e-06 ok (1.9s)
1 prefill-1.7B-d8192       ggml-nofa-f16      274240.2 us     121.4 GFLOP/s     0.1 GB/s  relerr 6.2e-04 ok (2.4s)
1 prefill-1.7B-d8192       ggml-fa-q8_0       840542.1 us      39.6 GFLOP/s     0.0 GB/s  relerr 1.2e-02 ok (3.6s)
1 prefill-1.7B-d16384      kurn-amx-f16        18825.3 us    3593.4 GFLOP/s     4.0 GB/s  relerr 7.0e-03 ok (2.6s)
1 prefill-1.7B-d16384      kurn-amx-q8_0       22569.7 us    2997.3 GFLOP/s     1.9 GB/s  relerr 6.0e-03 ok (2.4s)
1 prefill-1.7B-d16384      kurn-fma-f16        64000.5 us    1057.0 GFLOP/s     1.2 GB/s  relerr 4.5e-06 ok (2.3s)
1 prefill-1.7B-d16384      ggml-fa-f16        261637.4 us     258.6 GFLOP/s     0.3 GB/s  relerr 7.0e-06 ok (3.5s)
1 prefill-1.7B-d16384      ggml-nofa-f16      409516.2 us     165.2 GFLOP/s     0.2 GB/s  relerr 4.6e-04 ok (4.2s)
1 prefill-1.7B-d32768      kurn-amx-f16        66115.0 us    2062.6 GFLOP/s     2.2 GB/s  relerr 9.6e-03 ok (4.4s)
1 prefill-1.7B-d32768      kurn-amx-q8_0       49479.9 us    2756.0 GFLOP/s     1.6 GB/s  relerr 6.9e-03 ok (4.6s)
1 prefill-1.7B-d32768      kurn-fma-f16       143828.1 us     948.1 GFLOP/s     1.0 GB/s  relerr 8.2e-06 ok (4.6s)
1 prefill-1.7B-d32768      ggml-fa-f16        459762.7 us     296.6 GFLOP/s     0.3 GB/s  relerr 5.4e-06 ok (7.2s)
2 prefill-1.7B-d512        kurn-amx-f16         5494.6 us     195.8 GFLOP/s     1.9 GB/s  relerr 4.4e-03 ok (0.6s)
2 prefill-1.7B-d512        kurn-amx-q8_0        1574.8 us     683.1 GFLOP/s     6.0 GB/s  relerr 2.9e-03 ok (0.6s)
2 prefill-1.7B-d512        kurn-fma-f16         7044.5 us     152.7 GFLOP/s     1.5 GB/s  relerr 6.3e-07 ok (0.6s)
2 prefill-1.7B-d512        ggml-fa-f16         15200.9 us      70.8 GFLOP/s     0.7 GB/s  relerr 6.0e-07 ok (0.6s)
2 prefill-1.7B-d512        ggml-nofa-f16       37964.6 us      28.3 GFLOP/s     0.3 GB/s  relerr 2.3e-04 ok (0.9s)
2 prefill-1.7B-d512        ggml-fa-q8_0        34335.6 us      31.3 GFLOP/s     0.3 GB/s  relerr 4.8e-03 ok (0.6s)
2 prefill-1.7B-d2048       kurn-amx-f16         5790.4 us    1298.4 GFLOP/s     2.9 GB/s  relerr 6.0e-03 ok (0.7s)
2 prefill-1.7B-d2048       kurn-amx-q8_0        3684.3 us    2040.7 GFLOP/s     3.5 GB/s  relerr 6.2e-03 ok (0.8s)
2 prefill-1.7B-d2048       kurn-fma-f16         7605.9 us     988.5 GFLOP/s     2.2 GB/s  relerr 2.1e-06 ok (0.7s)
2 prefill-1.7B-d2048       ggml-fa-f16         47227.0 us     159.2 GFLOP/s     0.4 GB/s  relerr 2.2e-06 ok (0.9s)
2 prefill-1.7B-d2048       ggml-nofa-f16      326091.2 us      23.1 GFLOP/s     0.1 GB/s  relerr 3.4e-04 ok (1.3s)
2 prefill-1.7B-d2048       ggml-fa-q8_0       133865.8 us      56.2 GFLOP/s     0.1 GB/s  relerr 1.0e-02 ok (0.9s)
2 prefill-1.7B-d8192       kurn-amx-f16        16000.0 us    2080.5 GFLOP/s     2.6 GB/s  relerr 5.0e-03 ok (1.7s)
2 prefill-1.7B-d8192       kurn-amx-q8_0       12893.7 us    2581.7 GFLOP/s     2.0 GB/s  relerr 4.5e-03 ok (1.7s)
2 prefill-1.7B-d8192       kurn-fma-f16        25612.9 us    1299.7 GFLOP/s     1.6 GB/s  relerr 2.4e-06 ok (1.4s)
2 prefill-1.7B-d8192       ggml-fa-f16        104048.5 us     319.9 GFLOP/s     0.4 GB/s  relerr 4.5e-06 ok (1.7s)
2 prefill-1.7B-d8192       ggml-nofa-f16      195073.8 us     170.6 GFLOP/s     0.2 GB/s  relerr 6.2e-04 ok (2.3s)
2 prefill-1.7B-d8192       ggml-fa-q8_0       828068.1 us      40.2 GFLOP/s     0.0 GB/s  relerr 1.2e-02 ok (3.6s)
2 prefill-1.7B-d16384      kurn-amx-f16        22226.6 us    3043.6 GFLOP/s     3.4 GB/s  relerr 7.0e-03 ok (2.3s)
2 prefill-1.7B-d16384      kurn-amx-q8_0       22443.7 us    3014.1 GFLOP/s     2.0 GB/s  relerr 6.0e-03 ok (2.4s)
2 prefill-1.7B-d16384      kurn-fma-f16        60703.1 us    1114.4 GFLOP/s     1.2 GB/s  relerr 4.5e-06 ok (2.5s)
2 prefill-1.7B-d16384      ggml-fa-f16        178057.9 us     379.9 GFLOP/s     0.4 GB/s  relerr 7.0e-06 ok (3.4s)
2 prefill-1.7B-d16384      ggml-nofa-f16      430868.4 us     157.0 GFLOP/s     0.2 GB/s  relerr 4.6e-04 ok (4.0s)
2 prefill-1.7B-d32768      kurn-amx-f16        51698.2 us    2637.8 GFLOP/s     2.8 GB/s  relerr 9.6e-03 ok (4.5s)
2 prefill-1.7B-d32768      kurn-amx-q8_0       46908.2 us    2907.1 GFLOP/s     1.7 GB/s  relerr 6.9e-03 ok (4.1s)
2 prefill-1.7B-d32768      kurn-fma-f16       119519.1 us    1141.0 GFLOP/s     1.2 GB/s  relerr 8.2e-06 ok (4.4s)
2 prefill-1.7B-d32768      ggml-fa-f16        414192.8 us     329.2 GFLOP/s     0.3 GB/s  relerr 5.4e-06 ok (6.4s)
# wrote /path/to/attn/kurn/benchmarks/v0.2/attn/results/prefill_1.7B.csv
