# suite prefill: 5 cases, reps 3, threads 8, load 35.43
0 prefill-1.7B-d512        kurn-amx-f16         1283.3 us     838.3 GFLOP/s     8.2 GB/s  relerr 4.4e-03 ok (0.6s)
0 prefill-1.7B-d512        kurn-amx-q8_0        1063.1 us    1012.0 GFLOP/s     8.9 GB/s  relerr 2.9e-03 ok (0.6s)
0 prefill-1.7B-d512        kurn-amx-f16-t128x256     1642.8 us     654.9 GFLOP/s     6.4 GB/s  relerr 4.4e-03 ok (0.6s)
0 prefill-1.7B-d512        kurn-fma-f16         1669.6 us     644.4 GFLOP/s     6.3 GB/s  relerr 6.3e-07 ok (0.6s)
0 prefill-1.7B-d512        ggml-fa-f16          4443.9 us     242.1 GFLOP/s     2.4 GB/s  relerr 6.0e-07 ok (0.6s)
0 prefill-1.7B-d512        ggml-nofa-f16       13310.3 us      80.8 GFLOP/s     0.8 GB/s  relerr 2.3e-04 ok (0.7s)
0 prefill-1.7B-d512        ggml-fa-q8_0        16249.7 us      66.2 GFLOP/s     0.6 GB/s  relerr 4.8e-03 ok (0.6s)
0 prefill-1.7B-d2048       kurn-amx-f16         3918.9 us    1918.5 GFLOP/s     4.3 GB/s  relerr 6.0e-03 ok (0.7s)
0 prefill-1.7B-d2048       kurn-amx-q8_0        3301.1 us    2277.5 GFLOP/s     3.9 GB/s  relerr 6.2e-03 ok (0.8s)
0 prefill-1.7B-d2048       kurn-amx-f16-t128x256     2779.4 us    2705.0 GFLOP/s     6.0 GB/s  relerr 6.0e-03 ok (0.7s)
0 prefill-1.7B-d2048       kurn-fma-f16         6845.6 us    1098.3 GFLOP/s     2.5 GB/s  relerr 2.1e-06 ok (0.7s)
0 prefill-1.7B-d2048       ggml-fa-f16         20451.1 us     367.6 GFLOP/s     0.8 GB/s  relerr 2.2e-06 ok (0.8s)
0 prefill-1.7B-d2048       ggml-nofa-f16       35808.9 us     210.0 GFLOP/s     0.5 GB/s  relerr 3.4e-04 ok (1.0s)
0 prefill-1.7B-d2048       ggml-fa-q8_0       101761.3 us      73.9 GFLOP/s     0.1 GB/s  relerr 1.0e-02 ok (0.9s)
0 prefill-1.7B-d8192       kurn-amx-f16         9574.1 us    3476.9 GFLOP/s     4.4 GB/s  relerr 5.0e-03 ok (1.4s)
0 prefill-1.7B-d8192       kurn-amx-q8_0       11731.1 us    2837.6 GFLOP/s     2.2 GB/s  relerr 4.5e-03 ok (1.4s)
0 prefill-1.7B-d8192       kurn-amx-f16-t128x256     8544.7 us    3895.7 GFLOP/s     4.9 GB/s  relerr 4.2e-03 ok (1.3s)
0 prefill-1.7B-d8192       kurn-fma-f16        23760.5 us    1401.0 GFLOP/s     1.8 GB/s  relerr 2.4e-06 ok (1.4s)
0 prefill-1.7B-d8192       ggml-fa-f16         68121.8 us     488.7 GFLOP/s     0.6 GB/s  relerr 4.5e-06 ok (1.7s)
0 prefill-1.7B-d8192       ggml-nofa-f16      114718.6 us     290.2 GFLOP/s     0.4 GB/s  relerr 6.2e-04 ok (2.2s)
0 prefill-1.7B-d8192       ggml-fa-q8_0       859188.8 us      38.7 GFLOP/s     0.0 GB/s  relerr 1.2e-02 ok (3.7s)
0 prefill-1.7B-d16384      kurn-amx-f16        19733.0 us    3428.2 GFLOP/s     3.8 GB/s  relerr 7.0e-03 ok (2.1s)
0 prefill-1.7B-d16384      kurn-amx-q8_0       21110.0 us    3204.6 GFLOP/s     2.1 GB/s  relerr 6.0e-03 ok (2.2s)
0 prefill-1.7B-d16384      kurn-amx-f16-t128x256    16862.6 us    4011.7 GFLOP/s     4.5 GB/s  relerr 7.0e-03 ok (2.1s)
0 prefill-1.7B-d16384      kurn-fma-f16        49426.3 us    1368.7 GFLOP/s     1.5 GB/s  relerr 4.5e-06 ok (2.2s)
0 prefill-1.7B-d16384      ggml-fa-f16        144974.8 us     466.6 GFLOP/s     0.5 GB/s  relerr 7.0e-06 ok (2.7s)
0 prefill-1.7B-d16384      ggml-nofa-f16      238388.5 us     283.8 GFLOP/s     0.3 GB/s  relerr 4.6e-04 ok (3.8s)
0 prefill-1.7B-d32768      kurn-amx-f16        37930.6 us    3595.2 GFLOP/s     3.8 GB/s  relerr 9.6e-03 ok (3.8s)
0 prefill-1.7B-d32768      kurn-amx-q8_0       41386.9 us    3294.9 GFLOP/s     1.9 GB/s  relerr 6.9e-03 ok (3.9s)
0 prefill-1.7B-d32768      kurn-amx-f16-t128x256    32935.1 us    4140.5 GFLOP/s     4.3 GB/s  relerr 9.6e-03 ok (3.7s)
0 prefill-1.7B-d32768      kurn-fma-f16        98719.6 us    1381.4 GFLOP/s     1.4 GB/s  relerr 8.2e-06 ok (3.8s)
0 prefill-1.7B-d32768      ggml-fa-f16        284199.7 us     479.8 GFLOP/s     0.5 GB/s  relerr 5.4e-06 ok (5.2s)
1 prefill-1.7B-d512        kurn-amx-f16          983.8 us    1093.5 GFLOP/s    10.7 GB/s  relerr 4.4e-03 ok (0.6s)
1 prefill-1.7B-d512        kurn-amx-q8_0        1148.0 us     937.1 GFLOP/s     8.3 GB/s  relerr 2.9e-03 ok (0.6s)
1 prefill-1.7B-d512        kurn-amx-f16-t128x256     1894.1 us     568.0 GFLOP/s     5.5 GB/s  relerr 4.4e-03 ok (0.6s)
1 prefill-1.7B-d512        kurn-fma-f16         1755.6 us     612.8 GFLOP/s     6.0 GB/s  relerr 6.3e-07 ok (0.6s)
1 prefill-1.7B-d512        ggml-fa-f16          3404.6 us     316.0 GFLOP/s     3.1 GB/s  relerr 6.0e-07 ok (0.6s)
1 prefill-1.7B-d512        ggml-nofa-f16       16672.4 us      64.5 GFLOP/s     0.6 GB/s  relerr 2.3e-04 ok (0.7s)
1 prefill-1.7B-d512        ggml-fa-q8_0        18832.8 us      57.1 GFLOP/s     0.5 GB/s  relerr 4.8e-03 ok (0.6s)
1 prefill-1.7B-d2048       kurn-amx-f16         3387.6 us    2219.4 GFLOP/s     5.0 GB/s  relerr 6.0e-03 ok (0.7s)
1 prefill-1.7B-d2048       kurn-amx-q8_0        2727.9 us    2756.1 GFLOP/s     4.7 GB/s  relerr 6.2e-03 ok (0.7s)
1 prefill-1.7B-d2048       kurn-amx-f16-t128x256     3258.7 us    2307.1 GFLOP/s     5.2 GB/s  relerr 6.0e-03 ok (0.7s)
1 prefill-1.7B-d2048       kurn-fma-f16         6601.4 us    1138.9 GFLOP/s     2.5 GB/s  relerr 2.1e-06 ok (0.7s)
1 prefill-1.7B-d2048       ggml-fa-f16         16667.7 us     451.1 GFLOP/s     1.0 GB/s  relerr 2.2e-06 ok (0.8s)
1 prefill-1.7B-d2048       ggml-nofa-f16       49553.2 us     151.7 GFLOP/s     0.3 GB/s  relerr 3.4e-04 ok (1.0s)
1 prefill-1.7B-d2048       ggml-fa-q8_0        96130.0 us      78.2 GFLOP/s     0.1 GB/s  relerr 1.0e-02 ok (0.9s)
1 prefill-1.7B-d8192       kurn-amx-f16        10431.2 us    3191.2 GFLOP/s     4.0 GB/s  relerr 5.0e-03 ok (1.3s)
1 prefill-1.7B-d8192       kurn-amx-q8_0       10178.2 us    3270.5 GFLOP/s     2.6 GB/s  relerr 4.5e-03 ok (1.5s)
1 prefill-1.7B-d8192       kurn-amx-f16-t128x256     9460.6 us    3518.6 GFLOP/s     4.4 GB/s  relerr 4.2e-03 ok (1.4s)
1 prefill-1.7B-d8192       kurn-fma-f16        23580.1 us    1411.7 GFLOP/s     1.8 GB/s  relerr 2.4e-06 ok (1.3s)
1 prefill-1.7B-d8192       ggml-fa-f16         68021.4 us     489.4 GFLOP/s     0.6 GB/s  relerr 4.5e-06 ok (1.7s)
1 prefill-1.7B-d8192       ggml-nofa-f16      114998.1 us     289.5 GFLOP/s     0.4 GB/s  relerr 6.2e-04 ok (2.2s)
1 prefill-1.7B-d8192       ggml-fa-q8_0       827250.7 us      40.2 GFLOP/s     0.0 GB/s  relerr 1.2e-02 ok (3.6s)
1 prefill-1.7B-d16384      kurn-amx-f16        18794.2 us    3599.4 GFLOP/s     4.0 GB/s  relerr 7.0e-03 ok (2.1s)
1 prefill-1.7B-d16384      kurn-amx-q8_0       20834.3 us    3246.9 GFLOP/s     2.1 GB/s  relerr 6.0e-03 ok (2.2s)
1 prefill-1.7B-d16384      kurn-amx-f16-t128x256    17267.5 us    3917.7 GFLOP/s     4.4 GB/s  relerr 7.0e-03 ok (2.1s)
1 prefill-1.7B-d16384      kurn-fma-f16        48570.3 us    1392.8 GFLOP/s     1.6 GB/s  relerr 4.5e-06 ok (2.1s)
1 prefill-1.7B-d16384      ggml-fa-f16        135263.3 us     500.1 GFLOP/s     0.6 GB/s  relerr 7.0e-06 ok (2.8s)
1 prefill-1.7B-d16384      ggml-nofa-f16      270976.0 us     249.7 GFLOP/s     0.3 GB/s  relerr 4.6e-04 ok (3.6s)
1 prefill-1.7B-d32768      kurn-amx-f16        38020.8 us    3586.7 GFLOP/s     3.8 GB/s  relerr 9.6e-03 ok (3.8s)
1 prefill-1.7B-d32768      kurn-amx-q8_0       40445.8 us    3371.6 GFLOP/s     2.0 GB/s  relerr 6.9e-03 ok (3.9s)
1 prefill-1.7B-d32768      kurn-amx-f16-t128x256    32789.4 us    4158.9 GFLOP/s     4.3 GB/s  relerr 9.6e-03 ok (3.7s)
1 prefill-1.7B-d32768      kurn-fma-f16        99320.0 us    1373.0 GFLOP/s     1.4 GB/s  relerr 8.2e-06 ok (4.0s)
1 prefill-1.7B-d32768      ggml-fa-f16        259359.5 us     525.8 GFLOP/s     0.6 GB/s  relerr 5.4e-06 ok (5.3s)
2 prefill-1.7B-d512        kurn-amx-f16         1181.7 us     910.4 GFLOP/s     8.9 GB/s  relerr 4.4e-03 ok (0.6s)
2 prefill-1.7B-d512        kurn-amx-q8_0        1447.0 us     743.5 GFLOP/s     6.6 GB/s  relerr 2.9e-03 ok (0.6s)
2 prefill-1.7B-d512        kurn-amx-f16-t128x256     1867.0 us     576.2 GFLOP/s     5.6 GB/s  relerr 4.4e-03 ok (0.6s)
2 prefill-1.7B-d512        kurn-fma-f16         1397.1 us     770.0 GFLOP/s     7.5 GB/s  relerr 6.3e-07 ok (0.6s)
2 prefill-1.7B-d512        ggml-fa-f16          3548.3 us     303.2 GFLOP/s     3.0 GB/s  relerr 6.0e-07 ok (0.6s)
2 prefill-1.7B-d512        ggml-nofa-f16       17621.9 us      61.0 GFLOP/s     0.6 GB/s  relerr 2.3e-04 ok (0.7s)
2 prefill-1.7B-d512        ggml-fa-q8_0        18100.5 us      59.4 GFLOP/s     0.5 GB/s  relerr 4.8e-03 ok (0.6s)
2 prefill-1.7B-d2048       kurn-amx-f16         2829.7 us    2657.0 GFLOP/s     5.9 GB/s  relerr 6.0e-03 ok (0.7s)
2 prefill-1.7B-d2048       kurn-amx-q8_0        3081.2 us    2440.0 GFLOP/s     4.2 GB/s  relerr 6.2e-03 ok (0.7s)
2 prefill-1.7B-d2048       kurn-amx-f16-t128x256     3363.5 us    2235.2 GFLOP/s     5.0 GB/s  relerr 6.0e-03 ok (0.7s)
2 prefill-1.7B-d2048       kurn-fma-f16         5897.8 us    1274.8 GFLOP/s     2.8 GB/s  relerr 2.1e-06 ok (0.7s)
2 prefill-1.7B-d2048       ggml-fa-f16         18024.5 us     417.1 GFLOP/s     0.9 GB/s  relerr 2.2e-06 ok (0.8s)
2 prefill-1.7B-d2048       ggml-nofa-f16       51911.8 us     144.8 GFLOP/s     0.3 GB/s  relerr 3.4e-04 ok (1.0s)
2 prefill-1.7B-d2048       ggml-fa-q8_0        90141.5 us      83.4 GFLOP/s     0.1 GB/s  relerr 1.0e-02 ok (0.9s)
2 prefill-1.7B-d8192       kurn-amx-f16        10235.8 us    3252.1 GFLOP/s     4.1 GB/s  relerr 5.0e-03 ok (1.3s)
2 prefill-1.7B-d8192       kurn-amx-q8_0       10127.5 us    3286.9 GFLOP/s     2.6 GB/s  relerr 4.5e-03 ok (1.4s)
2 prefill-1.7B-d8192       kurn-amx-f16-t128x256     8842.6 us    3764.5 GFLOP/s     4.7 GB/s  relerr 4.2e-03 ok (1.4s)
2 prefill-1.7B-d8192       kurn-fma-f16        24709.5 us    1347.2 GFLOP/s     1.7 GB/s  relerr 2.4e-06 ok (1.3s)
2 prefill-1.7B-d8192       ggml-fa-f16         69309.6 us     480.3 GFLOP/s     0.6 GB/s  relerr 4.5e-06 ok (1.7s)
2 prefill-1.7B-d8192       ggml-nofa-f16      142278.5 us     234.0 GFLOP/s     0.3 GB/s  relerr 6.2e-04 ok (2.2s)
2 prefill-1.7B-d8192       ggml-fa-q8_0       802586.5 us      41.5 GFLOP/s     0.0 GB/s  relerr 1.2e-02 ok (3.5s)
2 prefill-1.7B-d16384      kurn-amx-f16        20112.2 us    3363.5 GFLOP/s     3.8 GB/s  relerr 7.0e-03 ok (2.1s)
2 prefill-1.7B-d16384      kurn-amx-q8_0       21000.5 us    3221.2 GFLOP/s     2.1 GB/s  relerr 6.0e-03 ok (2.1s)
2 prefill-1.7B-d16384      kurn-amx-f16-t128x256    16590.9 us    4077.4 GFLOP/s     4.5 GB/s  relerr 7.0e-03 ok (2.1s)
2 prefill-1.7B-d16384      kurn-fma-f16        50201.5 us    1347.5 GFLOP/s     1.5 GB/s  relerr 4.5e-06 ok (2.1s)
2 prefill-1.7B-d16384      ggml-fa-f16        141995.2 us     476.4 GFLOP/s     0.5 GB/s  relerr 7.0e-06 ok (2.7s)
2 prefill-1.7B-d16384      ggml-nofa-f16      240138.9 us     281.7 GFLOP/s     0.3 GB/s  relerr 4.6e-04 ok (3.7s)
2 prefill-1.7B-d32768      kurn-amx-f16        37837.9 us    3604.0 GFLOP/s     3.8 GB/s  relerr 9.6e-03 ok (3.9s)
2 prefill-1.7B-d32768      kurn-amx-q8_0       40839.8 us    3339.1 GFLOP/s     1.9 GB/s  relerr 6.9e-03 ok (3.7s)
2 prefill-1.7B-d32768      kurn-amx-f16-t128x256    30840.0 us    4421.8 GFLOP/s     4.6 GB/s  relerr 9.6e-03 ok (3.7s)
2 prefill-1.7B-d32768      kurn-fma-f16        96229.8 us    1417.1 GFLOP/s     1.5 GB/s  relerr 8.2e-06 ok (4.0s)
2 prefill-1.7B-d32768      ggml-fa-f16        279549.6 us     487.8 GFLOP/s     0.5 GB/s  relerr 5.4e-06 ok (5.2s)
# wrote /path/to/attn/kurn/benchmarks/v0.2/attn/results/prefill_1.7B_pinned.csv
