### headline+amx queued 01:51:41
=== headline 03:46:02 load=27.30
rep0 q8_0 vnni16 a64 r8           hot  T=1      7.02 us   159.5 GB/s busy 7.98 drift +0.000
rep0 q8_0 vnni16 a64 r8           cold T=8    352.33 us    50.7 GB/s busy 8.00 drift +0.000
rep0 q4_0 i16 r2 (v0.2 base)      hot  T=1      7.76 us    76.7 GB/s busy 7.98 drift +0.000
rep0 q4_0 i16 r2 (v0.2 base)      cold T=8    221.29 us    42.7 GB/s busy 8.00 drift +0.000
rep0 q4_0 pair r2                 hot  T=1      5.28 us   112.7 GB/s busy 8.00 drift +0.000
rep0 q4_0 pair r2                 cold T=8    146.76 us    64.4 GB/s busy 8.00 drift +0.000
rep0 q4_K i16 r4 pf4 (v0.2 base)  hot  T=1      8.76 us    68.0 GB/s busy 8.00 drift +0.000
rep0 q4_K i16 r4 pf4 (v0.2 base)  cold T=8    211.06 us    44.8 GB/s busy 8.00 drift +0.000
rep0 q4_K mask16 dpmin r2         hot  T=1      6.24 us    95.5 GB/s busy 8.00 drift +0.000
rep0 q4_K mask16 dpmin r2         cold T=8    227.79 us    41.5 GB/s busy 8.00 drift +0.000
rep0 q4_K pair dpmin r2           hot  T=1      5.58 us   106.6 GB/s busy 7.98 drift +0.000
rep0 q4_K pair dpmin r2           cold T=8    155.82 us    60.7 GB/s busy 8.00 drift +0.000
rep0 v0.1 q4_K r4 pf4             hot  T=1     22.75 us    26.2 GB/s busy 8.00 drift +0.000
rep0 v0.1 q4_K r4 pf4             cold T=8    251.84 us    37.6 GB/s busy 8.00 drift +0.000
rep0 iq4_nl i16 r4 (v0.2 base)    hot  T=1      9.53 us    62.4 GB/s busy 7.98 drift +0.000
rep0 iq4_nl i16 r4 (v0.2 base)    cold T=8    147.98 us    63.9 GB/s busy 8.00 drift +0.000
rep0 iq4_nl perm r2               hot  T=1      7.74 us    76.9 GB/s busy 8.00 drift +0.000
rep0 iq4_nl perm r2               cold T=8    160.37 us    59.0 GB/s busy 8.00 drift +0.000
rep0 mxfp4 perm r2                hot  T=1      8.31 us    67.7 GB/s busy 8.00 drift +0.000
rep0 mxfp4 perm r2                cold T=8    222.40 us    40.2 GB/s busy 7.98 drift +0.000
rep0 nvfp4 perm r2                hot  T=1      8.75 us    68.0 GB/s busy 8.00 drift +0.000
rep0 nvfp4 perm r2                cold T=8    211.72 us    44.7 GB/s busy 8.00 drift +0.000
rep1 q8_0 vnni16 a64 r8           hot  T=1      7.86 us   142.4 GB/s busy 8.00 drift +0.000
rep1 q8_0 vnni16 a64 r8           cold T=8    349.94 us    51.0 GB/s busy 8.00 drift +0.000
rep1 q4_0 i16 r2 (v0.2 base)      hot  T=1      7.73 us    77.0 GB/s busy 8.00 drift +0.000
rep1 q4_0 i16 r2 (v0.2 base)      cold T=8    210.87 us    44.9 GB/s busy 8.00 drift +0.000
rep1 q4_0 pair r2                 hot  T=1      5.26 us   113.2 GB/s busy 8.00 drift +0.000
rep1 q4_0 pair r2                 cold T=8    138.02 us    68.5 GB/s busy 8.00 drift +0.000
rep1 q4_K i16 r4 pf4 (v0.2 base)  hot  T=1      8.42 us    70.7 GB/s busy 8.00 drift +0.000
rep1 q4_K i16 r4 pf4 (v0.2 base)  cold T=8    189.60 us    49.9 GB/s busy 8.00 drift +0.000
rep1 q4_K mask16 dpmin r2         hot  T=1      6.27 us    94.9 GB/s busy 7.94 drift +0.000
rep1 q4_K mask16 dpmin r2         cold T=8    158.03 us    59.9 GB/s busy 7.98 drift +0.000
rep1 q4_K pair dpmin r2           hot  T=1      5.52 us   107.8 GB/s busy 8.00 drift +0.000
rep1 q4_K pair dpmin r2           cold T=8    158.90 us    59.5 GB/s busy 8.00 drift +0.000
rep1 v0.1 q4_K r4 pf4             hot  T=1     22.84 us    26.1 GB/s busy 8.00 drift +0.000
rep1 v0.1 q4_K r4 pf4             cold T=8    300.14 us    31.5 GB/s busy 8.00 drift +0.000
rep1 iq4_nl i16 r4 (v0.2 base)    hot  T=1      9.44 us    63.1 GB/s busy 8.00 drift +0.000
rep1 iq4_nl i16 r4 (v0.2 base)    cold T=8    239.53 us    39.5 GB/s busy 8.00 drift +0.000
rep1 iq4_nl perm r2               hot  T=1      7.71 us    77.2 GB/s busy 8.00 drift +0.000
rep1 iq4_nl perm r2               cold T=8    236.27 us    40.0 GB/s busy 8.00 drift +0.000
rep1 mxfp4 perm r2                hot  T=1      8.31 us    67.6 GB/s busy 7.96 drift +0.000
rep1 mxfp4 perm r2                cold T=8    211.65 us    42.2 GB/s busy 8.00 drift +0.000
rep1 nvfp4 perm r2                hot  T=1      8.65 us    68.8 GB/s busy 8.00 drift +0.000
rep1 nvfp4 perm r2                cold T=8    195.76 us    48.3 GB/s busy 8.00 drift +0.000
rep2 q8_0 vnni16 a64 r8           hot  T=1      6.95 us   161.0 GB/s busy 7.98 drift +0.000
rep2 q8_0 vnni16 a64 r8           cold T=8    320.36 us    55.7 GB/s busy 8.00 drift +0.000
rep2 q4_0 i16 r2 (v0.2 base)      hot  T=1      7.84 us    75.9 GB/s busy 7.98 drift +0.000
rep2 q4_0 i16 r2 (v0.2 base)      cold T=8    357.71 us    26.4 GB/s busy 8.00 drift +0.000
rep2 q4_0 pair r2                 hot  T=1      5.27 us   112.9 GB/s busy 7.98 drift +0.000
rep2 q4_0 pair r2                 cold T=8    205.64 us    46.0 GB/s busy 8.00 drift +0.000
rep2 q4_K i16 r4 pf4 (v0.2 base)  hot  T=1      8.99 us    66.2 GB/s busy 7.98 drift +0.000
rep2 q4_K i16 r4 pf4 (v0.2 base)  cold T=8    210.99 us    44.8 GB/s busy 8.00 drift +0.000
rep2 q4_K mask16 dpmin r2         hot  T=1      6.24 us    95.5 GB/s busy 7.98 drift +0.000
rep2 q4_K mask16 dpmin r2         cold T=8    291.03 us    32.5 GB/s busy 8.00 drift +0.000
rep2 q4_K pair dpmin r2           hot  T=1      5.53 us   107.7 GB/s busy 8.00 drift +0.000
rep2 q4_K pair dpmin r2           cold T=8    208.50 us    45.4 GB/s busy 8.00 drift +0.000
rep2 v0.1 q4_K r4 pf4             hot  T=1     22.77 us    26.1 GB/s busy 8.00 drift +0.000
rep2 v0.1 q4_K r4 pf4             cold T=8    374.89 us    25.2 GB/s busy 8.00 drift +0.000
rep2 iq4_nl i16 r4 (v0.2 base)    hot  T=1      9.48 us    62.8 GB/s busy 7.96 drift +0.000
rep2 iq4_nl i16 r4 (v0.2 base)    cold T=8    218.02 us    43.4 GB/s busy 8.00 drift +0.000
rep2 iq4_nl perm r2               hot  T=1      7.69 us    77.4 GB/s busy 7.98 drift +0.000
rep2 iq4_nl perm r2               cold T=8    173.08 us    54.6 GB/s busy 8.00 drift +0.000
rep2 mxfp4 perm r2                hot  T=1      8.28 us    67.9 GB/s busy 8.00 drift +0.000
rep2 mxfp4 perm r2                cold T=8    144.23 us    61.9 GB/s busy 8.00 drift +0.000
rep2 nvfp4 perm r2                hot  T=1      8.67 us    68.7 GB/s busy 8.00 drift +0.000
rep2 nvfp4 perm r2                cold T=8    252.23 us    37.5 GB/s busy 8.00 drift +0.000

median of 3 (2026-10-03 03:50), wrote /path/to/kurn/benchmarks/v0.2/fourbit/results/headline.csv
config                       regime          us    GB/s  %roof  uJ/call  spread
q8_0 vnni16 a64 r8           hot/1        7.02   159.5      -     37.8   12.9%
q8_0 vnni16 a64 r8           cold/8      349.94    51.0    40%  14004.7    9.1%
q4_0 i16 r2 (v0.2 base)      hot/1        7.76    76.7      -     41.9    1.4%
q4_0 i16 r2 (v0.2 base)      cold/8      221.29    42.7    33%   8908.9   66.4%
q4_0 pair r2                 hot/1        5.27   112.9      -     28.4    0.4%
q4_0 pair r2                 cold/8      146.76    64.4    50%   6096.5   46.1%
q4_K i16 r4 pf4 (v0.2 base)  hot/1        8.76    68.0      -     46.3    6.5%
q4_K i16 r4 pf4 (v0.2 base)  cold/8      210.99    44.8    35%   8442.5   10.2%
q4_K mask16 dpmin r2         hot/1        6.24    95.5      -     33.6    0.6%
q4_K mask16 dpmin r2         cold/8      227.79    41.5    32%   9108.4   58.4%
q4_K pair dpmin r2           hot/1        5.53   107.7      -     29.8    1.1%
q4_K pair dpmin r2           cold/8      158.90    59.5    46%   6647.7   33.2%
v0.1 q4_K r4 pf4             hot/1       22.77    26.1      -    123.0    0.4%
v0.1 q4_K r4 pf4             cold/8      300.14    31.5    24%  12088.7   41.0%
iq4_nl i16 r4 (v0.2 base)    hot/1        9.48    62.8      -     50.8    1.0%
iq4_nl i16 r4 (v0.2 base)    cold/8      218.02    43.4    34%   8742.4   42.0%
iq4_nl perm r2               hot/1        7.71    77.2      -     41.6    0.6%
iq4_nl perm r2               cold/8      173.08    54.6    42%   7248.3   43.9%
mxfp4 perm r2                hot/1        8.31    67.7      -     44.6    0.4%
mxfp4 perm r2                cold/8      211.65    42.2    33%   8530.2   36.9%
nvfp4 perm r2                hot/1        8.67    68.7      -     46.7    1.1%
nvfp4 perm r2                cold/8      211.72    44.7    35%   8697.0   26.7%
=== amx 03:50:39 load=22.76
rep1 amx   M= 1     35.93 us/call     29.2 GMAC/s (useful)   16.42 GB/s  relerr 2.6e-07 ok
rep1 vnni  M= 1     11.10 us/call     94.4 GMAC/s (useful)   53.13 GB/s  relerr 2.6e-07 ok
rep1 amx   M= 2     37.92 us/call     55.3 GMAC/s (useful)   15.55 GB/s  relerr 3.1e-07 ok
rep1 vnni  M= 2     15.96 us/call    131.4 GMAC/s (useful)   36.96 GB/s  relerr 3.1e-07 ok
rep1 amx   M= 4     38.18 us/call    109.9 GMAC/s (useful)   15.45 GB/s  relerr 3.6e-07 ok
rep1 vnni  M= 4     25.08 us/call    167.2 GMAC/s (useful)   23.52 GB/s  relerr 3.6e-07 ok
rep1 amx   M= 8     41.91 us/call    200.2 GMAC/s (useful)   14.07 GB/s  relerr 3.6e-07 ok
rep1 vnni  M= 8     40.81 us/call    205.5 GMAC/s (useful)   14.45 GB/s  relerr 3.6e-07 ok
rep1 amx   M=16     56.90 us/call    294.8 GMAC/s (useful)   10.37 GB/s  relerr 3.6e-07 ok
rep1 vnni  M=16     86.12 us/call    194.8 GMAC/s (useful)    6.85 GB/s  relerr 3.6e-07 ok
rep2 amx   M= 1     35.33 us/call     29.7 GMAC/s (useful)   16.69 GB/s  relerr 2.6e-07 ok
rep2 vnni  M= 1     11.72 us/call     89.4 GMAC/s (useful)   50.31 GB/s  relerr 2.6e-07 ok
rep2 amx   M= 2     36.22 us/call     57.9 GMAC/s (useful)   16.29 GB/s  relerr 3.1e-07 ok
rep2 vnni  M= 2     15.82 us/call    132.5 GMAC/s (useful)   37.28 GB/s  relerr 3.1e-07 ok
rep2 amx   M= 4     41.60 us/call    100.8 GMAC/s (useful)   14.18 GB/s  relerr 3.6e-07 ok
rep2 vnni  M= 4     24.73 us/call    169.6 GMAC/s (useful)   23.85 GB/s  relerr 3.6e-07 ok
rep2 amx   M= 8     45.97 us/call    182.5 GMAC/s (useful)   12.83 GB/s  relerr 3.6e-07 ok
rep2 vnni  M= 8     40.80 us/call    205.6 GMAC/s (useful)   14.46 GB/s  relerr 3.6e-07 ok
rep2 amx   M=16     55.70 us/call    301.2 GMAC/s (useful)   10.59 GB/s  relerr 3.6e-07 ok
rep2 vnni  M=16     81.69 us/call    205.4 GMAC/s (useful)    7.22 GB/s  relerr 3.6e-07 ok
rep3 amx   M= 1     36.48 us/call     28.7 GMAC/s (useful)   16.17 GB/s  relerr 2.6e-07 ok
rep3 vnni  M= 1     11.19 us/call     93.7 GMAC/s (useful)   52.69 GB/s  relerr 2.6e-07 ok
rep3 amx   M= 2     41.33 us/call     50.7 GMAC/s (useful)   14.27 GB/s  relerr 3.1e-07 ok
rep3 vnni  M= 2     15.97 us/call    131.3 GMAC/s (useful)   36.92 GB/s  relerr 3.1e-07 ok
rep3 amx   M= 4     41.03 us/call    102.2 GMAC/s (useful)   14.38 GB/s  relerr 3.6e-07 ok
rep3 vnni  M= 4     25.12 us/call    167.0 GMAC/s (useful)   23.48 GB/s  relerr 3.6e-07 ok
rep3 amx   M= 8     41.89 us/call    200.2 GMAC/s (useful)   14.08 GB/s  relerr 3.6e-07 ok
rep3 vnni  M= 8     41.93 us/call    200.1 GMAC/s (useful)   14.07 GB/s  relerr 3.6e-07 ok
rep3 amx   M=16     54.77 us/call    306.3 GMAC/s (useful)   10.77 GB/s  relerr 3.6e-07 ok
rep3 vnni  M=16     80.98 us/call    207.2 GMAC/s (useful)    7.28 GB/s  relerr 3.6e-07 ok
### ppl queued 03:51:10
