# match p   (draft top-1 vs target greedy token, given the true prefix); prompt 63 tokens
1 0.999620
1 0.999897
1 0.999844
1 0.999974
0 0.818655
1 0.983618
1 0.928042
1 0.978815
1 0.636014
1 0.415019
0 0.790354
1 0.852594
0 0.952964
0 0.587313
1 0.992738
1 0.999984
1 0.996912
1 0.999854
1 0.872459
1 0.974016
1 0.790635
1 0.998554
1 0.999885
1 0.908400
1 0.775215
0 0.813850
1 0.543331
1 0.993981
1 0.998797
1 0.958236
1 0.954726
1 0.999992
1 0.997517
1 0.999998
0 0.768800
1 0.995419
1 0.999997
1 0.969571
1 0.889082
0 0.710608
1 0.935533
1 0.999957
1 0.999972
1 0.997717
1 0.999962
1 0.997038
1 0.993964
1 0.999856
1 0.999784
1 0.999557
1 0.998207
1 0.997162
1 0.998941
1 0.999935
1 0.999998
0 0.746959
1 0.571366
1 0.906869
1 0.996823
1 0.999417
1 0.874059
1 0.999968
1 0.998081
1 0.999877
1 1.000000
1 0.999992
1 0.926228
1 0.999899
1 0.999988
1 1.000000
1 0.999997
1 0.999974
1 0.999999
1 0.999998
1 0.963561
1 0.999841
1 0.999999
1 0.989601
1 0.977972
1 0.794638
1 0.999393
1 0.387136
0 0.756115
1 0.995535
1 0.979510
1 0.911336
0 0.443061
1 0.972126
1 0.496217
0 0.622568
1 0.983831
1 0.880810
1 0.981018
0 0.543775
0 0.667503
1 0.999895
0 0.958469
0 0.188953
1 0.822992
1 0.817329
0 0.360459
1 0.956747
1 0.999186
1 0.998434
1 0.997189
1 0.999398
1 0.999999
0 0.369257
1 0.885737
1 0.997705
1 0.999890
1 0.999944
1 0.999867
1 0.999593
0 0.770144
1 0.998390
1 0.657661
1 0.907129
1 0.565842
1 0.956848
1 0.892079
1 0.562579
1 0.680050
1 0.998666
1 0.995244
0 0.459413
0 0.812232
1 0.612801
1 0.996949
1 0.998738
1 0.998618
1 0.956360
1 0.894883
1 0.999996
1 0.791067
1 0.854513
1 0.981893
1 0.355460
1 0.951537
1 0.999598
1 0.992128
1 0.994123
1 0.999941
1 0.984394
1 0.994879
1 0.999622
1 0.999267
1 0.999043
1 0.998642
1 0.999984
1 0.999999
1 0.999997
1 0.999997
1 0.999996
1 0.999999
1 0.998922
1 0.477661
1 0.728105
1 0.796421
0 0.279654
0 0.395225
1 0.862046
0 0.506446
1 0.961637
1 0.946798
1 0.990718
1 0.739925
1 0.998765
1 0.991509
0 0.716509
1 0.363988
1 0.999979
1 0.999971
1 0.999992
1 0.995752
1 0.508451
1 0.998761
1 0.702672
0 0.378629
1 0.329750
0 0.345312
1 0.445336
1 0.334933
1 0.550221
0 0.546339
1 0.809746
1 0.982472
