# match p   (draft top-1 vs target greedy token, given the true prefix); prompt 87 tokens
1 0.999827
1 0.998108
1 0.999898
1 0.999982
1 0.969371
1 0.999955
1 0.999997
1 0.999483
1 0.997404
1 0.999968
1 0.999931
1 0.999993
0 0.912224
1 0.999826
1 0.999933
0 0.938797
1 0.998239
1 0.997861
1 0.999998
1 1.000000
1 0.999998
1 0.999999
1 0.998897
1 0.999998
1 0.999999
1 0.999603
1 1.000000
1 0.996959
1 0.999889
1 0.999998
1 0.999982
0 0.810370
1 0.999998
1 0.988533
1 0.997711
1 1.000000
1 0.999093
1 1.000000
1 1.000000
1 0.999980
1 0.999999
1 0.989710
1 0.642004
1 0.999995
1 0.998940
1 0.999452
1 1.000000
1 1.000000
1 1.000000
1 1.000000
1 0.999999
1 0.880902
1 0.999995
1 0.999592
1 1.000000
1 0.999998
1 0.999996
1 0.997728
1 0.999996
1 0.999992
1 0.999998
