# match p   (draft top-1 vs target greedy token, given the true prefix); prompt 42 tokens
1 0.999852
1 0.954662
1 0.999816
1 0.999968
1 0.449362
1 0.680309
1 0.996560
1 0.873127
1 0.998436
0 0.644486
1 0.998853
1 0.838175
1 0.954766
1 0.711347
1 0.985088
1 0.970514
1 0.995532
1 0.851909
0 0.239940
1 0.997843
1 0.614904
0 0.596971
1 0.915749
1 0.990181
0 0.512007
1 0.995822
1 0.996169
1 0.946745
1 0.926939
0 0.517084
1 0.917728
1 0.635519
1 0.831169
1 0.998282
1 0.387802
1 0.997045
0 0.260930
1 0.900890
1 0.966576
1 0.618257
1 0.993015
1 0.999854
1 0.708124
1 0.980600
1 0.956357
0 0.415187
1 0.999294
1 0.552949
0 0.599531
1 0.962824
1 0.991274
1 0.999992
