# match p   (draft top-1 vs target greedy token, given the true prefix); prompt 70 tokens
1 0.999664
1 0.998159
1 0.998315
1 0.999997
1 0.920868
1 0.908159
1 0.909121
1 0.411104
1 0.980624
1 0.356817
1 0.863971
1 0.949466
0 0.676640
0 0.926219
0 0.376756
0 0.540593
1 0.990839
1 0.652743
0 0.415344
1 0.980336
1 0.998697
1 0.999975
1 0.720739
1 0.854260
1 0.923731
1 0.999965
1 0.999990
1 0.999999
1 0.999814
1 0.786518
1 0.999980
1 1.000000
1 0.996670
1 0.999961
1 0.998664
1 0.999992
1 0.999994
1 0.999988
1 0.999837
1 0.921832
0 0.976451
1 0.989449
1 0.846750
0 0.453633
1 0.379008
0 0.561679
1 0.999359
1 0.999932
1 0.999988
1 0.999541
1 0.970821
1 0.999787
1 0.999751
1 0.998133
1 0.999899
1 0.963033
1 0.999947
1 0.999942
1 0.998806
1 0.999996
1 1.000000
1 1.000000
1 0.999948
1 0.999998
1 0.999992
1 0.999981
1 0.999996
1 0.999999
1 0.999515
1 0.999996
1 1.000000
1 0.999967
1 0.999999
1 0.999998
1 0.999996
1 0.999998
1 0.999999
1 0.999999
1 0.992862
1 0.799025
0 0.564593
1 0.871280
1 0.862201
1 0.645223
1 0.917625
0 0.438585
1 0.999365
1 0.969952
0 0.704086
1 0.982558
1 0.964250
0 0.573053
1 0.612415
1 0.998380
1 0.960012
1 0.993418
1 0.999897
1 0.999979
1 0.999908
1 0.999981
1 0.810265
1 0.910262
1 0.995300
1 0.991237
1 0.585787
1 0.999185
1 1.000000
1 1.000000
1 0.878480
1 0.847679
1 0.855109
1 0.923992
1 0.941077
1 0.589590
1 0.975803
1 0.946462
1 0.657783
1 0.858448
1 0.999828
1 0.984979
1 0.993377
1 0.999588
1 0.991186
1 0.948115
1 0.999994
1 0.999998
1 0.999904
1 0.976868
1 0.999993
1 0.999997
1 0.998168
1 0.999781
1 0.999867
1 1.000000
1 0.999996
1 0.999649
1 0.993915
1 0.999599
1 0.999996
1 1.000000
1 0.999977
1 0.999999
1 0.999999
1 1.000000
1 0.859474
1 0.999992
1 1.000000
1 0.998230
1 0.887457
1 0.999344
1 0.999913
1 0.999096
1 0.999996
1 0.993715
1 0.782228
1 0.999987
1 0.995684
0 0.567711
1 0.988535
1 0.969918
1 0.767914
1 0.653372
1 0.997235
1 0.966315
1 0.999987
1 0.999222
1 0.688435
0 0.981116
1 0.999292
1 0.999938
1 0.848960
1 0.827457
1 0.999899
1 0.940098
1 0.876808
1 0.999976
1 0.993371
1 0.956288
1 0.999976
1 0.986652
1 0.999290
1 0.997896
1 0.999867
1 0.952498
1 0.985144
1 0.997836
1 0.999993
1 0.999747
0 0.562259
1 0.768461
1 0.996477
1 1.000000
1 0.998728
1 0.995141
1 0.999993
1 0.999827
1 0.986866
1 0.999887
1 0.999897
0 0.711158
1 0.999775
1 0.999999
1 1.000000
1 0.999999
1 1.000000
1 0.847612
1 0.774885
1 0.934760
1 0.668655
1 0.997104
1 0.880045
1 0.600210
1 0.999998
0 0.528362
1 0.999512
1 0.999824
0 0.641810
0 0.759838
1 0.972465
1 0.849393
1 0.999753
1 0.994302
1 0.998952
1 0.999881
1 0.999612
1 0.998825
1 0.999996
1 0.999935
1 0.909554
1 0.997023
1 0.998743
1 0.910134
0 0.610308
1 0.834829
0 0.415092
1 0.999980
1 0.604252
1 0.997245
1 1.000000
1 0.990119
1 0.763014
1 0.996722
1 0.999977
1 0.995284
1 0.970132
1 0.999982
1 0.999429
1 0.999939
1 0.999917
1 0.998473
1 0.999971
1 0.999583
1 0.966801
1 0.995660
1 0.999802
1 0.997004
