# match p   (draft top-1 vs target greedy token, given the true prefix); prompt 26 tokens
1 0.999891
1 0.999793
1 0.999797
1 0.999978
1 0.965521
1 0.999998
0 0.381588
0 0.378709
1 0.913882
1 0.931092
1 0.833294
0 0.549208
1 0.983933
1 0.848454
0 0.713875
1 0.924943
1 0.711241
0 0.296616
1 0.961592
1 0.992566
0 0.686789
0 0.568797
0 0.482073
1 0.425455
1 0.989346
1 0.996085
1 0.999998
1 1.000000
1 0.999904
0 0.327483
1 0.990928
1 0.805461
1 0.994874
1 0.999995
1 0.971793
0 0.603546
1 0.734111
0 0.814820
0 0.363087
1 0.741050
0 0.289071
1 0.422153
0 0.171169
0 0.792335
0 0.281952
0 0.857641
0 0.730522
1 0.999138
1 0.999614
1 1.000000
1 1.000000
1 0.999999
0 0.193420
1 0.929908
1 0.782800
1 0.987220
1 0.999989
1 0.946686
0 0.581641
0 0.834086
1 0.958629
0 0.713671
0 0.699526
0 0.946029
1 0.850441
1 0.990521
1 0.556676
1 0.999938
1 0.999999
1 1.000000
1 0.999999
0 0.178914
1 0.517048
1 0.969472
1 0.999982
1 0.978365
1 0.796864
0 0.761869
0 0.957279
0 0.334981
1 0.630516
1 0.501385
0 0.718838
0 0.673712
1 0.991850
0 0.815654
0 0.988179
1 0.753709
0 0.498145
1 0.978787
1 0.999877
1 1.000000
1 1.000000
1 1.000000
1 0.251257
1 0.777587
1 0.995343
1 0.999989
1 0.979002
1 0.688089
1 0.987489
1 0.797019
0 0.568129
1 0.771783
1 0.891874
0 0.311526
1 0.998955
1 0.589681
0 0.271849
0 0.568633
1 0.968265
1 0.999907
1 1.000000
1 1.000000
1 1.000000
0 0.186307
1 0.992437
0 0.777893
1 0.729138
1 0.999978
1 0.394208
1 0.711155
1 0.806843
1 0.980177
0 0.627821
0 0.957730
1 0.599460
1 0.997263
1 0.774484
1 0.999507
1 0.999896
1 0.999999
1 1.000000
1 1.000000
0 0.200351
1 0.803825
0 0.739722
1 0.971872
1 0.976776
1 0.999659
0 0.353476
0 0.309748
0 0.668180
1 0.977672
0 0.421607
0 0.622662
1 0.895601
1 0.680935
1 0.968302
1 0.999897
1 1.000000
1 1.000000
1 1.000000
0 0.203650
1 0.921588
1 0.412980
1 0.986098
1 0.999902
1 0.901354
0 0.808600
1 0.998072
1 0.446968
1 0.756689
1 0.736865
1 0.343784
0 0.560580
0 0.258173
0 0.318235
0 0.744327
1 0.999594
1 0.995216
1 0.999758
1 1.000000
1 1.000000
1 0.999999
0 0.194972
0 0.203840
0 0.489718
1 0.992012
1 0.999961
1 0.954933
0 0.412722
0 0.585445
1 0.673780
1 0.916563
1 0.926190
0 0.608850
0 0.661194
1 0.999603
0 0.499593
0 0.363636
0 0.656664
1 0.470232
1 0.985533
1 0.999945
1 0.999915
1 1.000000
1 1.000000
1 0.999999
1 0.999995
0 0.204330
1 0.977555
1 0.936800
1 0.999901
0 0.994737
1 0.963828
1 0.619838
0 0.810465
0 0.828790
1 0.803869
1 0.733496
0 0.589315
1 0.995774
1 0.772977
0 0.516006
1 0.999153
1 0.999550
1 0.891478
1 0.997575
1 0.972591
1 1.000000
1 1.000000
1 1.000000
1 1.000000
0 0.209042
1 0.803319
1 0.997058
1 0.999948
1 0.952567
0 0.345000
0 0.846087
1 0.644499
1 0.575914
1 0.452054
1 0.984599
1 0.353732
1 0.999924
0 0.811480
0 0.574339
1 0.997570
1 0.326501
1 0.877953
1 0.999829
1 1.000000
1 1.000000
1 1.000000
1 0.999999
0 0.254400
0 0.533400
1 0.946146
1 0.999938
1 0.995249
1 0.960377
0 0.926758
0 0.752970
0 0.554035
