# match p   (draft top-1 vs target greedy token, given the true prefix); prompt 37 tokens
1 0.999802
1 0.999701
1 0.999834
1 0.999990
1 0.601152
1 0.695803
1 0.999618
1 0.861349
1 0.999899
1 0.992308
1 0.914033
1 0.979085
1 0.878004
1 0.998855
1 1.000000
1 1.000000
1 1.000000
1 0.999996
1 0.998509
1 0.998394
0 0.598482
1 0.384657
1 0.999289
1 0.984480
1 0.761474
1 0.996492
1 0.999886
1 0.944348
0 0.639014
1 0.999910
1 0.542868
1 0.225611
1 0.999996
1 0.415743
1 0.324206
0 0.943975
1 0.840486
0 0.745130
1 0.999984
1 0.791215
1 0.990487
1 0.994538
1 0.464219
1 0.972773
1 0.936411
0 0.685927
1 0.950414
0 0.603625
1 0.999256
1 0.911691
1 0.999243
1 0.800380
1 0.997697
1 0.533542
1 0.379527
0 0.482861
1 0.836002
1 0.992228
1 0.330263
1 0.999821
1 0.998814
1 0.999995
1 0.675008
1 0.990033
1 0.999912
1 0.979732
1 0.689214
0 0.777934
1 0.409319
1 0.999626
1 0.605798
1 0.858555
1 0.819744
1 0.997322
0 0.762269
1 0.918864
0 0.487429
1 0.999999
1 1.000000
1 0.999997
1 0.900868
0 0.582322
1 0.999993
0 0.553945
1 0.879959
1 0.973945
1 0.999936
1 0.746332
1 0.999864
1 0.710109
1 0.968679
1 0.999732
1 0.998680
1 0.999999
1 0.999988
1 0.999999
1 0.999994
1 0.993056
1 0.995283
1 0.602219
1 0.998060
1 0.871716
1 0.996299
1 0.446939
1 0.999955
0 0.665791
1 0.999722
1 0.774926
1 0.995890
1 0.999893
1 0.999569
1 0.991546
1 0.999798
1 0.999249
1 0.658133
1 0.833101
0 0.701483
1 0.601300
1 0.999485
1 0.998815
1 0.999999
1 1.000000
1 1.000000
1 0.999992
1 0.984808
0 0.341827
1 0.969193
1 0.999992
1 0.982525
1 0.972403
1 0.995358
1 0.999959
1 0.985310
1 0.978576
1 0.999963
1 0.979003
1 0.979794
1 0.999998
1 0.997158
1 0.997072
1 0.991946
1 0.991154
1 0.995072
1 0.999998
1 0.999417
1 0.999895
1 0.999995
1 0.999249
1 0.999742
1 0.999695
1 0.816085
1 0.999955
1 0.999200
1 0.999931
1 0.999941
1 0.997828
1 0.896570
0 0.543761
1 0.937183
1 0.998104
1 0.634164
1 0.997633
1 0.686489
1 0.987328
0 0.815907
1 0.999766
1 0.822240
1 0.999152
1 0.996104
1 0.999399
1 0.999973
1 0.995582
1 0.987792
1 0.947411
1 0.985696
1 0.684100
1 0.485527
1 0.833846
1 0.729901
1 0.642664
1 0.987594
1 0.864452
1 0.990852
1 0.999997
1 0.999994
1 0.999999
1 0.999996
1 0.951867
1 0.831251
1 0.902179
1 0.964186
1 0.998984
1 0.817208
1 0.999927
1 0.999973
1 0.698676
1 0.569567
1 0.939222
0 0.474569
1 0.884468
1 0.999998
1 0.999998
1 0.999999
1 0.999994
0 0.529414
1 0.685298
1 0.406220
1 0.999998
0 0.529344
1 0.949020
1 0.953559
0 0.967001
1 0.528258
1 0.921351
1 0.997644
1 0.999999
1 0.999990
1 0.999979
1 0.870419
1 0.833256
1 0.977069
1 0.999479
1 0.816781
1 0.999506
1 0.999971
1 0.881537
1 0.541015
1 0.968070
1 0.999951
1 0.999990
1 0.716686
1 0.998461
1 0.846457
1 0.993223
1 0.878644
1 0.973971
1 0.998454
1 0.999998
1 0.999988
1 0.999999
1 0.999999
1 0.949595
0 0.568388
1 0.988123
1 0.990371
1 0.690622
1 0.999993
1 0.999987
0 0.804448
1 0.995702
1 0.999961
1 0.993434
1 0.989865
1 0.999992
1 0.986800
1 0.966741
