# match p   (draft top-1 vs target greedy token, given the true prefix); prompt 33 tokens
1 0.999847
1 0.999684
1 0.999786
1 0.999995
0 0.431741
1 0.879779
1 0.931937
1 0.972853
1 0.987162
1 0.972391
1 0.981621
0 0.657843
1 0.548439
0 0.500105
1 0.917464
1 0.307935
1 0.570583
0 0.328988
1 0.999175
1 0.599405
0 0.416575
0 0.299852
1 0.595841
0 0.560212
1 0.997475
0 0.523501
1 0.376077
1 0.600197
0 0.335655
0 0.427724
1 0.908984
0 0.507440
0 0.285206
1 0.999534
0 0.522283
1 0.523221
1 0.481180
1 0.321566
0 0.754316
1 0.656567
1 0.980114
0 0.414455
1 0.818852
0 0.646719
1 0.428670
1 0.547058
0 0.306460
1 0.980243
1 0.732320
1 0.385397
1 0.864106
1 0.622112
1 0.544083
0 0.542619
0 0.573017
0 0.694431
1 0.999898
0 0.272469
0 0.733899
1 0.984422
1 0.706084
0 0.623808
1 0.901100
1 0.999101
1 0.946458
1 0.971668
1 0.985682
1 0.995596
1 0.997356
1 0.998883
1 0.999747
1 0.991778
1 0.796095
0 0.730696
0 0.673144
1 0.729239
1 0.665318
0 0.499951
1 0.991105
1 0.907333
1 0.986286
1 0.999974
0 0.620807
1 0.998512
0 0.611426
0 0.478215
1 0.667330
0 0.575457
1 0.999864
1 0.999923
1 0.966063
0 0.557036
1 0.921296
1 0.937415
0 0.963866
0 0.863690
1 0.960449
1 0.949199
1 0.837585
1 0.981600
1 0.981832
1 0.999964
1 0.982261
0 0.982707
0 0.352369
1 0.743875
1 0.974742
0 0.276892
1 0.523538
1 0.835486
1 0.904625
1 0.998804
0 0.914296
0 0.863652
1 0.905337
1 0.999995
1 0.620976
0 0.570743
1 0.727078
1 0.654766
1 0.535525
1 0.365607
0 0.597919
1 0.718711
1 0.869232
1 0.868176
0 0.485983
1 0.377327
1 0.569286
0 0.444153
0 0.478456
1 0.999986
1 0.682110
0 0.570874
0 0.616432
1 0.942948
1 0.386356
1 0.262475
1 0.509595
1 0.820658
1 0.993904
1 0.690799
1 0.999985
1 0.990439
1 0.428669
1 0.491654
0 0.716685
1 0.659549
0 0.467318
1 0.937324
1 0.999931
1 0.450621
1 0.786501
1 0.996902
0 0.662598
1 0.451447
0 0.266293
0 0.514346
1 0.579822
1 0.920463
0 0.462017
1 0.934216
1 0.739155
1 0.432691
0 0.454113
1 0.583268
0 0.310215
0 0.474387
1 0.976865
1 0.590228
0 0.538519
1 0.855463
1 0.947307
1 0.999887
0 0.358415
0 0.576006
1 0.594658
0 0.336861
1 0.745837
0 0.305886
1 0.664254
1 0.963144
0 0.485951
0 0.241354
1 0.999877
1 0.422314
0 0.561283
0 0.816321
1 0.999978
1 0.779160
1 0.994472
1 0.840459
0 0.426178
0 0.613280
0 0.958125
0 0.764404
1 0.512977
1 0.996157
1 0.280313
0 0.165648
0 0.231962
0 0.465389
0 0.278423
0 0.474429
0 0.292671
1 0.794995
0 0.817757
1 0.954475
1 0.802258
1 0.876773
0 0.438351
1 0.981360
1 0.944639
1 0.893615
1 0.999983
0 0.628977
0 0.486588
1 0.999836
1 0.999979
1 0.999995
1 0.999985
0 0.628056
0 0.659560
0 0.972929
1 0.938577
0 0.819437
0 0.251414
1 0.897173
1 0.988064
1 0.999939
1 0.859563
1 0.998990
0 0.327166
1 0.633374
1 0.995591
1 0.999738
1 0.998233
1 0.486574
1 0.490590
1 0.966421
0 0.277638
0 0.391860
0 0.658826
1 0.822550
1 0.988550
0 0.192553
1 0.983307
0 0.658006
1 0.566868
1 0.993108
1 0.603199
1 0.543853
0 0.426527
0 0.527969
1 0.608963
0 0.593817
