# match p   (draft top-1 vs target greedy token, given the true prefix); prompt 32 tokens
1 0.999833
1 0.999632
1 0.999479
1 0.999982
0 0.583320
1 0.669254
1 0.999810
1 0.996162
1 0.995854
1 0.999912
1 0.999528
1 0.952778
0 0.853179
1 0.985124
1 0.999934
1 0.999976
1 0.875895
1 0.993311
0 0.231291
1 0.674538
0 0.621349
0 0.856909
0 0.954917
1 0.986936
0 0.599312
1 0.991994
0 0.336701
1 0.998926
1 0.962440
1 0.680169
0 0.268037
0 0.592349
0 0.549661
1 0.998061
1 0.985883
1 0.999001
1 0.999927
1 0.953656
1 0.993883
1 0.994575
1 0.735370
1 0.977955
0 0.920390
1 0.716317
0 0.694174
0 0.308865
1 0.988637
1 0.844163
1 0.874669
1 0.371840
0 0.442844
0 0.489001
0 0.478294
1 0.700202
0 0.808704
0 0.670133
1 0.999672
1 0.468465
1 0.998101
1 0.999935
1 0.807912
1 0.998812
0 0.917791
1 0.441909
0 0.345924
1 0.346481
0 0.739742
1 0.745442
1 0.966878
1 0.998700
1 0.999179
1 0.684439
0 0.714235
0 0.879778
0 0.450437
0 0.828141
1 0.996208
0 0.459825
1 0.893468
1 0.996068
0 0.829138
1 0.977568
0 0.747864
0 0.277738
0 0.547818
0 0.882241
1 0.913246
1 0.430816
0 0.393072
1 0.997937
1 0.461175
1 0.999937
0 0.815289
1 0.996257
1 0.977211
1 0.597860
1 0.623512
1 0.502977
0 0.633482
1 0.563611
1 0.627724
0 0.336681
1 0.678460
0 0.426024
0 0.406985
1 0.999726
1 0.959462
1 0.996692
1 0.959983
1 0.452202
0 0.816098
1 0.490241
1 0.540410
0 0.288454
1 0.979988
0 0.375901
1 0.962229
1 0.495309
0 0.303809
0 0.239849
1 0.999888
1 0.999995
1 0.449630
0 0.546550
1 0.242781
1 0.987069
0 0.935147
0 0.712903
1 0.999747
1 0.756958
0 0.734515
0 0.514936
0 0.585316
1 0.780090
0 0.478029
1 0.522803
1 0.999974
0 0.575874
1 0.286312
1 0.799717
0 0.448035
1 0.778673
0 0.328261
1 0.997028
1 0.987068
0 0.572165
0 0.357945
0 0.925780
1 0.978133
0 0.533921
0 0.291311
0 0.968973
0 0.377206
0 0.592485
0 0.515492
0 0.275637
1 0.675375
0 0.450166
1 0.949425
1 0.893909
1 0.724538
1 0.999725
0 0.746262
1 0.999991
1 0.861898
0 0.264460
0 0.456035
1 0.992238
0 0.505697
1 0.987047
0 0.230133
0 0.510324
0 0.672535
1 0.975094
1 0.607333
1 0.999992
0 0.493443
1 0.555125
0 0.347703
0 0.752593
1 0.986240
1 0.882069
1 0.999982
1 0.565832
0 0.457854
1 0.528910
1 0.759611
0 0.331309
0 0.239151
1 0.760934
0 0.511961
0 0.512487
1 0.799889
0 0.374731
0 0.465138
0 0.873394
1 0.999834
1 0.999981
1 0.869554
0 0.249570
1 1.000000
0 0.341965
1 0.999973
0 0.427870
0 0.272828
1 0.993927
1 0.665974
1 0.826062
1 0.699342
1 0.946755
0 0.376329
0 0.819366
1 0.501196
0 0.360783
1 0.999999
1 0.998772
1 0.940315
1 0.896148
1 0.636080
1 0.727612
1 0.381941
0 0.427420
0 0.717891
0 0.578543
0 0.341401
1 0.616838
1 0.668820
1 0.590355
1 0.451635
0 0.196493
0 0.484012
1 0.592154
1 0.988277
0 0.732551
1 0.830202
0 0.562937
1 0.808586
1 0.999998
1 0.998686
1 0.521499
0 0.832318
1 0.962880
0 0.961157
1 0.451227
0 0.442708
0 0.658101
1 0.701520
0 0.430775
1 0.894533
0 0.403724
1 0.698254
1 0.999982
0 0.318293
0 0.329073
1 0.475358
1 0.996314
