q8_0 hot {'layout': 'native', 'align': 'packed', 'rows': 1, 'cols': 1, 'act': 'once', 'prefetch': 0, 'unpack': 'auto', 'correction': 'auto', 'scales': 'auto', 'accum': 'auto'} 23.8 us 130 uJ
q8_0 hot {'layout': 'native', 'align': 'packed', 'rows': 1, 'cols': 1, 'act': 'once', 'prefetch': 4, 'unpack': 'auto', 'correction': 'auto', 'scales': 'auto', 'accum': 'auto'} 21.2 us 116 uJ
q8_0 hot {'layout': 'native', 'align': 'packed', 'rows': 1, 'cols': 1, 'act': 'once', 'prefetch': 8, 'unpack': 'auto', 'correction': 'auto', 'scales': 'auto', 'accum': 'auto'} 21.1 us 115 uJ
q8_0 hot {'layout': 'native', 'align': 'packed', 'rows': 1, 'cols': 1, 'act': 'inline', 'prefetch': 0, 'unpack': 'auto', 'correction': 'auto', 'scales': 'auto', 'accum': 'auto'} 38.8 us 212 uJ
q8_0 hot {'layout': 'native', 'align': 'packed', 'rows': 1, 'cols': 1, 'act': 'inline', 'prefetch': 4, 'unpack': 'auto', 'correction': 'auto', 'scales': 'auto', 'accum': 'auto'} 37.8 us 207 uJ
q8_0 hot {'layout': 'native', 'align': 'packed', 'rows': 1, 'cols': 1, 'act': 'inline', 'prefetch': 8, 'unpack': 'auto', 'correction': 'auto', 'scales': 'auto', 'accum': 'auto'} 37.8 us 207 uJ
q8_0 hot {'layout': 'native', 'align': 'packed', 'rows': 2, 'cols': 1, 'act': 'once', 'prefetch': 0, 'unpack': 'auto', 'correction': 'auto', 'scales': 'auto', 'accum': 'auto'} 22.4 us 123 uJ
q8_0 hot {'layout': 'native', 'align': 'packed', 'rows': 2, 'cols': 1, 'act': 'once', 'prefetch': 4, 'unpack': 'auto', 'correction': 'auto', 'scales': 'auto', 'accum': 'auto'} 21.1 us 115 uJ
q8_0 hot {'layout': 'native', 'align': 'packed', 'rows': 2, 'cols': 1, 'act': 'once', 'prefetch': 8, 'unpack': 'auto', 'correction': 'auto', 'scales': 'auto', 'accum': 'auto'} 21.1 us 115 uJ
q8_0 hot {'layout': 'native', 'align': 'packed', 'rows': 2, 'cols': 1, 'act': 'inline', 'prefetch': 0, 'unpack': 'auto', 'correction': 'auto', 'scales': 'auto', 'accum': 'auto'} 32.9 us 180 uJ
q8_0 hot {'layout': 'native', 'align': 'packed', 'rows': 2, 'cols': 1, 'act': 'inline', 'prefetch': 4, 'unpack': 'auto', 'correction': 'auto', 'scales': 'auto', 'accum': 'auto'} 32.6 us 178 uJ
q8_0 hot {'layout': 'native', 'align': 'packed', 'rows': 2, 'cols': 1, 'act': 'inline', 'prefetch': 8, 'unpack': 'auto', 'correction': 'auto', 'scales': 'auto', 'accum': 'auto'} 32.5 us 178 uJ
q8_0 hot {'layout': 'native', 'align': 'packed', 'rows': 4, 'cols': 1, 'act': 'once', 'prefetch': 0, 'unpack': 'auto', 'correction': 'auto', 'scales': 'auto', 'accum': 'auto'} 21.3 us 117 uJ
q8_0 hot {'layout': 'native', 'align': 'packed', 'rows': 4, 'cols': 1, 'act': 'once', 'prefetch': 4, 'unpack': 'auto', 'correction': 'auto', 'scales': 'auto', 'accum': 'auto'} 21.2 us 116 uJ
q8_0 hot {'layout': 'native', 'align': 'packed', 'rows': 4, 'cols': 1, 'act': 'once', 'prefetch': 8, 'unpack': 'auto', 'correction': 'auto', 'scales': 'auto', 'accum': 'auto'} 21.2 us 116 uJ
q8_0 hot {'layout': 'native', 'align': 'packed', 'rows': 4, 'cols': 1, 'act': 'inline', 'prefetch': 0, 'unpack': 'auto', 'correction': 'auto', 'scales': 'auto', 'accum': 'auto'} 29.9 us 163 uJ
q8_0 hot {'layout': 'native', 'align': 'packed', 'rows': 4, 'cols': 1, 'act': 'inline', 'prefetch': 4, 'unpack': 'auto', 'correction': 'auto', 'scales': 'auto', 'accum': 'auto'} 30.2 us 165 uJ
q8_0 hot {'layout': 'native', 'align': 'packed', 'rows': 4, 'cols': 1, 'act': 'inline', 'prefetch': 8, 'unpack': 'auto', 'correction': 'auto', 'scales': 'auto', 'accum': 'auto'} 29.8 us 163 uJ
q8_0 hot {'layout': 'native', 'align': 'packed', 'rows': 8, 'cols': 1, 'act': 'once', 'prefetch': 0, 'unpack': 'auto', 'correction': 'auto', 'scales': 'auto', 'accum': 'auto'} 21.4 us 117 uJ
q8_0 hot {'layout': 'native', 'align': 'packed', 'rows': 8, 'cols': 1, 'act': 'once', 'prefetch': 4, 'unpack': 'auto', 'correction': 'auto', 'scales': 'auto', 'accum': 'auto'} 21.6 us 118 uJ
q8_0 hot {'layout': 'native', 'align': 'packed', 'rows': 8, 'cols': 1, 'act': 'once', 'prefetch': 8, 'unpack': 'auto', 'correction': 'auto', 'scales': 'auto', 'accum': 'auto'} 21.8 us 119 uJ
q8_0 hot {'layout': 'native', 'align': 'packed', 'rows': 8, 'cols': 1, 'act': 'inline', 'prefetch': 0, 'unpack': 'auto', 'correction': 'auto', 'scales': 'auto', 'accum': 'auto'} 28.5 us 156 uJ
q8_0 hot {'layout': 'native', 'align': 'packed', 'rows': 8, 'cols': 1, 'act': 'inline', 'prefetch': 4, 'unpack': 'auto', 'correction': 'auto', 'scales': 'auto', 'accum': 'auto'} 28.5 us 156 uJ
q8_0 hot {'layout': 'native', 'align': 'packed', 'rows': 8, 'cols': 1, 'act': 'inline', 'prefetch': 8, 'unpack': 'auto', 'correction': 'auto', 'scales': 'auto', 'accum': 'auto'} 28.4 us 155 uJ
q8_0 hot {'layout': 'vnni16', 'align': 'packed', 'rows': 1, 'cols': 1, 'act': 'once', 'prefetch': 0, 'unpack': 'auto', 'correction': 'auto', 'scales': 'auto', 'accum': 'auto'} 10.2 us 56 uJ
q8_0 hot {'layout': 'vnni16', 'align': 'packed', 'rows': 1, 'cols': 1, 'act': 'once', 'prefetch': 4, 'unpack': 'auto', 'correction': 'auto', 'scales': 'auto', 'accum': 'auto'} 10.8 us 59 uJ
q8_0 hot {'layout': 'vnni16', 'align': 'packed', 'rows': 1, 'cols': 1, 'act': 'once', 'prefetch': 8, 'unpack': 'auto', 'correction': 'auto', 'scales': 'auto', 'accum': 'auto'} 10.8 us 59 uJ
q8_0 hot {'layout': 'vnni16', 'align': 'packed', 'rows': 2, 'cols': 1, 'act': 'once', 'prefetch': 0, 'unpack': 'auto', 'correction': 'auto', 'scales': 'auto', 'accum': 'auto'} 9.4 us 51 uJ
q8_0 hot {'layout': 'vnni16', 'align': 'packed', 'rows': 2, 'cols': 1, 'act': 'once', 'prefetch': 4, 'unpack': 'auto', 'correction': 'auto', 'scales': 'auto', 'accum': 'auto'} 9.6 us 53 uJ
q8_0 hot {'layout': 'vnni16', 'align': 'packed', 'rows': 2, 'cols': 1, 'act': 'once', 'prefetch': 8, 'unpack': 'auto', 'correction': 'auto', 'scales': 'auto', 'accum': 'auto'} 9.6 us 53 uJ
q8_0 hot {'layout': 'vnni16', 'align': 'packed', 'rows': 4, 'cols': 1, 'act': 'once', 'prefetch': 0, 'unpack': 'auto', 'correction': 'auto', 'scales': 'auto', 'accum': 'auto'} 8.9 us 49 uJ
q8_0 hot {'layout': 'vnni16', 'align': 'packed', 'rows': 4, 'cols': 1, 'act': 'once', 'prefetch': 4, 'unpack': 'auto', 'correction': 'auto', 'scales': 'auto', 'accum': 'auto'} 9.1 us 50 uJ
q8_0 hot {'layout': 'vnni16', 'align': 'packed', 'rows': 4, 'cols': 1, 'act': 'once', 'prefetch': 8, 'unpack': 'auto', 'correction': 'auto', 'scales': 'auto', 'accum': 'auto'} 9.2 us 50 uJ
q8_0 hot {'layout': 'vnni16', 'align': 'packed', 'rows': 8, 'cols': 1, 'act': 'once', 'prefetch': 0, 'unpack': 'auto', 'correction': 'auto', 'scales': 'auto', 'accum': 'auto'} 10.6 us 58 uJ
q8_0 hot {'layout': 'vnni16', 'align': 'packed', 'rows': 8, 'cols': 1, 'act': 'once', 'prefetch': 4, 'unpack': 'auto', 'correction': 'auto', 'scales': 'auto', 'accum': 'auto'} 9.4 us 52 uJ
q8_0 hot {'layout': 'vnni16', 'align': 'packed', 'rows': 8, 'cols': 1, 'act': 'once', 'prefetch': 8, 'unpack': 'auto', 'correction': 'auto', 'scales': 'auto', 'accum': 'auto'} 10.5 us 57 uJ
q8_0 hot {'layout': 'vnni16', 'align': 64, 'rows': 1, 'cols': 1, 'act': 'once', 'prefetch': 0, 'unpack': 'auto', 'correction': 'auto', 'scales': 'auto', 'accum': 'auto'} 8.5 us 46 uJ
q8_0 hot {'layout': 'vnni16', 'align': 64, 'rows': 1, 'cols': 1, 'act': 'once', 'prefetch': 4, 'unpack': 'auto', 'correction': 'auto', 'scales': 'auto', 'accum': 'auto'} 10.5 us 57 uJ
q8_0 hot {'layout': 'vnni16', 'align': 64, 'rows': 1, 'cols': 1, 'act': 'once', 'prefetch': 8, 'unpack': 'auto', 'correction': 'auto', 'scales': 'auto', 'accum': 'auto'} 8.8 us 48 uJ
q8_0 hot {'layout': 'vnni16', 'align': 64, 'rows': 2, 'cols': 1, 'act': 'once', 'prefetch': 0, 'unpack': 'auto', 'correction': 'auto', 'scales': 'auto', 'accum': 'auto'} 7.6 us 41 uJ
q8_0 hot {'layout': 'vnni16', 'align': 64, 'rows': 2, 'cols': 1, 'act': 'once', 'prefetch': 4, 'unpack': 'auto', 'correction': 'auto', 'scales': 'auto', 'accum': 'auto'} 8.7 us 48 uJ
q8_0 hot {'layout': 'vnni16', 'align': 64, 'rows': 2, 'cols': 1, 'act': 'once', 'prefetch': 8, 'unpack': 'auto', 'correction': 'auto', 'scales': 'auto', 'accum': 'auto'} 7.7 us 42 uJ
q8_0 hot {'layout': 'vnni16', 'align': 64, 'rows': 4, 'cols': 1, 'act': 'once', 'prefetch': 0, 'unpack': 'auto', 'correction': 'auto', 'scales': 'auto', 'accum': 'auto'} 7.1 us 39 uJ
q8_0 hot {'layout': 'vnni16', 'align': 64, 'rows': 4, 'cols': 1, 'act': 'once', 'prefetch': 4, 'unpack': 'auto', 'correction': 'auto', 'scales': 'auto', 'accum': 'auto'} 7.5 us 41 uJ
q8_0 hot {'layout': 'vnni16', 'align': 64, 'rows': 4, 'cols': 1, 'act': 'once', 'prefetch': 8, 'unpack': 'auto', 'correction': 'auto', 'scales': 'auto', 'accum': 'auto'} 7.5 us 41 uJ
q8_0 hot {'layout': 'vnni16', 'align': 64, 'rows': 8, 'cols': 1, 'act': 'once', 'prefetch': 0, 'unpack': 'auto', 'correction': 'auto', 'scales': 'auto', 'accum': 'auto'} 6.9 us 38 uJ
q8_0 hot {'layout': 'vnni16', 'align': 64, 'rows': 8, 'cols': 1, 'act': 'once', 'prefetch': 4, 'unpack': 'auto', 'correction': 'auto', 'scales': 'auto', 'accum': 'auto'} 7.4 us 40 uJ
q8_0 hot {'layout': 'vnni16', 'align': 64, 'rows': 8, 'cols': 1, 'act': 'once', 'prefetch': 8, 'unpack': 'auto', 'correction': 'auto', 'scales': 'auto', 'accum': 'auto'} 8.1 us 44 uJ
q8_0 hot {'layout': 'i16', 'align': 'packed', 'rows': 1, 'cols': 1, 'act': 'once', 'prefetch': 0, 'unpack': 'none', 'correction': 'act', 'scales': 'unpacked', 'accum': 'float'} 10.4 us 57 uJ
q8_0 hot {'layout': 'i16', 'align': 'packed', 'rows': 1, 'cols': 1, 'act': 'once', 'prefetch': 0, 'unpack': 'none', 'correction': 'weight', 'scales': 'unpacked', 'accum': 'float'} 12.7 us 69 uJ
q8_0 hot {'layout': 'i16', 'align': 'packed', 'rows': 1, 'cols': 1, 'act': 'once', 'prefetch': 4, 'unpack': 'none', 'correction': 'act', 'scales': 'unpacked', 'accum': 'float'} 10.0 us 55 uJ
q8_0 hot {'layout': 'i16', 'align': 'packed', 'rows': 1, 'cols': 1, 'act': 'once', 'prefetch': 4, 'unpack': 'none', 'correction': 'weight', 'scales': 'unpacked', 'accum': 'float'} 12.3 us 67 uJ
q8_0 hot {'layout': 'i16', 'align': 'packed', 'rows': 1, 'cols': 1, 'act': 'once', 'prefetch': 8, 'unpack': 'none', 'correction': 'act', 'scales': 'unpacked', 'accum': 'float'} 10.1 us 56 uJ
q8_0 hot {'layout': 'i16', 'align': 'packed', 'rows': 1, 'cols': 1, 'act': 'once', 'prefetch': 8, 'unpack': 'none', 'correction': 'weight', 'scales': 'unpacked', 'accum': 'float'} 12.7 us 70 uJ
q8_0 hot {'layout': 'i16', 'align': 'packed', 'rows': 2, 'cols': 1, 'act': 'once', 'prefetch': 0, 'unpack': 'none', 'correction': 'act', 'scales': 'unpacked', 'accum': 'float'} 10.0 us 55 uJ
q8_0 hot {'layout': 'i16', 'align': 'packed', 'rows': 2, 'cols': 1, 'act': 'once', 'prefetch': 0, 'unpack': 'none', 'correction': 'weight', 'scales': 'unpacked', 'accum': 'float'} 11.5 us 63 uJ
q8_0 hot {'layout': 'i16', 'align': 'packed', 'rows': 2, 'cols': 1, 'act': 'once', 'prefetch': 4, 'unpack': 'none', 'correction': 'act', 'scales': 'unpacked', 'accum': 'float'} 10.2 us 56 uJ
q8_0 hot {'layout': 'i16', 'align': 'packed', 'rows': 2, 'cols': 1, 'act': 'once', 'prefetch': 4, 'unpack': 'none', 'correction': 'weight', 'scales': 'unpacked', 'accum': 'float'} 11.7 us 64 uJ
q8_0 hot {'layout': 'i16', 'align': 'packed', 'rows': 2, 'cols': 1, 'act': 'once', 'prefetch': 8, 'unpack': 'none', 'correction': 'act', 'scales': 'unpacked', 'accum': 'float'} 9.7 us 53 uJ
q8_0 hot {'layout': 'i16', 'align': 'packed', 'rows': 2, 'cols': 1, 'act': 'once', 'prefetch': 8, 'unpack': 'none', 'correction': 'weight', 'scales': 'unpacked', 'accum': 'float'} 12.0 us 66 uJ
q8_0 hot {'layout': 'i16', 'align': 'packed', 'rows': 4, 'cols': 1, 'act': 'once', 'prefetch': 0, 'unpack': 'none', 'correction': 'act', 'scales': 'unpacked', 'accum': 'float'} 9.9 us 54 uJ
q8_0 hot {'layout': 'i16', 'align': 'packed', 'rows': 4, 'cols': 1, 'act': 'once', 'prefetch': 0, 'unpack': 'none', 'correction': 'weight', 'scales': 'unpacked', 'accum': 'float'} 10.5 us 57 uJ
q8_0 hot {'layout': 'i16', 'align': 'packed', 'rows': 4, 'cols': 1, 'act': 'once', 'prefetch': 4, 'unpack': 'none', 'correction': 'act', 'scales': 'unpacked', 'accum': 'float'} 10.0 us 55 uJ
q8_0 hot {'layout': 'i16', 'align': 'packed', 'rows': 4, 'cols': 1, 'act': 'once', 'prefetch': 4, 'unpack': 'none', 'correction': 'weight', 'scales': 'unpacked', 'accum': 'float'} 10.6 us 58 uJ
q8_0 hot {'layout': 'i16', 'align': 'packed', 'rows': 4, 'cols': 1, 'act': 'once', 'prefetch': 8, 'unpack': 'none', 'correction': 'act', 'scales': 'unpacked', 'accum': 'float'} 9.0 us 49 uJ
q8_0 hot {'layout': 'i16', 'align': 'packed', 'rows': 4, 'cols': 1, 'act': 'once', 'prefetch': 8, 'unpack': 'none', 'correction': 'weight', 'scales': 'unpacked', 'accum': 'float'} 11.6 us 63 uJ
q8_0 cold {'layout': 'native', 'align': 'packed', 'rows': 1, 'cols': 1, 'act': 'once', 'prefetch': 0, 'unpack': 'auto', 'correction': 'auto', 'scales': 'auto', 'accum': 'auto'} 296.6 us 12968 uJ
q8_0 cold {'layout': 'native', 'align': 'packed', 'rows': 1, 'cols': 1, 'act': 'once', 'prefetch': 4, 'unpack': 'auto', 'correction': 'auto', 'scales': 'auto', 'accum': 'auto'} 270.1 us 11814 uJ
q8_0 cold {'layout': 'native', 'align': 'packed', 'rows': 1, 'cols': 1, 'act': 'once', 'prefetch': 8, 'unpack': 'auto', 'correction': 'auto', 'scales': 'auto', 'accum': 'auto'} 264.5 us 11564 uJ
q8_0 cold {'layout': 'native', 'align': 'packed', 'rows': 1, 'cols': 1, 'act': 'inline', 'prefetch': 0, 'unpack': 'auto', 'correction': 'auto', 'scales': 'auto', 'accum': 'auto'} 343.6 us 15027 uJ
q8_0 cold {'layout': 'native', 'align': 'packed', 'rows': 1, 'cols': 1, 'act': 'inline', 'prefetch': 4, 'unpack': 'auto', 'correction': 'auto', 'scales': 'auto', 'accum': 'auto'} 329.2 us 14400 uJ
q8_0 cold {'layout': 'native', 'align': 'packed', 'rows': 1, 'cols': 1, 'act': 'inline', 'prefetch': 8, 'unpack': 'auto', 'correction': 'auto', 'scales': 'auto', 'accum': 'auto'} 275.5 us 12053 uJ
q8_0 cold {'layout': 'native', 'align': 'packed', 'rows': 2, 'cols': 1, 'act': 'once', 'prefetch': 0, 'unpack': 'auto', 'correction': 'auto', 'scales': 'auto', 'accum': 'auto'} 256.8 us 11233 uJ
q8_0 cold {'layout': 'native', 'align': 'packed', 'rows': 2, 'cols': 1, 'act': 'once', 'prefetch': 4, 'unpack': 'auto', 'correction': 'auto', 'scales': 'auto', 'accum': 'auto'} 238.7 us 10440 uJ
q8_0 cold {'layout': 'native', 'align': 'packed', 'rows': 2, 'cols': 1, 'act': 'once', 'prefetch': 8, 'unpack': 'auto', 'correction': 'auto', 'scales': 'auto', 'accum': 'auto'} 220.1 us 9630 uJ
q8_0 cold {'layout': 'native', 'align': 'packed', 'rows': 2, 'cols': 1, 'act': 'inline', 'prefetch': 0, 'unpack': 'auto', 'correction': 'auto', 'scales': 'auto', 'accum': 'auto'} 247.4 us 10826 uJ
q8_0 cold {'layout': 'native', 'align': 'packed', 'rows': 2, 'cols': 1, 'act': 'inline', 'prefetch': 4, 'unpack': 'auto', 'correction': 'auto', 'scales': 'auto', 'accum': 'auto'} 232.8 us 10187 uJ
q8_0 cold {'layout': 'native', 'align': 'packed', 'rows': 2, 'cols': 1, 'act': 'inline', 'prefetch': 8, 'unpack': 'auto', 'correction': 'auto', 'scales': 'auto', 'accum': 'auto'} 220.4 us 9642 uJ
q8_0 cold {'layout': 'native', 'align': 'packed', 'rows': 4, 'cols': 1, 'act': 'once', 'prefetch': 0, 'unpack': 'auto', 'correction': 'auto', 'scales': 'auto', 'accum': 'auto'} 213.8 us 9352 uJ
q8_0 cold {'layout': 'native', 'align': 'packed', 'rows': 4, 'cols': 1, 'act': 'once', 'prefetch': 4, 'unpack': 'auto', 'correction': 'auto', 'scales': 'auto', 'accum': 'auto'} 200.9 us 8785 uJ
q8_0 cold {'layout': 'native', 'align': 'packed', 'rows': 4, 'cols': 1, 'act': 'once', 'prefetch': 8, 'unpack': 'auto', 'correction': 'auto', 'scales': 'auto', 'accum': 'auto'} 181.4 us 7934 uJ
q8_0 cold {'layout': 'native', 'align': 'packed', 'rows': 4, 'cols': 1, 'act': 'inline', 'prefetch': 0, 'unpack': 'auto', 'correction': 'auto', 'scales': 'auto', 'accum': 'auto'} 229.9 us 10058 uJ
q8_0 cold {'layout': 'native', 'align': 'packed', 'rows': 4, 'cols': 1, 'act': 'inline', 'prefetch': 4, 'unpack': 'auto', 'correction': 'auto', 'scales': 'auto', 'accum': 'auto'} 204.7 us 8954 uJ
q8_0 cold {'layout': 'native', 'align': 'packed', 'rows': 4, 'cols': 1, 'act': 'inline', 'prefetch': 8, 'unpack': 'auto', 'correction': 'auto', 'scales': 'auto', 'accum': 'auto'} 185.2 us 8103 uJ
q8_0 cold {'layout': 'native', 'align': 'packed', 'rows': 8, 'cols': 1, 'act': 'once', 'prefetch': 0, 'unpack': 'auto', 'correction': 'auto', 'scales': 'auto', 'accum': 'auto'} 188.2 us 8230 uJ
q8_0 cold {'layout': 'native', 'align': 'packed', 'rows': 8, 'cols': 1, 'act': 'once', 'prefetch': 4, 'unpack': 'auto', 'correction': 'auto', 'scales': 'auto', 'accum': 'auto'} 168.7 us 7381 uJ
q8_0 cold {'layout': 'native', 'align': 'packed', 'rows': 8, 'cols': 1, 'act': 'once', 'prefetch': 8, 'unpack': 'auto', 'correction': 'auto', 'scales': 'auto', 'accum': 'auto'} 154.2 us 6746 uJ
q8_0 cold {'layout': 'native', 'align': 'packed', 'rows': 8, 'cols': 1, 'act': 'inline', 'prefetch': 0, 'unpack': 'auto', 'correction': 'auto', 'scales': 'auto', 'accum': 'auto'} 225.4 us 9862 uJ
q8_0 cold {'layout': 'native', 'align': 'packed', 'rows': 8, 'cols': 1, 'act': 'inline', 'prefetch': 4, 'unpack': 'auto', 'correction': 'auto', 'scales': 'auto', 'accum': 'auto'} 196.8 us 8608 uJ
q8_0 cold {'layout': 'native', 'align': 'packed', 'rows': 8, 'cols': 1, 'act': 'inline', 'prefetch': 8, 'unpack': 'auto', 'correction': 'auto', 'scales': 'auto', 'accum': 'auto'} 173.9 us 7608 uJ
q8_0 cold {'layout': 'vnni16', 'align': 'packed', 'rows': 1, 'cols': 1, 'act': 'once', 'prefetch': 0, 'unpack': 'auto', 'correction': 'auto', 'scales': 'auto', 'accum': 'auto'} 187.8 us 8212 uJ
q8_0 cold {'layout': 'vnni16', 'align': 'packed', 'rows': 1, 'cols': 1, 'act': 'once', 'prefetch': 4, 'unpack': 'auto', 'correction': 'auto', 'scales': 'auto', 'accum': 'auto'} 184.5 us 8069 uJ
q8_0 cold {'layout': 'vnni16', 'align': 'packed', 'rows': 1, 'cols': 1, 'act': 'once', 'prefetch': 8, 'unpack': 'auto', 'correction': 'auto', 'scales': 'auto', 'accum': 'auto'} 179.1 us 7832 uJ
q8_0 cold {'layout': 'vnni16', 'align': 'packed', 'rows': 2, 'cols': 1, 'act': 'once', 'prefetch': 0, 'unpack': 'auto', 'correction': 'auto', 'scales': 'auto', 'accum': 'auto'} 158.4 us 6930 uJ
q8_0 cold {'layout': 'vnni16', 'align': 'packed', 'rows': 2, 'cols': 1, 'act': 'once', 'prefetch': 4, 'unpack': 'auto', 'correction': 'auto', 'scales': 'auto', 'accum': 'auto'} 142.2 us 6219 uJ
q8_0 cold {'layout': 'vnni16', 'align': 'packed', 'rows': 2, 'cols': 1, 'act': 'once', 'prefetch': 8, 'unpack': 'auto', 'correction': 'auto', 'scales': 'auto', 'accum': 'auto'} 143.5 us 6276 uJ
q8_0 cold {'layout': 'vnni16', 'align': 'packed', 'rows': 4, 'cols': 1, 'act': 'once', 'prefetch': 0, 'unpack': 'auto', 'correction': 'auto', 'scales': 'auto', 'accum': 'auto'} 150.3 us 6576 uJ
q8_0 cold {'layout': 'vnni16', 'align': 'packed', 'rows': 4, 'cols': 1, 'act': 'once', 'prefetch': 4, 'unpack': 'auto', 'correction': 'auto', 'scales': 'auto', 'accum': 'auto'} 152.0 us 6648 uJ
q8_0 cold {'layout': 'vnni16', 'align': 'packed', 'rows': 4, 'cols': 1, 'act': 'once', 'prefetch': 8, 'unpack': 'auto', 'correction': 'auto', 'scales': 'auto', 'accum': 'auto'} 150.5 us 6581 uJ
q8_0 cold {'layout': 'vnni16', 'align': 'packed', 'rows': 8, 'cols': 1, 'act': 'once', 'prefetch': 0, 'unpack': 'auto', 'correction': 'auto', 'scales': 'auto', 'accum': 'auto'} 147.9 us 6467 uJ
q8_0 cold {'layout': 'vnni16', 'align': 'packed', 'rows': 8, 'cols': 1, 'act': 'once', 'prefetch': 4, 'unpack': 'auto', 'correction': 'auto', 'scales': 'auto', 'accum': 'auto'} 138.3 us 6053 uJ
q8_0 cold {'layout': 'vnni16', 'align': 'packed', 'rows': 8, 'cols': 1, 'act': 'once', 'prefetch': 8, 'unpack': 'auto', 'correction': 'auto', 'scales': 'auto', 'accum': 'auto'} 149.2 us 6525 uJ
q8_0 cold {'layout': 'vnni16', 'align': 64, 'rows': 1, 'cols': 1, 'act': 'once', 'prefetch': 0, 'unpack': 'auto', 'correction': 'auto', 'scales': 'auto', 'accum': 'auto'} 193.2 us 8452 uJ
q8_0 cold {'layout': 'vnni16', 'align': 64, 'rows': 1, 'cols': 1, 'act': 'once', 'prefetch': 4, 'unpack': 'auto', 'correction': 'auto', 'scales': 'auto', 'accum': 'auto'} 215.9 us 9443 uJ
q8_0 cold {'layout': 'vnni16', 'align': 64, 'rows': 1, 'cols': 1, 'act': 'once', 'prefetch': 8, 'unpack': 'auto', 'correction': 'auto', 'scales': 'auto', 'accum': 'auto'} 182.0 us 7937 uJ
q8_0 cold {'layout': 'vnni16', 'align': 64, 'rows': 2, 'cols': 1, 'act': 'once', 'prefetch': 0, 'unpack': 'auto', 'correction': 'auto', 'scales': 'auto', 'accum': 'auto'} 173.0 us 7569 uJ
q8_0 cold {'layout': 'vnni16', 'align': 64, 'rows': 2, 'cols': 1, 'act': 'once', 'prefetch': 4, 'unpack': 'auto', 'correction': 'auto', 'scales': 'auto', 'accum': 'auto'} 154.2 us 6746 uJ
q8_0 cold {'layout': 'vnni16', 'align': 64, 'rows': 2, 'cols': 1, 'act': 'once', 'prefetch': 8, 'unpack': 'auto', 'correction': 'auto', 'scales': 'auto', 'accum': 'auto'} 149.3 us 6529 uJ
q8_0 cold {'layout': 'vnni16', 'align': 64, 'rows': 4, 'cols': 1, 'act': 'once', 'prefetch': 0, 'unpack': 'auto', 'correction': 'auto', 'scales': 'auto', 'accum': 'auto'} 145.1 us 6345 uJ
q8_0 cold {'layout': 'vnni16', 'align': 64, 'rows': 4, 'cols': 1, 'act': 'once', 'prefetch': 4, 'unpack': 'auto', 'correction': 'auto', 'scales': 'auto', 'accum': 'auto'} 146.4 us 6402 uJ
q8_0 cold {'layout': 'vnni16', 'align': 64, 'rows': 4, 'cols': 1, 'act': 'once', 'prefetch': 8, 'unpack': 'auto', 'correction': 'auto', 'scales': 'auto', 'accum': 'auto'} 264.5 us 10906 uJ
q8_0 cold {'layout': 'vnni16', 'align': 64, 'rows': 8, 'cols': 1, 'act': 'once', 'prefetch': 0, 'unpack': 'auto', 'correction': 'auto', 'scales': 'auto', 'accum': 'auto'} 148.2 us 6484 uJ
q8_0 cold {'layout': 'vnni16', 'align': 64, 'rows': 8, 'cols': 1, 'act': 'once', 'prefetch': 4, 'unpack': 'auto', 'correction': 'auto', 'scales': 'auto', 'accum': 'auto'} 149.6 us 6542 uJ
q8_0 cold {'layout': 'vnni16', 'align': 64, 'rows': 8, 'cols': 1, 'act': 'once', 'prefetch': 8, 'unpack': 'auto', 'correction': 'auto', 'scales': 'auto', 'accum': 'auto'} 143.4 us 6275 uJ
q8_0 cold {'layout': 'i16', 'align': 'packed', 'rows': 1, 'cols': 1, 'act': 'once', 'prefetch': 0, 'unpack': 'none', 'correction': 'act', 'scales': 'unpacked', 'accum': 'float'} 173.1 us 7570 uJ
q8_0 cold {'layout': 'i16', 'align': 'packed', 'rows': 1, 'cols': 1, 'act': 'once', 'prefetch': 0, 'unpack': 'none', 'correction': 'weight', 'scales': 'unpacked', 'accum': 'float'} 158.6 us 6939 uJ
q8_0 cold {'layout': 'i16', 'align': 'packed', 'rows': 1, 'cols': 1, 'act': 'once', 'prefetch': 4, 'unpack': 'none', 'correction': 'act', 'scales': 'unpacked', 'accum': 'float'} 168.5 us 7373 uJ
q8_0 cold {'layout': 'i16', 'align': 'packed', 'rows': 1, 'cols': 1, 'act': 'once', 'prefetch': 4, 'unpack': 'none', 'correction': 'weight', 'scales': 'unpacked', 'accum': 'float'} 168.5 us 7290 uJ
q8_0 cold {'layout': 'i16', 'align': 'packed', 'rows': 1, 'cols': 1, 'act': 'once', 'prefetch': 8, 'unpack': 'none', 'correction': 'act', 'scales': 'unpacked', 'accum': 'float'} 163.7 us 7159 uJ
q8_0 cold {'layout': 'i16', 'align': 'packed', 'rows': 1, 'cols': 1, 'act': 'once', 'prefetch': 8, 'unpack': 'none', 'correction': 'weight', 'scales': 'unpacked', 'accum': 'float'} 154.5 us 6756 uJ
q8_0 cold {'layout': 'i16', 'align': 'packed', 'rows': 2, 'cols': 1, 'act': 'once', 'prefetch': 0, 'unpack': 'none', 'correction': 'act', 'scales': 'unpacked', 'accum': 'float'} 145.7 us 6374 uJ
q8_0 cold {'layout': 'i16', 'align': 'packed', 'rows': 2, 'cols': 1, 'act': 'once', 'prefetch': 0, 'unpack': 'none', 'correction': 'weight', 'scales': 'unpacked', 'accum': 'float'} 142.7 us 6242 uJ
q8_0 cold {'layout': 'i16', 'align': 'packed', 'rows': 2, 'cols': 1, 'act': 'once', 'prefetch': 4, 'unpack': 'none', 'correction': 'act', 'scales': 'unpacked', 'accum': 'float'} 146.1 us 6393 uJ
q8_0 cold {'layout': 'i16', 'align': 'packed', 'rows': 2, 'cols': 1, 'act': 'once', 'prefetch': 4, 'unpack': 'none', 'correction': 'weight', 'scales': 'unpacked', 'accum': 'float'} 148.6 us 6501 uJ
q8_0 cold {'layout': 'i16', 'align': 'packed', 'rows': 2, 'cols': 1, 'act': 'once', 'prefetch': 8, 'unpack': 'none', 'correction': 'act', 'scales': 'unpacked', 'accum': 'float'} 150.7 us 6576 uJ
q8_0 cold {'layout': 'i16', 'align': 'packed', 'rows': 2, 'cols': 1, 'act': 'once', 'prefetch': 8, 'unpack': 'none', 'correction': 'weight', 'scales': 'unpacked', 'accum': 'float'} 146.1 us 6393 uJ
q8_0 cold {'layout': 'i16', 'align': 'packed', 'rows': 4, 'cols': 1, 'act': 'once', 'prefetch': 0, 'unpack': 'none', 'correction': 'act', 'scales': 'unpacked', 'accum': 'float'} 148.2 us 6483 uJ
q8_0 cold {'layout': 'i16', 'align': 'packed', 'rows': 4, 'cols': 1, 'act': 'once', 'prefetch': 0, 'unpack': 'none', 'correction': 'weight', 'scales': 'unpacked', 'accum': 'float'} 142.1 us 6216 uJ
q8_0 cold {'layout': 'i16', 'align': 'packed', 'rows': 4, 'cols': 1, 'act': 'once', 'prefetch': 4, 'unpack': 'none', 'correction': 'act', 'scales': 'unpacked', 'accum': 'float'} 146.2 us 6396 uJ
q8_0 cold {'layout': 'i16', 'align': 'packed', 'rows': 4, 'cols': 1, 'act': 'once', 'prefetch': 4, 'unpack': 'none', 'correction': 'weight', 'scales': 'unpacked', 'accum': 'float'} 152.2 us 6655 uJ
q8_0 cold {'layout': 'i16', 'align': 'packed', 'rows': 4, 'cols': 1, 'act': 'once', 'prefetch': 8, 'unpack': 'none', 'correction': 'act', 'scales': 'unpacked', 'accum': 'float'} 145.3 us 6355 uJ
q8_0 cold {'layout': 'i16', 'align': 'packed', 'rows': 4, 'cols': 1, 'act': 'once', 'prefetch': 8, 'unpack': 'none', 'correction': 'weight', 'scales': 'unpacked', 'accum': 'float'} 138.7 us 6064 uJ
q4_0 hot {'layout': 'i16', 'align': 'packed', 'rows': 1, 'cols': 1, 'act': 'once', 'prefetch': 0, 'unpack': 'mask', 'correction': 'act', 'scales': 'unpacked', 'accum': 'float'} 8.9 us 49 uJ
q4_0 hot {'layout': 'i16', 'align': 'packed', 'rows': 1, 'cols': 1, 'act': 'once', 'prefetch': 0, 'unpack': 'mask', 'correction': 'weight', 'scales': 'unpacked', 'accum': 'float'} 10.1 us 55 uJ
q4_0 hot {'layout': 'i16', 'align': 'packed', 'rows': 1, 'cols': 1, 'act': 'once', 'prefetch': 0, 'unpack': 'lut', 'correction': 'act', 'scales': 'unpacked', 'accum': 'float'} 9.7 us 53 uJ
q4_0 hot {'layout': 'i16', 'align': 'packed', 'rows': 1, 'cols': 1, 'act': 'once', 'prefetch': 0, 'unpack': 'lut', 'correction': 'weight', 'scales': 'unpacked', 'accum': 'float'} 10.3 us 56 uJ
q4_0 hot {'layout': 'i16', 'align': 'packed', 'rows': 1, 'cols': 1, 'act': 'once', 'prefetch': 4, 'unpack': 'mask', 'correction': 'act', 'scales': 'unpacked', 'accum': 'float'} 8.1 us 44 uJ
q4_0 hot {'layout': 'i16', 'align': 'packed', 'rows': 1, 'cols': 1, 'act': 'once', 'prefetch': 4, 'unpack': 'mask', 'correction': 'weight', 'scales': 'unpacked', 'accum': 'float'} 9.9 us 54 uJ
q4_0 hot {'layout': 'i16', 'align': 'packed', 'rows': 1, 'cols': 1, 'act': 'once', 'prefetch': 4, 'unpack': 'lut', 'correction': 'act', 'scales': 'unpacked', 'accum': 'float'} 9.7 us 53 uJ
q4_0 hot {'layout': 'i16', 'align': 'packed', 'rows': 1, 'cols': 1, 'act': 'once', 'prefetch': 4, 'unpack': 'lut', 'correction': 'weight', 'scales': 'unpacked', 'accum': 'float'} 10.1 us 55 uJ
q4_0 hot {'layout': 'i16', 'align': 'packed', 'rows': 1, 'cols': 1, 'act': 'once', 'prefetch': 8, 'unpack': 'mask', 'correction': 'act', 'scales': 'unpacked', 'accum': 'float'} 8.1 us 44 uJ
q4_0 hot {'layout': 'i16', 'align': 'packed', 'rows': 1, 'cols': 1, 'act': 'once', 'prefetch': 8, 'unpack': 'mask', 'correction': 'weight', 'scales': 'unpacked', 'accum': 'float'} 10.1 us 55 uJ
q4_0 hot {'layout': 'i16', 'align': 'packed', 'rows': 1, 'cols': 1, 'act': 'once', 'prefetch': 8, 'unpack': 'lut', 'correction': 'act', 'scales': 'unpacked', 'accum': 'float'} 9.7 us 53 uJ
q4_0 hot {'layout': 'i16', 'align': 'packed', 'rows': 1, 'cols': 1, 'act': 'once', 'prefetch': 8, 'unpack': 'lut', 'correction': 'weight', 'scales': 'unpacked', 'accum': 'float'} 10.1 us 55 uJ
q4_0 hot {'layout': 'i16', 'align': 'packed', 'rows': 2, 'cols': 1, 'act': 'once', 'prefetch': 0, 'unpack': 'mask', 'correction': 'act', 'scales': 'unpacked', 'accum': 'float'} 7.6 us 42 uJ
q4_0 hot {'layout': 'i16', 'align': 'packed', 'rows': 2, 'cols': 1, 'act': 'once', 'prefetch': 0, 'unpack': 'mask', 'correction': 'weight', 'scales': 'unpacked', 'accum': 'float'} 9.9 us 54 uJ
q4_0 hot {'layout': 'i16', 'align': 'packed', 'rows': 2, 'cols': 1, 'act': 'once', 'prefetch': 0, 'unpack': 'lut', 'correction': 'act', 'scales': 'unpacked', 'accum': 'float'} 9.3 us 51 uJ
q4_0 hot {'layout': 'i16', 'align': 'packed', 'rows': 2, 'cols': 1, 'act': 'once', 'prefetch': 0, 'unpack': 'lut', 'correction': 'weight', 'scales': 'unpacked', 'accum': 'float'} 10.0 us 54 uJ
q4_0 hot {'layout': 'i16', 'align': 'packed', 'rows': 2, 'cols': 1, 'act': 'once', 'prefetch': 4, 'unpack': 'mask', 'correction': 'act', 'scales': 'unpacked', 'accum': 'float'} 7.3 us 40 uJ
q4_0 hot {'layout': 'i16', 'align': 'packed', 'rows': 2, 'cols': 1, 'act': 'once', 'prefetch': 4, 'unpack': 'mask', 'correction': 'weight', 'scales': 'unpacked', 'accum': 'float'} 9.9 us 54 uJ
q4_0 hot {'layout': 'i16', 'align': 'packed', 'rows': 2, 'cols': 1, 'act': 'once', 'prefetch': 4, 'unpack': 'lut', 'correction': 'act', 'scales': 'unpacked', 'accum': 'float'} 9.3 us 51 uJ
q4_0 hot {'layout': 'i16', 'align': 'packed', 'rows': 2, 'cols': 1, 'act': 'once', 'prefetch': 4, 'unpack': 'lut', 'correction': 'weight', 'scales': 'unpacked', 'accum': 'float'} 9.9 us 54 uJ
q4_0 hot {'layout': 'i16', 'align': 'packed', 'rows': 2, 'cols': 1, 'act': 'once', 'prefetch': 8, 'unpack': 'mask', 'correction': 'act', 'scales': 'unpacked', 'accum': 'float'} 7.3 us 40 uJ
q4_0 hot {'layout': 'i16', 'align': 'packed', 'rows': 2, 'cols': 1, 'act': 'once', 'prefetch': 8, 'unpack': 'mask', 'correction': 'weight', 'scales': 'unpacked', 'accum': 'float'} 9.9 us 54 uJ
q4_0 hot {'layout': 'i16', 'align': 'packed', 'rows': 2, 'cols': 1, 'act': 'once', 'prefetch': 8, 'unpack': 'lut', 'correction': 'act', 'scales': 'unpacked', 'accum': 'float'} 9.4 us 51 uJ
q4_0 hot {'layout': 'i16', 'align': 'packed', 'rows': 2, 'cols': 1, 'act': 'once', 'prefetch': 8, 'unpack': 'lut', 'correction': 'weight', 'scales': 'unpacked', 'accum': 'float'} 9.9 us 54 uJ
q4_0 hot {'layout': 'i16', 'align': 'packed', 'rows': 4, 'cols': 1, 'act': 'once', 'prefetch': 0, 'unpack': 'mask', 'correction': 'act', 'scales': 'unpacked', 'accum': 'float'} 7.4 us 40 uJ
q4_0 hot {'layout': 'i16', 'align': 'packed', 'rows': 4, 'cols': 1, 'act': 'once', 'prefetch': 0, 'unpack': 'mask', 'correction': 'weight', 'scales': 'unpacked', 'accum': 'float'} 9.9 us 54 uJ
q4_0 hot {'layout': 'i16', 'align': 'packed', 'rows': 4, 'cols': 1, 'act': 'once', 'prefetch': 0, 'unpack': 'lut', 'correction': 'act', 'scales': 'unpacked', 'accum': 'float'} 9.3 us 51 uJ
q4_0 hot {'layout': 'i16', 'align': 'packed', 'rows': 4, 'cols': 1, 'act': 'once', 'prefetch': 0, 'unpack': 'lut', 'correction': 'weight', 'scales': 'unpacked', 'accum': 'float'} 9.9 us 54 uJ
q4_0 hot {'layout': 'i16', 'align': 'packed', 'rows': 4, 'cols': 1, 'act': 'once', 'prefetch': 4, 'unpack': 'mask', 'correction': 'act', 'scales': 'unpacked', 'accum': 'float'} 7.2 us 40 uJ
q4_0 hot {'layout': 'i16', 'align': 'packed', 'rows': 4, 'cols': 1, 'act': 'once', 'prefetch': 4, 'unpack': 'mask', 'correction': 'weight', 'scales': 'unpacked', 'accum': 'float'} 9.9 us 54 uJ
q4_0 hot {'layout': 'i16', 'align': 'packed', 'rows': 4, 'cols': 1, 'act': 'once', 'prefetch': 4, 'unpack': 'lut', 'correction': 'act', 'scales': 'unpacked', 'accum': 'float'} 9.3 us 51 uJ
q4_0 hot {'layout': 'i16', 'align': 'packed', 'rows': 4, 'cols': 1, 'act': 'once', 'prefetch': 4, 'unpack': 'lut', 'correction': 'weight', 'scales': 'unpacked', 'accum': 'float'} 9.9 us 54 uJ
q4_0 hot {'layout': 'i16', 'align': 'packed', 'rows': 4, 'cols': 1, 'act': 'once', 'prefetch': 8, 'unpack': 'mask', 'correction': 'act', 'scales': 'unpacked', 'accum': 'float'} 7.2 us 40 uJ
q4_0 hot {'layout': 'i16', 'align': 'packed', 'rows': 4, 'cols': 1, 'act': 'once', 'prefetch': 8, 'unpack': 'mask', 'correction': 'weight', 'scales': 'unpacked', 'accum': 'float'} 10.0 us 54 uJ
q4_0 hot {'layout': 'i16', 'align': 'packed', 'rows': 4, 'cols': 1, 'act': 'once', 'prefetch': 8, 'unpack': 'lut', 'correction': 'act', 'scales': 'unpacked', 'accum': 'float'} 9.3 us 51 uJ
q4_0 hot {'layout': 'i16', 'align': 'packed', 'rows': 4, 'cols': 1, 'act': 'once', 'prefetch': 8, 'unpack': 'lut', 'correction': 'weight', 'scales': 'unpacked', 'accum': 'float'} 9.9 us 54 uJ
q4_0 cold {'layout': 'i16', 'align': 'packed', 'rows': 1, 'cols': 1, 'act': 'once', 'prefetch': 0, 'unpack': 'mask', 'correction': 'act', 'scales': 'unpacked', 'accum': 'float'} 125.4 us 5487 uJ
q4_0 cold {'layout': 'i16', 'align': 'packed', 'rows': 1, 'cols': 1, 'act': 'once', 'prefetch': 0, 'unpack': 'mask', 'correction': 'weight', 'scales': 'unpacked', 'accum': 'float'} 147.3 us 6442 uJ
q4_0 cold {'layout': 'i16', 'align': 'packed', 'rows': 1, 'cols': 1, 'act': 'once', 'prefetch': 0, 'unpack': 'lut', 'correction': 'act', 'scales': 'unpacked', 'accum': 'float'} 132.2 us 5786 uJ
q4_0 cold {'layout': 'i16', 'align': 'packed', 'rows': 1, 'cols': 1, 'act': 'once', 'prefetch': 0, 'unpack': 'lut', 'correction': 'weight', 'scales': 'unpacked', 'accum': 'float'} 145.4 us 6360 uJ
q4_0 cold {'layout': 'i16', 'align': 'packed', 'rows': 1, 'cols': 1, 'act': 'once', 'prefetch': 4, 'unpack': 'mask', 'correction': 'act', 'scales': 'unpacked', 'accum': 'float'} 124.8 us 5446 uJ
q4_0 cold {'layout': 'i16', 'align': 'packed', 'rows': 1, 'cols': 1, 'act': 'once', 'prefetch': 4, 'unpack': 'mask', 'correction': 'weight', 'scales': 'unpacked', 'accum': 'float'} 142.3 us 6223 uJ
q4_0 cold {'layout': 'i16', 'align': 'packed', 'rows': 1, 'cols': 1, 'act': 'once', 'prefetch': 4, 'unpack': 'lut', 'correction': 'act', 'scales': 'unpacked', 'accum': 'float'} 131.2 us 5737 uJ
q4_0 cold {'layout': 'i16', 'align': 'packed', 'rows': 1, 'cols': 1, 'act': 'once', 'prefetch': 4, 'unpack': 'lut', 'correction': 'weight', 'scales': 'unpacked', 'accum': 'float'} 140.9 us 6164 uJ
q4_0 cold {'layout': 'i16', 'align': 'packed', 'rows': 1, 'cols': 1, 'act': 'once', 'prefetch': 8, 'unpack': 'mask', 'correction': 'act', 'scales': 'unpacked', 'accum': 'float'} 123.9 us 5419 uJ
q4_0 cold {'layout': 'i16', 'align': 'packed', 'rows': 1, 'cols': 1, 'act': 'once', 'prefetch': 8, 'unpack': 'mask', 'correction': 'weight', 'scales': 'unpacked', 'accum': 'float'} 143.1 us 6260 uJ
q4_0 cold {'layout': 'i16', 'align': 'packed', 'rows': 1, 'cols': 1, 'act': 'once', 'prefetch': 8, 'unpack': 'lut', 'correction': 'act', 'scales': 'unpacked', 'accum': 'float'} 132.0 us 5775 uJ
q4_0 cold {'layout': 'i16', 'align': 'packed', 'rows': 1, 'cols': 1, 'act': 'once', 'prefetch': 8, 'unpack': 'lut', 'correction': 'weight', 'scales': 'unpacked', 'accum': 'float'} 142.0 us 6212 uJ
q4_0 cold {'layout': 'i16', 'align': 'packed', 'rows': 2, 'cols': 1, 'act': 'once', 'prefetch': 0, 'unpack': 'mask', 'correction': 'act', 'scales': 'unpacked', 'accum': 'float'} 99.0 us 4333 uJ
q4_0 cold {'layout': 'i16', 'align': 'packed', 'rows': 2, 'cols': 1, 'act': 'once', 'prefetch': 0, 'unpack': 'mask', 'correction': 'weight', 'scales': 'unpacked', 'accum': 'float'} 114.2 us 4995 uJ
q4_0 cold {'layout': 'i16', 'align': 'packed', 'rows': 2, 'cols': 1, 'act': 'once', 'prefetch': 0, 'unpack': 'lut', 'correction': 'act', 'scales': 'unpacked', 'accum': 'float'} 102.9 us 4502 uJ
q4_0 cold {'layout': 'i16', 'align': 'packed', 'rows': 2, 'cols': 1, 'act': 'once', 'prefetch': 0, 'unpack': 'lut', 'correction': 'weight', 'scales': 'unpacked', 'accum': 'float'} 114.5 us 5008 uJ
q4_0 cold {'layout': 'i16', 'align': 'packed', 'rows': 2, 'cols': 1, 'act': 'once', 'prefetch': 4, 'unpack': 'mask', 'correction': 'act', 'scales': 'unpacked', 'accum': 'float'} 124.3 us 5300 uJ
q4_0 cold {'layout': 'i16', 'align': 'packed', 'rows': 2, 'cols': 1, 'act': 'once', 'prefetch': 4, 'unpack': 'mask', 'correction': 'weight', 'scales': 'unpacked', 'accum': 'float'} 111.8 us 4891 uJ
q4_0 cold {'layout': 'i16', 'align': 'packed', 'rows': 2, 'cols': 1, 'act': 'once', 'prefetch': 4, 'unpack': 'lut', 'correction': 'act', 'scales': 'unpacked', 'accum': 'float'} 98.1 us 4292 uJ
q4_0 cold {'layout': 'i16', 'align': 'packed', 'rows': 2, 'cols': 1, 'act': 'once', 'prefetch': 4, 'unpack': 'lut', 'correction': 'weight', 'scales': 'unpacked', 'accum': 'float'} 109.9 us 4808 uJ
q4_0 cold {'layout': 'i16', 'align': 'packed', 'rows': 2, 'cols': 1, 'act': 'once', 'prefetch': 8, 'unpack': 'mask', 'correction': 'act', 'scales': 'unpacked', 'accum': 'float'} 104.5 us 4573 uJ
q4_0 cold {'layout': 'i16', 'align': 'packed', 'rows': 2, 'cols': 1, 'act': 'once', 'prefetch': 8, 'unpack': 'mask', 'correction': 'weight', 'scales': 'unpacked', 'accum': 'float'} 119.5 us 5229 uJ
q4_0 cold {'layout': 'i16', 'align': 'packed', 'rows': 2, 'cols': 1, 'act': 'once', 'prefetch': 8, 'unpack': 'lut', 'correction': 'act', 'scales': 'unpacked', 'accum': 'float'} 107.4 us 4698 uJ
q4_0 cold {'layout': 'i16', 'align': 'packed', 'rows': 2, 'cols': 1, 'act': 'once', 'prefetch': 8, 'unpack': 'lut', 'correction': 'weight', 'scales': 'unpacked', 'accum': 'float'} 118.9 us 5201 uJ
q4_0 cold {'layout': 'i16', 'align': 'packed', 'rows': 4, 'cols': 1, 'act': 'once', 'prefetch': 0, 'unpack': 'mask', 'correction': 'act', 'scales': 'unpacked', 'accum': 'float'} 87.4 us 3822 uJ
q4_0 cold {'layout': 'i16', 'align': 'packed', 'rows': 4, 'cols': 1, 'act': 'once', 'prefetch': 0, 'unpack': 'mask', 'correction': 'weight', 'scales': 'unpacked', 'accum': 'float'} 100.2 us 4381 uJ
q4_0 cold {'layout': 'i16', 'align': 'packed', 'rows': 4, 'cols': 1, 'act': 'once', 'prefetch': 0, 'unpack': 'lut', 'correction': 'act', 'scales': 'unpacked', 'accum': 'float'} 90.0 us 3936 uJ
q4_0 cold {'layout': 'i16', 'align': 'packed', 'rows': 4, 'cols': 1, 'act': 'once', 'prefetch': 0, 'unpack': 'lut', 'correction': 'weight', 'scales': 'unpacked', 'accum': 'float'} 99.8 us 4366 uJ
q4_0 cold {'layout': 'i16', 'align': 'packed', 'rows': 4, 'cols': 1, 'act': 'once', 'prefetch': 4, 'unpack': 'mask', 'correction': 'act', 'scales': 'unpacked', 'accum': 'float'} 85.4 us 3731 uJ
q4_0 cold {'layout': 'i16', 'align': 'packed', 'rows': 4, 'cols': 1, 'act': 'once', 'prefetch': 4, 'unpack': 'mask', 'correction': 'weight', 'scales': 'unpacked', 'accum': 'float'} 95.7 us 4188 uJ
q4_0 cold {'layout': 'i16', 'align': 'packed', 'rows': 4, 'cols': 1, 'act': 'once', 'prefetch': 4, 'unpack': 'lut', 'correction': 'act', 'scales': 'unpacked', 'accum': 'float'} 85.7 us 3749 uJ
q4_0 cold {'layout': 'i16', 'align': 'packed', 'rows': 4, 'cols': 1, 'act': 'once', 'prefetch': 4, 'unpack': 'lut', 'correction': 'weight', 'scales': 'unpacked', 'accum': 'float'} 95.4 us 4174 uJ
q4_0 cold {'layout': 'i16', 'align': 'packed', 'rows': 4, 'cols': 1, 'act': 'once', 'prefetch': 8, 'unpack': 'mask', 'correction': 'act', 'scales': 'unpacked', 'accum': 'float'} 112.7 us 4929 uJ
q4_0 cold {'layout': 'i16', 'align': 'packed', 'rows': 4, 'cols': 1, 'act': 'once', 'prefetch': 8, 'unpack': 'mask', 'correction': 'weight', 'scales': 'unpacked', 'accum': 'float'} 125.3 us 5484 uJ
q4_0 cold {'layout': 'i16', 'align': 'packed', 'rows': 4, 'cols': 1, 'act': 'once', 'prefetch': 8, 'unpack': 'lut', 'correction': 'act', 'scales': 'unpacked', 'accum': 'float'} 97.4 us 4259 uJ
q4_0 cold {'layout': 'i16', 'align': 'packed', 'rows': 4, 'cols': 1, 'act': 'once', 'prefetch': 8, 'unpack': 'lut', 'correction': 'weight', 'scales': 'unpacked', 'accum': 'float'} 106.4 us 4653 uJ
iq4_nl hot {'layout': 'i16', 'align': 'packed', 'rows': 1, 'cols': 1, 'act': 'once', 'prefetch': 0, 'unpack': 'lut', 'correction': 'act', 'scales': 'unpacked', 'accum': 'float'} 9.7 us 53 uJ
iq4_nl hot {'layout': 'i16', 'align': 'packed', 'rows': 1, 'cols': 1, 'act': 'once', 'prefetch': 0, 'unpack': 'lut', 'correction': 'weight', 'scales': 'unpacked', 'accum': 'float'} 10.3 us 56 uJ
iq4_nl hot {'layout': 'i16', 'align': 'packed', 'rows': 1, 'cols': 1, 'act': 'once', 'prefetch': 4, 'unpack': 'lut', 'correction': 'act', 'scales': 'unpacked', 'accum': 'float'} 9.7 us 53 uJ
iq4_nl hot {'layout': 'i16', 'align': 'packed', 'rows': 1, 'cols': 1, 'act': 'once', 'prefetch': 4, 'unpack': 'lut', 'correction': 'weight', 'scales': 'unpacked', 'accum': 'float'} 10.1 us 55 uJ
iq4_nl hot {'layout': 'i16', 'align': 'packed', 'rows': 1, 'cols': 1, 'act': 'once', 'prefetch': 8, 'unpack': 'lut', 'correction': 'act', 'scales': 'unpacked', 'accum': 'float'} 9.7 us 53 uJ
iq4_nl hot {'layout': 'i16', 'align': 'packed', 'rows': 1, 'cols': 1, 'act': 'once', 'prefetch': 8, 'unpack': 'lut', 'correction': 'weight', 'scales': 'unpacked', 'accum': 'float'} 10.1 us 55 uJ
iq4_nl hot {'layout': 'i16', 'align': 'packed', 'rows': 2, 'cols': 1, 'act': 'once', 'prefetch': 0, 'unpack': 'lut', 'correction': 'act', 'scales': 'unpacked', 'accum': 'float'} 9.3 us 51 uJ
iq4_nl hot {'layout': 'i16', 'align': 'packed', 'rows': 2, 'cols': 1, 'act': 'once', 'prefetch': 0, 'unpack': 'lut', 'correction': 'weight', 'scales': 'unpacked', 'accum': 'float'} 10.0 us 54 uJ
iq4_nl hot {'layout': 'i16', 'align': 'packed', 'rows': 2, 'cols': 1, 'act': 'once', 'prefetch': 4, 'unpack': 'lut', 'correction': 'act', 'scales': 'unpacked', 'accum': 'float'} 9.7 us 53 uJ
iq4_nl hot {'layout': 'i16', 'align': 'packed', 'rows': 2, 'cols': 1, 'act': 'once', 'prefetch': 4, 'unpack': 'lut', 'correction': 'weight', 'scales': 'unpacked', 'accum': 'float'} 9.9 us 54 uJ
iq4_nl hot {'layout': 'i16', 'align': 'packed', 'rows': 2, 'cols': 1, 'act': 'once', 'prefetch': 8, 'unpack': 'lut', 'correction': 'act', 'scales': 'unpacked', 'accum': 'float'} 9.4 us 51 uJ
iq4_nl hot {'layout': 'i16', 'align': 'packed', 'rows': 2, 'cols': 1, 'act': 'once', 'prefetch': 8, 'unpack': 'lut', 'correction': 'weight', 'scales': 'unpacked', 'accum': 'float'} 9.9 us 54 uJ
iq4_nl hot {'layout': 'i16', 'align': 'packed', 'rows': 4, 'cols': 1, 'act': 'once', 'prefetch': 0, 'unpack': 'lut', 'correction': 'act', 'scales': 'unpacked', 'accum': 'float'} 9.3 us 51 uJ
iq4_nl hot {'layout': 'i16', 'align': 'packed', 'rows': 4, 'cols': 1, 'act': 'once', 'prefetch': 0, 'unpack': 'lut', 'correction': 'weight', 'scales': 'unpacked', 'accum': 'float'} 9.9 us 54 uJ
iq4_nl hot {'layout': 'i16', 'align': 'packed', 'rows': 4, 'cols': 1, 'act': 'once', 'prefetch': 4, 'unpack': 'lut', 'correction': 'act', 'scales': 'unpacked', 'accum': 'float'} 9.3 us 51 uJ
iq4_nl hot {'layout': 'i16', 'align': 'packed', 'rows': 4, 'cols': 1, 'act': 'once', 'prefetch': 4, 'unpack': 'lut', 'correction': 'weight', 'scales': 'unpacked', 'accum': 'float'} 9.9 us 54 uJ
iq4_nl hot {'layout': 'i16', 'align': 'packed', 'rows': 4, 'cols': 1, 'act': 'once', 'prefetch': 8, 'unpack': 'lut', 'correction': 'act', 'scales': 'unpacked', 'accum': 'float'} 9.3 us 51 uJ
iq4_nl hot {'layout': 'i16', 'align': 'packed', 'rows': 4, 'cols': 1, 'act': 'once', 'prefetch': 8, 'unpack': 'lut', 'correction': 'weight', 'scales': 'unpacked', 'accum': 'float'} 9.9 us 54 uJ
iq4_nl cold {'layout': 'i16', 'align': 'packed', 'rows': 1, 'cols': 1, 'act': 'once', 'prefetch': 0, 'unpack': 'lut', 'correction': 'act', 'scales': 'unpacked', 'accum': 'float'} 136.1 us 5956 uJ
iq4_nl cold {'layout': 'i16', 'align': 'packed', 'rows': 1, 'cols': 1, 'act': 'once', 'prefetch': 0, 'unpack': 'lut', 'correction': 'weight', 'scales': 'unpacked', 'accum': 'float'} 169.8 us 7427 uJ
iq4_nl cold {'layout': 'i16', 'align': 'packed', 'rows': 1, 'cols': 1, 'act': 'once', 'prefetch': 4, 'unpack': 'lut', 'correction': 'act', 'scales': 'unpacked', 'accum': 'float'} 153.5 us 6714 uJ
iq4_nl cold {'layout': 'i16', 'align': 'packed', 'rows': 1, 'cols': 1, 'act': 'once', 'prefetch': 4, 'unpack': 'lut', 'correction': 'weight', 'scales': 'unpacked', 'accum': 'float'} 172.5 us 7546 uJ
iq4_nl cold {'layout': 'i16', 'align': 'packed', 'rows': 1, 'cols': 1, 'act': 'once', 'prefetch': 8, 'unpack': 'lut', 'correction': 'act', 'scales': 'unpacked', 'accum': 'float'} 160.8 us 7036 uJ
iq4_nl cold {'layout': 'i16', 'align': 'packed', 'rows': 1, 'cols': 1, 'act': 'once', 'prefetch': 8, 'unpack': 'lut', 'correction': 'weight', 'scales': 'unpacked', 'accum': 'float'} 161.1 us 7048 uJ
iq4_nl cold {'layout': 'i16', 'align': 'packed', 'rows': 2, 'cols': 1, 'act': 'once', 'prefetch': 0, 'unpack': 'lut', 'correction': 'act', 'scales': 'unpacked', 'accum': 'float'} 126.7 us 5523 uJ
iq4_nl cold {'layout': 'i16', 'align': 'packed', 'rows': 2, 'cols': 1, 'act': 'once', 'prefetch': 0, 'unpack': 'lut', 'correction': 'weight', 'scales': 'unpacked', 'accum': 'float'} 134.9 us 5900 uJ
iq4_nl cold {'layout': 'i16', 'align': 'packed', 'rows': 2, 'cols': 1, 'act': 'once', 'prefetch': 4, 'unpack': 'lut', 'correction': 'act', 'scales': 'unpacked', 'accum': 'float'} 113.9 us 4981 uJ
iq4_nl cold {'layout': 'i16', 'align': 'packed', 'rows': 2, 'cols': 1, 'act': 'once', 'prefetch': 4, 'unpack': 'lut', 'correction': 'weight', 'scales': 'unpacked', 'accum': 'float'} 119.9 us 5245 uJ
iq4_nl cold {'layout': 'i16', 'align': 'packed', 'rows': 2, 'cols': 1, 'act': 'once', 'prefetch': 8, 'unpack': 'lut', 'correction': 'act', 'scales': 'unpacked', 'accum': 'float'} 108.9 us 4763 uJ
iq4_nl cold {'layout': 'i16', 'align': 'packed', 'rows': 2, 'cols': 1, 'act': 'once', 'prefetch': 8, 'unpack': 'lut', 'correction': 'weight', 'scales': 'unpacked', 'accum': 'float'} 135.5 us 5926 uJ
iq4_nl cold {'layout': 'i16', 'align': 'packed', 'rows': 4, 'cols': 1, 'act': 'once', 'prefetch': 0, 'unpack': 'lut', 'correction': 'act', 'scales': 'unpacked', 'accum': 'float'} 106.9 us 4678 uJ
iq4_nl cold {'layout': 'i16', 'align': 'packed', 'rows': 4, 'cols': 1, 'act': 'once', 'prefetch': 0, 'unpack': 'lut', 'correction': 'weight', 'scales': 'unpacked', 'accum': 'float'} 115.8 us 5064 uJ
iq4_nl cold {'layout': 'i16', 'align': 'packed', 'rows': 4, 'cols': 1, 'act': 'once', 'prefetch': 4, 'unpack': 'lut', 'correction': 'act', 'scales': 'unpacked', 'accum': 'float'} 91.9 us 4022 uJ
iq4_nl cold {'layout': 'i16', 'align': 'packed', 'rows': 4, 'cols': 1, 'act': 'once', 'prefetch': 4, 'unpack': 'lut', 'correction': 'weight', 'scales': 'unpacked', 'accum': 'float'} 102.5 us 4484 uJ
iq4_nl cold {'layout': 'i16', 'align': 'packed', 'rows': 4, 'cols': 1, 'act': 'once', 'prefetch': 8, 'unpack': 'lut', 'correction': 'act', 'scales': 'unpacked', 'accum': 'float'} 98.1 us 4292 uJ
iq4_nl cold {'layout': 'i16', 'align': 'packed', 'rows': 4, 'cols': 1, 'act': 'once', 'prefetch': 8, 'unpack': 'lut', 'correction': 'weight', 'scales': 'unpacked', 'accum': 'float'} 108.1 us 4727 uJ
q4_K hot {'layout': 'native', 'align': 'packed', 'rows': 1, 'cols': 1, 'act': 'once', 'prefetch': 0, 'unpack': 'auto', 'correction': 'act', 'scales': 'kmask', 'accum': 'float'} 22.5 us 123 uJ
q4_K hot {'layout': 'native', 'align': 'packed', 'rows': 1, 'cols': 1, 'act': 'once', 'prefetch': 0, 'unpack': 'auto', 'correction': 'act', 'scales': 'kmask', 'accum': 'int'} 28.1 us 154 uJ
q4_K hot {'layout': 'native', 'align': 'packed', 'rows': 1, 'cols': 1, 'act': 'once', 'prefetch': 0, 'unpack': 'auto', 'correction': 'act', 'scales': 'bytewise', 'accum': 'float'} 33.4 us 183 uJ
q4_K hot {'layout': 'native', 'align': 'packed', 'rows': 1, 'cols': 1, 'act': 'once', 'prefetch': 0, 'unpack': 'auto', 'correction': 'act', 'scales': 'bytewise', 'accum': 'int'} 30.9 us 169 uJ
q4_K hot {'layout': 'native', 'align': 'packed', 'rows': 1, 'cols': 1, 'act': 'once', 'prefetch': 0, 'unpack': 'auto', 'correction': 'scalar', 'scales': 'kmask', 'accum': 'float'} 24.8 us 135 uJ
q4_K hot {'layout': 'native', 'align': 'packed', 'rows': 1, 'cols': 1, 'act': 'once', 'prefetch': 0, 'unpack': 'auto', 'correction': 'scalar', 'scales': 'kmask', 'accum': 'int'} 29.4 us 161 uJ
q4_K hot {'layout': 'native', 'align': 'packed', 'rows': 1, 'cols': 1, 'act': 'once', 'prefetch': 0, 'unpack': 'auto', 'correction': 'scalar', 'scales': 'bytewise', 'accum': 'float'} 37.5 us 205 uJ
q4_K hot {'layout': 'native', 'align': 'packed', 'rows': 1, 'cols': 1, 'act': 'once', 'prefetch': 0, 'unpack': 'auto', 'correction': 'scalar', 'scales': 'bytewise', 'accum': 'int'} 32.3 us 176 uJ
q4_K hot {'layout': 'native', 'align': 'packed', 'rows': 1, 'cols': 1, 'act': 'once', 'prefetch': 4, 'unpack': 'auto', 'correction': 'act', 'scales': 'kmask', 'accum': 'float'} 22.5 us 123 uJ
q4_K hot {'layout': 'native', 'align': 'packed', 'rows': 1, 'cols': 1, 'act': 'once', 'prefetch': 4, 'unpack': 'auto', 'correction': 'act', 'scales': 'kmask', 'accum': 'int'} 27.6 us 151 uJ
q4_K hot {'layout': 'native', 'align': 'packed', 'rows': 1, 'cols': 1, 'act': 'once', 'prefetch': 4, 'unpack': 'auto', 'correction': 'act', 'scales': 'bytewise', 'accum': 'float'} 33.7 us 184 uJ
q4_K hot {'layout': 'native', 'align': 'packed', 'rows': 1, 'cols': 1, 'act': 'once', 'prefetch': 4, 'unpack': 'auto', 'correction': 'act', 'scales': 'bytewise', 'accum': 'int'} 30.1 us 164 uJ
q4_K hot {'layout': 'native', 'align': 'packed', 'rows': 1, 'cols': 1, 'act': 'once', 'prefetch': 4, 'unpack': 'auto', 'correction': 'scalar', 'scales': 'kmask', 'accum': 'float'} 24.8 us 136 uJ
q4_K hot {'layout': 'native', 'align': 'packed', 'rows': 1, 'cols': 1, 'act': 'once', 'prefetch': 4, 'unpack': 'auto', 'correction': 'scalar', 'scales': 'kmask', 'accum': 'int'} 29.3 us 160 uJ
q4_K hot {'layout': 'native', 'align': 'packed', 'rows': 1, 'cols': 1, 'act': 'once', 'prefetch': 4, 'unpack': 'auto', 'correction': 'scalar', 'scales': 'bytewise', 'accum': 'float'} 37.4 us 205 uJ
q4_K hot {'layout': 'native', 'align': 'packed', 'rows': 1, 'cols': 1, 'act': 'once', 'prefetch': 4, 'unpack': 'auto', 'correction': 'scalar', 'scales': 'bytewise', 'accum': 'int'} 32.1 us 176 uJ
q4_K hot {'layout': 'native', 'align': 'packed', 'rows': 1, 'cols': 1, 'act': 'once', 'prefetch': 8, 'unpack': 'auto', 'correction': 'act', 'scales': 'kmask', 'accum': 'float'} 22.6 us 124 uJ
q4_K hot {'layout': 'native', 'align': 'packed', 'rows': 1, 'cols': 1, 'act': 'once', 'prefetch': 8, 'unpack': 'auto', 'correction': 'act', 'scales': 'kmask', 'accum': 'int'} 27.7 us 151 uJ
q4_K hot {'layout': 'native', 'align': 'packed', 'rows': 1, 'cols': 1, 'act': 'once', 'prefetch': 8, 'unpack': 'auto', 'correction': 'act', 'scales': 'bytewise', 'accum': 'float'} 33.8 us 185 uJ
q4_K hot {'layout': 'native', 'align': 'packed', 'rows': 1, 'cols': 1, 'act': 'once', 'prefetch': 8, 'unpack': 'auto', 'correction': 'act', 'scales': 'bytewise', 'accum': 'int'} 30.0 us 164 uJ
q4_K hot {'layout': 'native', 'align': 'packed', 'rows': 1, 'cols': 1, 'act': 'once', 'prefetch': 8, 'unpack': 'auto', 'correction': 'scalar', 'scales': 'kmask', 'accum': 'float'} 24.8 us 136 uJ
q4_K hot {'layout': 'native', 'align': 'packed', 'rows': 1, 'cols': 1, 'act': 'once', 'prefetch': 8, 'unpack': 'auto', 'correction': 'scalar', 'scales': 'kmask', 'accum': 'int'} 29.2 us 160 uJ
q4_K hot {'layout': 'native', 'align': 'packed', 'rows': 1, 'cols': 1, 'act': 'once', 'prefetch': 8, 'unpack': 'auto', 'correction': 'scalar', 'scales': 'bytewise', 'accum': 'float'} 37.4 us 205 uJ
q4_K hot {'layout': 'native', 'align': 'packed', 'rows': 1, 'cols': 1, 'act': 'once', 'prefetch': 8, 'unpack': 'auto', 'correction': 'scalar', 'scales': 'bytewise', 'accum': 'int'} 32.1 us 175 uJ
q4_K hot {'layout': 'native', 'align': 'packed', 'rows': 1, 'cols': 1, 'act': 'inline', 'prefetch': 0, 'unpack': 'auto', 'correction': 'act', 'scales': 'kmask', 'accum': 'float'} 27.6 us 151 uJ
q4_K hot {'layout': 'native', 'align': 'packed', 'rows': 1, 'cols': 1, 'act': 'inline', 'prefetch': 0, 'unpack': 'auto', 'correction': 'act', 'scales': 'kmask', 'accum': 'int'} 32.7 us 179 uJ
q4_K hot {'layout': 'native', 'align': 'packed', 'rows': 1, 'cols': 1, 'act': 'inline', 'prefetch': 0, 'unpack': 'auto', 'correction': 'act', 'scales': 'bytewise', 'accum': 'float'} 37.1 us 203 uJ
q4_K hot {'layout': 'native', 'align': 'packed', 'rows': 1, 'cols': 1, 'act': 'inline', 'prefetch': 0, 'unpack': 'auto', 'correction': 'act', 'scales': 'bytewise', 'accum': 'int'} 34.7 us 190 uJ
q4_K hot {'layout': 'native', 'align': 'packed', 'rows': 1, 'cols': 1, 'act': 'inline', 'prefetch': 0, 'unpack': 'auto', 'correction': 'scalar', 'scales': 'kmask', 'accum': 'float'} 26.7 us 146 uJ
q4_K hot {'layout': 'native', 'align': 'packed', 'rows': 1, 'cols': 1, 'act': 'inline', 'prefetch': 0, 'unpack': 'auto', 'correction': 'scalar', 'scales': 'kmask', 'accum': 'int'} 31.6 us 173 uJ
q4_K hot {'layout': 'native', 'align': 'packed', 'rows': 1, 'cols': 1, 'act': 'inline', 'prefetch': 0, 'unpack': 'auto', 'correction': 'scalar', 'scales': 'bytewise', 'accum': 'float'} 39.9 us 218 uJ
q4_K hot {'layout': 'native', 'align': 'packed', 'rows': 1, 'cols': 1, 'act': 'inline', 'prefetch': 0, 'unpack': 'auto', 'correction': 'scalar', 'scales': 'bytewise', 'accum': 'int'} 34.8 us 190 uJ
q4_K hot {'layout': 'native', 'align': 'packed', 'rows': 1, 'cols': 1, 'act': 'inline', 'prefetch': 4, 'unpack': 'auto', 'correction': 'act', 'scales': 'kmask', 'accum': 'float'} 27.8 us 152 uJ
q4_K hot {'layout': 'native', 'align': 'packed', 'rows': 1, 'cols': 1, 'act': 'inline', 'prefetch': 4, 'unpack': 'auto', 'correction': 'act', 'scales': 'kmask', 'accum': 'int'} 32.8 us 179 uJ
q4_K hot {'layout': 'native', 'align': 'packed', 'rows': 1, 'cols': 1, 'act': 'inline', 'prefetch': 4, 'unpack': 'auto', 'correction': 'act', 'scales': 'bytewise', 'accum': 'float'} 37.1 us 203 uJ
q4_K hot {'layout': 'native', 'align': 'packed', 'rows': 1, 'cols': 1, 'act': 'inline', 'prefetch': 4, 'unpack': 'auto', 'correction': 'act', 'scales': 'bytewise', 'accum': 'int'} 34.5 us 188 uJ
q4_K hot {'layout': 'native', 'align': 'packed', 'rows': 1, 'cols': 1, 'act': 'inline', 'prefetch': 4, 'unpack': 'auto', 'correction': 'scalar', 'scales': 'kmask', 'accum': 'float'} 27.2 us 149 uJ
q4_K hot {'layout': 'native', 'align': 'packed', 'rows': 1, 'cols': 1, 'act': 'inline', 'prefetch': 4, 'unpack': 'auto', 'correction': 'scalar', 'scales': 'kmask', 'accum': 'int'} 33.9 us 186 uJ
q4_K hot {'layout': 'native', 'align': 'packed', 'rows': 1, 'cols': 1, 'act': 'inline', 'prefetch': 4, 'unpack': 'auto', 'correction': 'scalar', 'scales': 'bytewise', 'accum': 'float'} 40.2 us 220 uJ
q4_K hot {'layout': 'native', 'align': 'packed', 'rows': 1, 'cols': 1, 'act': 'inline', 'prefetch': 4, 'unpack': 'auto', 'correction': 'scalar', 'scales': 'bytewise', 'accum': 'int'} 34.3 us 188 uJ
q4_K hot {'layout': 'native', 'align': 'packed', 'rows': 1, 'cols': 1, 'act': 'inline', 'prefetch': 8, 'unpack': 'auto', 'correction': 'act', 'scales': 'kmask', 'accum': 'float'} 27.8 us 152 uJ
q4_K hot {'layout': 'native', 'align': 'packed', 'rows': 1, 'cols': 1, 'act': 'inline', 'prefetch': 8, 'unpack': 'auto', 'correction': 'act', 'scales': 'kmask', 'accum': 'int'} 32.7 us 179 uJ
q4_K hot {'layout': 'native', 'align': 'packed', 'rows': 1, 'cols': 1, 'act': 'inline', 'prefetch': 8, 'unpack': 'auto', 'correction': 'act', 'scales': 'bytewise', 'accum': 'float'} 37.1 us 203 uJ
q4_K hot {'layout': 'native', 'align': 'packed', 'rows': 1, 'cols': 1, 'act': 'inline', 'prefetch': 8, 'unpack': 'auto', 'correction': 'act', 'scales': 'bytewise', 'accum': 'int'} 34.4 us 188 uJ
q4_K hot {'layout': 'native', 'align': 'packed', 'rows': 1, 'cols': 1, 'act': 'inline', 'prefetch': 8, 'unpack': 'auto', 'correction': 'scalar', 'scales': 'kmask', 'accum': 'float'} 27.1 us 148 uJ
q4_K hot {'layout': 'native', 'align': 'packed', 'rows': 1, 'cols': 1, 'act': 'inline', 'prefetch': 8, 'unpack': 'auto', 'correction': 'scalar', 'scales': 'kmask', 'accum': 'int'} 31.8 us 174 uJ
q4_K hot {'layout': 'native', 'align': 'packed', 'rows': 1, 'cols': 1, 'act': 'inline', 'prefetch': 8, 'unpack': 'auto', 'correction': 'scalar', 'scales': 'bytewise', 'accum': 'float'} 39.8 us 217 uJ
q4_K hot {'layout': 'native', 'align': 'packed', 'rows': 1, 'cols': 1, 'act': 'inline', 'prefetch': 8, 'unpack': 'auto', 'correction': 'scalar', 'scales': 'bytewise', 'accum': 'int'} 34.3 us 188 uJ
q4_K hot {'layout': 'native', 'align': 'packed', 'rows': 2, 'cols': 1, 'act': 'once', 'prefetch': 0, 'unpack': 'auto', 'correction': 'act', 'scales': 'kmask', 'accum': 'float'} 22.3 us 122 uJ
q4_K hot {'layout': 'native', 'align': 'packed', 'rows': 2, 'cols': 1, 'act': 'once', 'prefetch': 0, 'unpack': 'auto', 'correction': 'act', 'scales': 'kmask', 'accum': 'int'} 27.9 us 153 uJ
q4_K hot {'layout': 'native', 'align': 'packed', 'rows': 2, 'cols': 1, 'act': 'once', 'prefetch': 0, 'unpack': 'auto', 'correction': 'act', 'scales': 'bytewise', 'accum': 'float'} 34.7 us 190 uJ
q4_K hot {'layout': 'native', 'align': 'packed', 'rows': 2, 'cols': 1, 'act': 'once', 'prefetch': 0, 'unpack': 'auto', 'correction': 'act', 'scales': 'bytewise', 'accum': 'int'} 29.7 us 162 uJ
q4_K hot {'layout': 'native', 'align': 'packed', 'rows': 2, 'cols': 1, 'act': 'once', 'prefetch': 0, 'unpack': 'auto', 'correction': 'scalar', 'scales': 'kmask', 'accum': 'float'} 25.2 us 138 uJ
q4_K hot {'layout': 'native', 'align': 'packed', 'rows': 2, 'cols': 1, 'act': 'once', 'prefetch': 0, 'unpack': 'auto', 'correction': 'scalar', 'scales': 'kmask', 'accum': 'int'} 32.3 us 177 uJ
q4_K hot {'layout': 'native', 'align': 'packed', 'rows': 2, 'cols': 1, 'act': 'once', 'prefetch': 0, 'unpack': 'auto', 'correction': 'scalar', 'scales': 'bytewise', 'accum': 'float'} 37.1 us 203 uJ
q4_K hot {'layout': 'native', 'align': 'packed', 'rows': 2, 'cols': 1, 'act': 'once', 'prefetch': 0, 'unpack': 'auto', 'correction': 'scalar', 'scales': 'bytewise', 'accum': 'int'} 34.9 us 191 uJ
q4_K hot {'layout': 'native', 'align': 'packed', 'rows': 2, 'cols': 1, 'act': 'once', 'prefetch': 4, 'unpack': 'auto', 'correction': 'act', 'scales': 'kmask', 'accum': 'float'} 22.5 us 123 uJ
q4_K hot {'layout': 'native', 'align': 'packed', 'rows': 2, 'cols': 1, 'act': 'once', 'prefetch': 4, 'unpack': 'auto', 'correction': 'act', 'scales': 'kmask', 'accum': 'int'} 27.8 us 152 uJ
q4_K hot {'layout': 'native', 'align': 'packed', 'rows': 2, 'cols': 1, 'act': 'once', 'prefetch': 4, 'unpack': 'auto', 'correction': 'act', 'scales': 'bytewise', 'accum': 'float'} 34.5 us 189 uJ
q4_K hot {'layout': 'native', 'align': 'packed', 'rows': 2, 'cols': 1, 'act': 'once', 'prefetch': 4, 'unpack': 'auto', 'correction': 'act', 'scales': 'bytewise', 'accum': 'int'} 29.5 us 161 uJ
q4_K hot {'layout': 'native', 'align': 'packed', 'rows': 2, 'cols': 1, 'act': 'once', 'prefetch': 4, 'unpack': 'auto', 'correction': 'scalar', 'scales': 'kmask', 'accum': 'float'} 25.0 us 137 uJ
q4_K hot {'layout': 'native', 'align': 'packed', 'rows': 2, 'cols': 1, 'act': 'once', 'prefetch': 4, 'unpack': 'auto', 'correction': 'scalar', 'scales': 'kmask', 'accum': 'int'} 32.4 us 177 uJ
q4_K hot {'layout': 'native', 'align': 'packed', 'rows': 2, 'cols': 1, 'act': 'once', 'prefetch': 4, 'unpack': 'auto', 'correction': 'scalar', 'scales': 'bytewise', 'accum': 'float'} 37.0 us 202 uJ
q4_K hot {'layout': 'native', 'align': 'packed', 'rows': 2, 'cols': 1, 'act': 'once', 'prefetch': 4, 'unpack': 'auto', 'correction': 'scalar', 'scales': 'bytewise', 'accum': 'int'} 35.4 us 194 uJ
q4_K hot {'layout': 'native', 'align': 'packed', 'rows': 2, 'cols': 1, 'act': 'once', 'prefetch': 8, 'unpack': 'auto', 'correction': 'act', 'scales': 'kmask', 'accum': 'float'} 22.4 us 122 uJ
q4_K hot {'layout': 'native', 'align': 'packed', 'rows': 2, 'cols': 1, 'act': 'once', 'prefetch': 8, 'unpack': 'auto', 'correction': 'act', 'scales': 'kmask', 'accum': 'int'} 27.8 us 152 uJ
q4_K hot {'layout': 'native', 'align': 'packed', 'rows': 2, 'cols': 1, 'act': 'once', 'prefetch': 8, 'unpack': 'auto', 'correction': 'act', 'scales': 'bytewise', 'accum': 'float'} 34.4 us 188 uJ
q4_K hot {'layout': 'native', 'align': 'packed', 'rows': 2, 'cols': 1, 'act': 'once', 'prefetch': 8, 'unpack': 'auto', 'correction': 'act', 'scales': 'bytewise', 'accum': 'int'} 29.5 us 161 uJ
q4_K hot {'layout': 'native', 'align': 'packed', 'rows': 2, 'cols': 1, 'act': 'once', 'prefetch': 8, 'unpack': 'auto', 'correction': 'scalar', 'scales': 'kmask', 'accum': 'float'} 25.0 us 137 uJ
q4_K hot {'layout': 'native', 'align': 'packed', 'rows': 2, 'cols': 1, 'act': 'once', 'prefetch': 8, 'unpack': 'auto', 'correction': 'scalar', 'scales': 'kmask', 'accum': 'int'} 32.7 us 179 uJ
q4_K hot {'layout': 'native', 'align': 'packed', 'rows': 2, 'cols': 1, 'act': 'once', 'prefetch': 8, 'unpack': 'auto', 'correction': 'scalar', 'scales': 'bytewise', 'accum': 'float'} 37.1 us 203 uJ
q4_K hot {'layout': 'native', 'align': 'packed', 'rows': 2, 'cols': 1, 'act': 'once', 'prefetch': 8, 'unpack': 'auto', 'correction': 'scalar', 'scales': 'bytewise', 'accum': 'int'} 35.5 us 194 uJ
q4_K hot {'layout': 'native', 'align': 'packed', 'rows': 2, 'cols': 1, 'act': 'inline', 'prefetch': 0, 'unpack': 'auto', 'correction': 'act', 'scales': 'kmask', 'accum': 'float'} 25.0 us 136 uJ
q4_K hot {'layout': 'native', 'align': 'packed', 'rows': 2, 'cols': 1, 'act': 'inline', 'prefetch': 0, 'unpack': 'auto', 'correction': 'act', 'scales': 'kmask', 'accum': 'int'} 30.2 us 165 uJ
q4_K hot {'layout': 'native', 'align': 'packed', 'rows': 2, 'cols': 1, 'act': 'inline', 'prefetch': 0, 'unpack': 'auto', 'correction': 'act', 'scales': 'bytewise', 'accum': 'float'} 37.7 us 206 uJ
q4_K hot {'layout': 'native', 'align': 'packed', 'rows': 2, 'cols': 1, 'act': 'inline', 'prefetch': 0, 'unpack': 'auto', 'correction': 'act', 'scales': 'bytewise', 'accum': 'int'} 32.3 us 177 uJ
q4_K hot {'layout': 'native', 'align': 'packed', 'rows': 2, 'cols': 1, 'act': 'inline', 'prefetch': 0, 'unpack': 'auto', 'correction': 'scalar', 'scales': 'kmask', 'accum': 'float'} 25.8 us 141 uJ
q4_K hot {'layout': 'native', 'align': 'packed', 'rows': 2, 'cols': 1, 'act': 'inline', 'prefetch': 0, 'unpack': 'auto', 'correction': 'scalar', 'scales': 'kmask', 'accum': 'int'} 33.8 us 185 uJ
q4_K hot {'layout': 'native', 'align': 'packed', 'rows': 2, 'cols': 1, 'act': 'inline', 'prefetch': 0, 'unpack': 'auto', 'correction': 'scalar', 'scales': 'bytewise', 'accum': 'float'} 37.9 us 207 uJ
q4_K hot {'layout': 'native', 'align': 'packed', 'rows': 2, 'cols': 1, 'act': 'inline', 'prefetch': 0, 'unpack': 'auto', 'correction': 'scalar', 'scales': 'bytewise', 'accum': 'int'} 35.6 us 195 uJ
q4_K hot {'layout': 'native', 'align': 'packed', 'rows': 2, 'cols': 1, 'act': 'inline', 'prefetch': 4, 'unpack': 'auto', 'correction': 'act', 'scales': 'kmask', 'accum': 'float'} 24.9 us 136 uJ
q4_K hot {'layout': 'native', 'align': 'packed', 'rows': 2, 'cols': 1, 'act': 'inline', 'prefetch': 4, 'unpack': 'auto', 'correction': 'act', 'scales': 'kmask', 'accum': 'int'} 30.2 us 165 uJ
q4_K hot {'layout': 'native', 'align': 'packed', 'rows': 2, 'cols': 1, 'act': 'inline', 'prefetch': 4, 'unpack': 'auto', 'correction': 'act', 'scales': 'bytewise', 'accum': 'float'} 37.9 us 207 uJ
q4_K hot {'layout': 'native', 'align': 'packed', 'rows': 2, 'cols': 1, 'act': 'inline', 'prefetch': 4, 'unpack': 'auto', 'correction': 'act', 'scales': 'bytewise', 'accum': 'int'} 31.9 us 175 uJ
q4_K hot {'layout': 'native', 'align': 'packed', 'rows': 2, 'cols': 1, 'act': 'inline', 'prefetch': 4, 'unpack': 'auto', 'correction': 'scalar', 'scales': 'kmask', 'accum': 'float'} 25.8 us 141 uJ
q4_K hot {'layout': 'native', 'align': 'packed', 'rows': 2, 'cols': 1, 'act': 'inline', 'prefetch': 4, 'unpack': 'auto', 'correction': 'scalar', 'scales': 'kmask', 'accum': 'int'} 33.3 us 182 uJ
q4_K hot {'layout': 'native', 'align': 'packed', 'rows': 2, 'cols': 1, 'act': 'inline', 'prefetch': 4, 'unpack': 'auto', 'correction': 'scalar', 'scales': 'bytewise', 'accum': 'float'} 38.5 us 211 uJ
q4_K hot {'layout': 'native', 'align': 'packed', 'rows': 2, 'cols': 1, 'act': 'inline', 'prefetch': 4, 'unpack': 'auto', 'correction': 'scalar', 'scales': 'bytewise', 'accum': 'int'} 35.4 us 194 uJ
q4_K hot {'layout': 'native', 'align': 'packed', 'rows': 2, 'cols': 1, 'act': 'inline', 'prefetch': 8, 'unpack': 'auto', 'correction': 'act', 'scales': 'kmask', 'accum': 'float'} 25.0 us 137 uJ
q4_K hot {'layout': 'native', 'align': 'packed', 'rows': 2, 'cols': 1, 'act': 'inline', 'prefetch': 8, 'unpack': 'auto', 'correction': 'act', 'scales': 'kmask', 'accum': 'int'} 30.2 us 165 uJ
q4_K hot {'layout': 'native', 'align': 'packed', 'rows': 2, 'cols': 1, 'act': 'inline', 'prefetch': 8, 'unpack': 'auto', 'correction': 'act', 'scales': 'bytewise', 'accum': 'float'} 37.7 us 206 uJ
q4_K hot {'layout': 'native', 'align': 'packed', 'rows': 2, 'cols': 1, 'act': 'inline', 'prefetch': 8, 'unpack': 'auto', 'correction': 'act', 'scales': 'bytewise', 'accum': 'int'} 31.9 us 175 uJ
q4_K hot {'layout': 'native', 'align': 'packed', 'rows': 2, 'cols': 1, 'act': 'inline', 'prefetch': 8, 'unpack': 'auto', 'correction': 'scalar', 'scales': 'kmask', 'accum': 'float'} 26.2 us 143 uJ
q4_K hot {'layout': 'native', 'align': 'packed', 'rows': 2, 'cols': 1, 'act': 'inline', 'prefetch': 8, 'unpack': 'auto', 'correction': 'scalar', 'scales': 'kmask', 'accum': 'int'} 33.4 us 183 uJ
q4_K hot {'layout': 'native', 'align': 'packed', 'rows': 2, 'cols': 1, 'act': 'inline', 'prefetch': 8, 'unpack': 'auto', 'correction': 'scalar', 'scales': 'bytewise', 'accum': 'float'} 38.2 us 209 uJ
q4_K hot {'layout': 'native', 'align': 'packed', 'rows': 2, 'cols': 1, 'act': 'inline', 'prefetch': 8, 'unpack': 'auto', 'correction': 'scalar', 'scales': 'bytewise', 'accum': 'int'} 35.6 us 195 uJ
q4_K hot {'layout': 'native', 'align': 'packed', 'rows': 4, 'cols': 1, 'act': 'once', 'prefetch': 0, 'unpack': 'auto', 'correction': 'act', 'scales': 'kmask', 'accum': 'float'} 22.4 us 122 uJ
q4_K hot {'layout': 'native', 'align': 'packed', 'rows': 4, 'cols': 1, 'act': 'once', 'prefetch': 0, 'unpack': 'auto', 'correction': 'act', 'scales': 'kmask', 'accum': 'int'} 27.7 us 152 uJ
q4_K hot {'layout': 'native', 'align': 'packed', 'rows': 4, 'cols': 1, 'act': 'once', 'prefetch': 0, 'unpack': 'auto', 'correction': 'act', 'scales': 'bytewise', 'accum': 'float'} 31.3 us 171 uJ
q4_K hot {'layout': 'native', 'align': 'packed', 'rows': 4, 'cols': 1, 'act': 'once', 'prefetch': 0, 'unpack': 'auto', 'correction': 'act', 'scales': 'bytewise', 'accum': 'int'} 29.5 us 161 uJ
q4_K hot {'layout': 'native', 'align': 'packed', 'rows': 4, 'cols': 1, 'act': 'once', 'prefetch': 0, 'unpack': 'auto', 'correction': 'scalar', 'scales': 'kmask', 'accum': 'float'} 28.9 us 158 uJ
q4_K hot {'layout': 'native', 'align': 'packed', 'rows': 4, 'cols': 1, 'act': 'once', 'prefetch': 0, 'unpack': 'auto', 'correction': 'scalar', 'scales': 'kmask', 'accum': 'int'} 33.8 us 185 uJ
q4_K hot {'layout': 'native', 'align': 'packed', 'rows': 4, 'cols': 1, 'act': 'once', 'prefetch': 0, 'unpack': 'auto', 'correction': 'scalar', 'scales': 'bytewise', 'accum': 'float'} 32.1 us 176 uJ
q4_K hot {'layout': 'native', 'align': 'packed', 'rows': 4, 'cols': 1, 'act': 'once', 'prefetch': 0, 'unpack': 'auto', 'correction': 'scalar', 'scales': 'bytewise', 'accum': 'int'} 33.5 us 183 uJ
q4_K hot {'layout': 'native', 'align': 'packed', 'rows': 4, 'cols': 1, 'act': 'once', 'prefetch': 4, 'unpack': 'auto', 'correction': 'act', 'scales': 'kmask', 'accum': 'float'} 22.4 us 122 uJ
q4_K hot {'layout': 'native', 'align': 'packed', 'rows': 4, 'cols': 1, 'act': 'once', 'prefetch': 4, 'unpack': 'auto', 'correction': 'act', 'scales': 'kmask', 'accum': 'int'} 27.6 us 151 uJ
q4_K hot {'layout': 'native', 'align': 'packed', 'rows': 4, 'cols': 1, 'act': 'once', 'prefetch': 4, 'unpack': 'auto', 'correction': 'act', 'scales': 'bytewise', 'accum': 'float'} 31.1 us 170 uJ
q4_K hot {'layout': 'native', 'align': 'packed', 'rows': 4, 'cols': 1, 'act': 'once', 'prefetch': 4, 'unpack': 'auto', 'correction': 'act', 'scales': 'bytewise', 'accum': 'int'} 29.4 us 161 uJ
q4_K hot {'layout': 'native', 'align': 'packed', 'rows': 4, 'cols': 1, 'act': 'once', 'prefetch': 4, 'unpack': 'auto', 'correction': 'scalar', 'scales': 'kmask', 'accum': 'float'} 28.8 us 158 uJ
q4_K hot {'layout': 'native', 'align': 'packed', 'rows': 4, 'cols': 1, 'act': 'once', 'prefetch': 4, 'unpack': 'auto', 'correction': 'scalar', 'scales': 'kmask', 'accum': 'int'} 33.9 us 186 uJ
q4_K hot {'layout': 'native', 'align': 'packed', 'rows': 4, 'cols': 1, 'act': 'once', 'prefetch': 4, 'unpack': 'auto', 'correction': 'scalar', 'scales': 'bytewise', 'accum': 'float'} 32.0 us 175 uJ
q4_K hot {'layout': 'native', 'align': 'packed', 'rows': 4, 'cols': 1, 'act': 'once', 'prefetch': 4, 'unpack': 'auto', 'correction': 'scalar', 'scales': 'bytewise', 'accum': 'int'} 33.4 us 182 uJ
q4_K hot {'layout': 'native', 'align': 'packed', 'rows': 4, 'cols': 1, 'act': 'once', 'prefetch': 8, 'unpack': 'auto', 'correction': 'act', 'scales': 'kmask', 'accum': 'float'} 22.4 us 122 uJ
q4_K hot {'layout': 'native', 'align': 'packed', 'rows': 4, 'cols': 1, 'act': 'once', 'prefetch': 8, 'unpack': 'auto', 'correction': 'act', 'scales': 'kmask', 'accum': 'int'} 27.6 us 151 uJ
q4_K hot {'layout': 'native', 'align': 'packed', 'rows': 4, 'cols': 1, 'act': 'once', 'prefetch': 8, 'unpack': 'auto', 'correction': 'act', 'scales': 'bytewise', 'accum': 'float'} 31.0 us 170 uJ
q4_K hot {'layout': 'native', 'align': 'packed', 'rows': 4, 'cols': 1, 'act': 'once', 'prefetch': 8, 'unpack': 'auto', 'correction': 'act', 'scales': 'bytewise', 'accum': 'int'} 29.5 us 161 uJ
q4_K hot {'layout': 'native', 'align': 'packed', 'rows': 4, 'cols': 1, 'act': 'once', 'prefetch': 8, 'unpack': 'auto', 'correction': 'scalar', 'scales': 'kmask', 'accum': 'float'} 28.8 us 158 uJ
