# suite kvfmt_prefill: 3 cases, reps 3, threads 8, load 4.81
0 prefill-1.7B-d2048       kurn-amx-f16         2262.7 us    3322.8 GFLOP/s     7.4 GB/s  relerr 6.0e-03 ok (2.1s)
0 prefill-1.7B-d2048       kurn-amx-q8_0        2259.4 us    3327.6 GFLOP/s     5.7 GB/s  relerr 6.2e-03 ok (2.1s)
0 prefill-1.7B-d2048       kurn-amx-k4c_q4      2726.9 us    2757.1 GFLOP/s     4.0 GB/s  relerr 4.7e-03 ok (3.1s)
0 prefill-1.7B-d2048       kurn-amx-k4c_q8      2872.5 us    2617.3 GFLOP/s     4.2 GB/s  relerr 4.5e-03 ok (3.0s)
0 prefill-1.7B-d8192       kurn-amx-f16         8227.7 us    4045.9 GFLOP/s     5.1 GB/s  relerr 5.0e-03 ok (1.1s)
0 prefill-1.7B-d8192       kurn-amx-q8_0        8945.3 us    3721.3 GFLOP/s     2.9 GB/s  relerr 4.5e-03 ok (1.2s)
0 prefill-1.7B-d8192       kurn-amx-k4c_q4     10595.7 us    3141.7 GFLOP/s     1.7 GB/s  relerr 3.3e-03 ok (1.2s)
0 prefill-1.7B-d8192       kurn-amx-k4c_q8     10735.1 us    3100.9 GFLOP/s     2.1 GB/s  relerr 3.4e-03 ok (1.3s)
0 prefill-1.7B-d32768      kurn-amx-f16        32124.6 us    4244.9 GFLOP/s     4.4 GB/s  relerr 9.6e-03 ok (3.5s)
0 prefill-1.7B-d32768      kurn-amx-q8_0       34744.2 us    3924.9 GFLOP/s     2.3 GB/s  relerr 6.9e-03 ok (3.5s)
0 prefill-1.7B-d32768      kurn-amx-k4c_q4     41426.7 us    3291.8 GFLOP/s     1.2 GB/s  relerr 1.2e-02 FAIL (3.8s)
0 prefill-1.7B-d32768      kurn-amx-k4c_q8     41764.7 us    3265.1 GFLOP/s     1.6 GB/s  relerr 1.1e-02 FAIL (3.9s)
1 prefill-1.7B-d2048       kurn-amx-f16         2106.3 us    3569.5 GFLOP/s     8.0 GB/s  relerr 6.0e-03 ok (0.6s)
1 prefill-1.7B-d2048       kurn-amx-q8_0        2083.2 us    3609.0 GFLOP/s     6.2 GB/s  relerr 6.2e-03 ok (0.6s)
1 prefill-1.7B-d2048       kurn-amx-k4c_q4      2880.4 us    2610.2 GFLOP/s     3.8 GB/s  relerr 4.7e-03 ok (0.6s)
1 prefill-1.7B-d2048       kurn-amx-k4c_q8      2793.9 us    2691.0 GFLOP/s     4.3 GB/s  relerr 4.5e-03 ok (0.6s)
1 prefill-1.7B-d8192       kurn-amx-f16         8173.2 us    4072.8 GFLOP/s     5.1 GB/s  relerr 5.0e-03 ok (1.2s)
1 prefill-1.7B-d8192       kurn-amx-q8_0        8893.5 us    3743.0 GFLOP/s     3.0 GB/s  relerr 4.5e-03 ok (1.2s)
1 prefill-1.7B-d8192       kurn-amx-k4c_q4     10605.6 us    3138.7 GFLOP/s     1.7 GB/s  relerr 3.3e-03 ok (1.3s)
1 prefill-1.7B-d8192       kurn-amx-k4c_q8     10628.0 us    3132.1 GFLOP/s     2.1 GB/s  relerr 3.4e-03 ok (1.3s)
1 prefill-1.7B-d32768      kurn-amx-f16        31521.2 us    4326.2 GFLOP/s     4.5 GB/s  relerr 9.6e-03 ok (3.4s)
1 prefill-1.7B-d32768      kurn-amx-q8_0       34200.3 us    3987.3 GFLOP/s     2.3 GB/s  relerr 6.9e-03 ok (3.5s)
1 prefill-1.7B-d32768      kurn-amx-k4c_q4     41184.6 us    3311.1 GFLOP/s     1.2 GB/s  relerr 1.2e-02 FAIL (3.8s)
1 prefill-1.7B-d32768      kurn-amx-k4c_q8     41422.2 us    3292.1 GFLOP/s     1.6 GB/s  relerr 1.1e-02 FAIL (3.9s)
2 prefill-1.7B-d2048       kurn-amx-f16         2096.4 us    3586.2 GFLOP/s     8.0 GB/s  relerr 6.0e-03 ok (0.6s)
2 prefill-1.7B-d2048       kurn-amx-q8_0        2097.1 us    3585.0 GFLOP/s     6.1 GB/s  relerr 6.2e-03 ok (0.6s)
2 prefill-1.7B-d2048       kurn-amx-k4c_q4      2696.5 us    2788.1 GFLOP/s     4.0 GB/s  relerr 4.7e-03 ok (0.6s)
2 prefill-1.7B-d2048       kurn-amx-k4c_q8      2735.8 us    2748.1 GFLOP/s     4.4 GB/s  relerr 4.5e-03 ok (0.6s)
2 prefill-1.7B-d8192       kurn-amx-f16         8416.6 us    3955.1 GFLOP/s     5.0 GB/s  relerr 5.0e-03 ok (1.1s)
2 prefill-1.7B-d8192       kurn-amx-q8_0        9030.1 us    3686.3 GFLOP/s     2.9 GB/s  relerr 4.5e-03 ok (1.2s)
2 prefill-1.7B-d8192       kurn-amx-k4c_q4     10577.3 us    3147.1 GFLOP/s     1.7 GB/s  relerr 3.3e-03 ok (1.3s)
2 prefill-1.7B-d8192       kurn-amx-k4c_q8     10709.1 us    3108.4 GFLOP/s     2.1 GB/s  relerr 3.4e-03 ok (1.3s)
2 prefill-1.7B-d32768      kurn-amx-f16        32202.0 us    4234.8 GFLOP/s     4.4 GB/s  relerr 9.6e-03 ok (3.4s)
2 prefill-1.7B-d32768      kurn-amx-q8_0       35356.7 us    3856.9 GFLOP/s     2.2 GB/s  relerr 6.9e-03 ok (3.6s)
2 prefill-1.7B-d32768      kurn-amx-k4c_q4     41067.7 us    3320.6 GFLOP/s     1.2 GB/s  relerr 1.2e-02 FAIL (3.8s)
2 prefill-1.7B-d32768      kurn-amx-k4c_q8     41648.8 us    3274.2 GFLOP/s     1.6 GB/s  relerr 1.1e-02 FAIL (3.9s)
# wrote results/kvfmt/kvfmt_prefill.csv
