# suite kvfmt: 10 cases, reps 5, threads 8, load 8.00
0 decode-1.7B-d512         kurn-f16               22.7 us     184.5 GFLOP/s    93.0 GB/s  relerr 7.0e-07 ok (2.2s)
0 decode-1.7B-d512         kurn-q8_0              22.2 us     189.1 GFLOP/s    51.0 GB/s  relerr 8.1e-07 ok (2.0s)
0 decode-1.7B-d512         kurn-k4c_q4            22.9 us     183.5 GFLOP/s    28.0 GB/s  relerr 5.1e-07 ok (2.6s)
0 decode-1.7B-d512         kurn-k4c_q8            24.2 us     173.3 GFLOP/s    37.2 GB/s  relerr 6.4e-07 ok (2.6s)
0 decode-1.7B-d2048        kurn-f16              119.3 us     140.7 GFLOP/s    70.5 GB/s  relerr 3.5e-07 ok (0.9s)
0 decode-1.7B-d2048        kurn-q8_0              59.3 us     283.0 GFLOP/s    75.5 GB/s  relerr 3.9e-07 ok (0.7s)
0 decode-1.7B-d2048        kurn-k4c_q4            62.9 us     266.8 GFLOP/s    39.9 GB/s  relerr 9.0e-07 ok (0.6s)
0 decode-1.7B-d2048        kurn-k4c_q8            62.6 us     267.9 GFLOP/s    56.8 GB/s  relerr 9.3e-07 ok (0.7s)
0 decode-1.7B-d8192        kurn-f16              467.6 us     143.5 GFLOP/s    71.8 GB/s  relerr 7.5e-07 ok (1.4s)
0 decode-1.7B-d8192        kurn-q8_0             290.4 us     231.1 GFLOP/s    61.4 GB/s  relerr 1.1e-06 ok (1.3s)
0 decode-1.7B-d8192        kurn-k4c_q4           271.9 us     246.8 GFLOP/s    36.7 GB/s  relerr 1.3e-06 ok (1.3s)
0 decode-1.7B-d8192        kurn-k4c_q8           272.3 us     246.4 GFLOP/s    52.0 GB/s  relerr 1.4e-06 ok (1.4s)
0 decode-1.7B-d16384       kurn-f16              941.1 us     142.6 GFLOP/s    71.3 GB/s  relerr 8.5e-07 ok (1.7s)
0 decode-1.7B-d16384       kurn-q8_0             527.5 us     254.4 GFLOP/s    67.6 GB/s  relerr 1.2e-06 ok (1.8s)
0 decode-1.7B-d16384       kurn-k4c_q4           447.7 us     299.8 GFLOP/s    44.5 GB/s  relerr 6.2e-07 ok (2.0s)
0 decode-1.7B-d16384       kurn-k4c_q8           506.2 us     265.1 GFLOP/s    56.0 GB/s  relerr 6.6e-07 ok (2.0s)
0 decode-1.7B-d32768       kurn-f16             1831.5 us     146.6 GFLOP/s    73.3 GB/s  relerr 1.2e-06 ok (2.8s)
0 decode-1.7B-d32768       kurn-q8_0            1054.8 us     254.5 GFLOP/s    67.6 GB/s  relerr 1.3e-06 ok (2.9s)
0 decode-1.7B-d32768       kurn-k4c_q4           896.9 us     299.3 GFLOP/s    44.4 GB/s  relerr 8.4e-07 ok (3.2s)
0 decode-1.7B-d32768       kurn-k4c_q8          1031.8 us     260.1 GFLOP/s    54.9 GB/s  relerr 8.1e-07 ok (3.3s)
0 decode-8B-d512           kurn-f16               23.8 us     352.1 GFLOP/s    89.4 GB/s  relerr 5.0e-07 ok (0.5s)
0 decode-8B-d512           kurn-q8_0              24.9 us     336.9 GFLOP/s    46.1 GB/s  relerr 7.6e-07 ok (0.5s)
0 decode-8B-d512           kurn-k4c_q4            27.2 us     308.6 GFLOP/s    24.1 GB/s  relerr 6.5e-07 ok (0.5s)
0 decode-8B-d512           kurn-k4c_q8            28.0 us     299.1 GFLOP/s    32.7 GB/s  relerr 7.5e-07 ok (0.5s)
0 decode-8B-d2048          kurn-f16              135.4 us     247.9 GFLOP/s    62.2 GB/s  relerr 4.5e-07 ok (0.8s)
0 decode-8B-d2048          kurn-q8_0              82.9 us     405.0 GFLOP/s    54.2 GB/s  relerr 4.6e-07 ok (0.7s)
0 decode-8B-d2048          kurn-k4c_q4            82.7 us     405.8 GFLOP/s    30.5 GB/s  relerr 7.6e-07 ok (0.6s)
0 decode-8B-d2048          kurn-k4c_q8            87.1 us     385.1 GFLOP/s    41.0 GB/s  relerr 8.3e-07 ok (0.7s)
0 decode-8B-d8192          kurn-f16              557.5 us     240.8 GFLOP/s    60.2 GB/s  relerr 7.3e-07 ok (1.4s)
0 decode-8B-d8192          kurn-q8_0             371.3 us     361.4 GFLOP/s    48.1 GB/s  relerr 9.2e-07 ok (1.4s)
0 decode-8B-d8192          kurn-k4c_q4           297.6 us     451.0 GFLOP/s    33.6 GB/s  relerr 1.2e-06 ok (1.4s)
0 decode-8B-d8192          kurn-k4c_q8           343.7 us     390.5 GFLOP/s    41.3 GB/s  relerr 1.2e-06 ok (1.5s)
0 decode-8B-d16384         kurn-f16             1004.3 us     267.3 GFLOP/s    66.9 GB/s  relerr 8.8e-07 ok (1.9s)
0 decode-8B-d16384         kurn-q8_0             712.0 us     377.0 GFLOP/s    50.1 GB/s  relerr 1.1e-06 ok (2.0s)
0 decode-8B-d16384         kurn-k4c_q4           560.2 us     479.1 GFLOP/s    35.6 GB/s  relerr 1.5e-06 ok (2.1s)
0 decode-8B-d16384         kurn-k4c_q8           560.8 us     478.7 GFLOP/s    50.5 GB/s  relerr 1.5e-06 ok (2.2s)
0 decode-8B-d32768         kurn-f16             1314.3 us     408.5 GFLOP/s   102.2 GB/s  relerr 1.3e-06 ok (3.0s)
0 decode-8B-d32768         kurn-q8_0             986.8 us     544.0 GFLOP/s    72.3 GB/s  relerr 8.3e-07 ok (3.1s)
0 decode-8B-d32768         kurn-k4c_q4          1069.7 us     501.9 GFLOP/s    37.3 GB/s  relerr 1.6e-06 ok (3.4s)
0 decode-8B-d32768         kurn-k4c_q8          1286.2 us     417.4 GFLOP/s    44.0 GB/s  relerr 1.5e-06 ok (3.5s)
1 decode-1.7B-d512         kurn-f16               21.2 us     197.4 GFLOP/s    99.5 GB/s  relerr 7.0e-07 ok (0.5s)
1 decode-1.7B-d512         kurn-q8_0              20.6 us     204.0 GFLOP/s    55.0 GB/s  relerr 8.1e-07 ok (0.5s)
1 decode-1.7B-d512         kurn-k4c_q4            22.9 us     183.0 GFLOP/s    27.9 GB/s  relerr 5.1e-07 ok (0.5s)
1 decode-1.7B-d512         kurn-k4c_q8            24.3 us     172.7 GFLOP/s    37.1 GB/s  relerr 6.4e-07 ok (0.5s)
1 decode-1.7B-d2048        kurn-f16              104.9 us     159.9 GFLOP/s    80.1 GB/s  relerr 3.5e-07 ok (0.8s)
1 decode-1.7B-d2048        kurn-q8_0              62.6 us     267.9 GFLOP/s    71.4 GB/s  relerr 3.9e-07 ok (0.7s)
1 decode-1.7B-d2048        kurn-k4c_q4            63.4 us     264.7 GFLOP/s    39.5 GB/s  relerr 9.0e-07 ok (0.6s)
1 decode-1.7B-d2048        kurn-k4c_q8            63.4 us     264.6 GFLOP/s    56.1 GB/s  relerr 9.3e-07 ok (0.7s)
1 decode-1.7B-d8192        kurn-f16              426.2 us     157.4 GFLOP/s    78.8 GB/s  relerr 7.5e-07 ok (1.3s)
1 decode-1.7B-d8192        kurn-q8_0             272.4 us     246.4 GFLOP/s    65.5 GB/s  relerr 1.1e-06 ok (1.3s)
1 decode-1.7B-d8192        kurn-k4c_q4           233.7 us     287.1 GFLOP/s    42.7 GB/s  relerr 1.3e-06 ok (1.3s)
1 decode-1.7B-d8192        kurn-k4c_q8           265.9 us     252.4 GFLOP/s    53.3 GB/s  relerr 1.4e-06 ok (1.4s)
1 decode-1.7B-d16384       kurn-f16              891.7 us     150.5 GFLOP/s    75.3 GB/s  relerr 8.5e-07 ok (1.8s)
1 decode-1.7B-d16384       kurn-q8_0             529.8 us     253.3 GFLOP/s    67.3 GB/s  relerr 1.2e-06 ok (1.9s)
1 decode-1.7B-d16384       kurn-k4c_q4           446.1 us     300.8 GFLOP/s    44.7 GB/s  relerr 6.2e-07 ok (2.0s)
1 decode-1.7B-d16384       kurn-k4c_q8           509.2 us     263.6 GFLOP/s    55.6 GB/s  relerr 6.6e-07 ok (2.0s)
1 decode-1.7B-d32768       kurn-f16             1790.8 us     149.9 GFLOP/s    75.0 GB/s  relerr 1.2e-06 ok (2.8s)
1 decode-1.7B-d32768       kurn-q8_0            1023.1 us     262.4 GFLOP/s    69.7 GB/s  relerr 1.3e-06 ok (2.9s)
1 decode-1.7B-d32768       kurn-k4c_q4           880.1 us     305.0 GFLOP/s    45.3 GB/s  relerr 8.4e-07 ok (3.2s)
1 decode-1.7B-d32768       kurn-k4c_q8          1029.4 us     260.8 GFLOP/s    55.0 GB/s  relerr 8.1e-07 ok (3.3s)
1 decode-8B-d512           kurn-f16               24.6 us     340.3 GFLOP/s    86.4 GB/s  relerr 5.0e-07 ok (0.5s)
1 decode-8B-d512           kurn-q8_0              25.3 us     332.1 GFLOP/s    45.4 GB/s  relerr 7.6e-07 ok (0.5s)
1 decode-8B-d512           kurn-k4c_q4            27.4 us     305.8 GFLOP/s    23.9 GB/s  relerr 6.5e-07 ok (0.5s)
1 decode-8B-d512           kurn-k4c_q8            28.2 us     297.1 GFLOP/s    32.5 GB/s  relerr 7.5e-07 ok (0.5s)
1 decode-8B-d2048          kurn-f16              130.0 us     258.2 GFLOP/s    64.8 GB/s  relerr 4.5e-07 ok (0.8s)
1 decode-8B-d2048          kurn-q8_0              83.7 us     401.1 GFLOP/s    53.7 GB/s  relerr 4.6e-07 ok (0.7s)
1 decode-8B-d2048          kurn-k4c_q4            81.8 us     410.2 GFLOP/s    30.9 GB/s  relerr 7.6e-07 ok (0.6s)
1 decode-8B-d2048          kurn-k4c_q8            85.6 us     392.0 GFLOP/s    41.7 GB/s  relerr 8.3e-07 ok (0.7s)
1 decode-8B-d8192          kurn-f16              474.4 us     282.9 GFLOP/s    70.8 GB/s  relerr 7.3e-07 ok (1.4s)
1 decode-8B-d8192          kurn-q8_0             342.3 us     392.1 GFLOP/s    52.2 GB/s  relerr 9.2e-07 ok (1.3s)
1 decode-8B-d8192          kurn-k4c_q4           292.1 us     459.5 GFLOP/s    34.2 GB/s  relerr 1.2e-06 ok (1.4s)
1 decode-8B-d8192          kurn-k4c_q8           350.2 us     383.3 GFLOP/s    40.5 GB/s  relerr 1.2e-06 ok (1.5s)
1 decode-8B-d16384         kurn-f16              891.2 us     301.2 GFLOP/s    75.3 GB/s  relerr 8.8e-07 ok (1.8s)
1 decode-8B-d16384         kurn-q8_0             635.9 us     422.1 GFLOP/s    56.1 GB/s  relerr 1.1e-06 ok (2.0s)
1 decode-8B-d16384         kurn-k4c_q4           685.8 us     391.4 GFLOP/s    29.1 GB/s  relerr 1.5e-06 ok (344.5s)
1 decode-8B-d16384         kurn-k4c_q8           654.9 us     409.9 GFLOP/s    43.3 GB/s  relerr 1.5e-06 ok (2.2s)
1 decode-8B-d32768         kurn-f16             1768.1 us     303.6 GFLOP/s    75.9 GB/s  relerr 1.3e-06 ok (3.1s)
1 decode-8B-d32768         kurn-q8_0            1504.6 us     356.8 GFLOP/s    47.4 GB/s  relerr 8.3e-07 ok (3.2s)
1 decode-8B-d32768         kurn-k4c_q4          1381.7 us     388.6 GFLOP/s    28.9 GB/s  relerr 1.6e-06 ok (3.6s)
1 decode-8B-d32768         kurn-k4c_q8          1437.4 us     373.5 GFLOP/s    39.4 GB/s  relerr 1.5e-06 ok (3.6s)
2 decode-1.7B-d512         kurn-f16               21.3 us     196.6 GFLOP/s    99.1 GB/s  relerr 7.0e-07 ok (0.5s)
2 decode-1.7B-d512         kurn-q8_0              21.2 us     197.5 GFLOP/s    53.2 GB/s  relerr 8.1e-07 ok (0.5s)
2 decode-1.7B-d512         kurn-k4c_q4            27.3 us     153.4 GFLOP/s    23.4 GB/s  relerr 5.1e-07 ok (0.5s)
2 decode-1.7B-d512         kurn-k4c_q8            33.8 us     124.1 GFLOP/s    26.7 GB/s  relerr 6.4e-07 ok (0.5s)
2 decode-1.7B-d2048        kurn-f16              143.1 us     117.2 GFLOP/s    58.7 GB/s  relerr 3.5e-07 ok (0.8s)
2 decode-1.7B-d2048        kurn-q8_0              85.8 us     195.5 GFLOP/s    52.1 GB/s  relerr 3.9e-07 ok (0.7s)
2 decode-1.7B-d2048        kurn-k4c_q4            63.5 us     264.3 GFLOP/s    39.5 GB/s  relerr 9.0e-07 ok (0.6s)
2 decode-1.7B-d2048        kurn-k4c_q8            62.7 us     267.8 GFLOP/s    56.8 GB/s  relerr 9.3e-07 ok (0.7s)
2 decode-1.7B-d8192        kurn-f16              448.2 us     149.7 GFLOP/s    74.9 GB/s  relerr 7.5e-07 ok (1.3s)
2 decode-1.7B-d8192        kurn-q8_0             282.1 us     237.9 GFLOP/s    63.2 GB/s  relerr 1.1e-06 ok (1.3s)
2 decode-1.7B-d8192        kurn-k4c_q4           231.6 us     289.8 GFLOP/s    43.1 GB/s  relerr 1.3e-06 ok (1.3s)
2 decode-1.7B-d8192        kurn-k4c_q8           267.1 us     251.3 GFLOP/s    53.1 GB/s  relerr 1.4e-06 ok (1.4s)
2 decode-1.7B-d16384       kurn-f16              861.7 us     155.8 GFLOP/s    77.9 GB/s  relerr 8.5e-07 ok (1.8s)
2 decode-1.7B-d16384       kurn-q8_0             521.6 us     257.3 GFLOP/s    68.4 GB/s  relerr 1.2e-06 ok (1.9s)
2 decode-1.7B-d16384       kurn-k4c_q4           598.8 us     224.2 GFLOP/s    33.3 GB/s  relerr 6.2e-07 ok (2.0s)
2 decode-1.7B-d16384       kurn-k4c_q8           543.7 us     246.9 GFLOP/s    52.1 GB/s  relerr 6.6e-07 ok (2.1s)
2 decode-1.7B-d32768       kurn-f16             1755.0 us     153.0 GFLOP/s    76.5 GB/s  relerr 1.2e-06 ok (3.0s)
2 decode-1.7B-d32768       kurn-q8_0            1098.4 us     244.4 GFLOP/s    64.9 GB/s  relerr 1.3e-06 ok (2.9s)
2 decode-1.7B-d32768       kurn-k4c_q4           874.0 us     307.1 GFLOP/s    45.6 GB/s  relerr 8.4e-07 ok (3.2s)
2 decode-1.7B-d32768       kurn-k4c_q8          1036.1 us     259.1 GFLOP/s    54.7 GB/s  relerr 8.1e-07 ok (3.3s)
2 decode-8B-d512           kurn-f16               24.4 us     343.3 GFLOP/s    87.2 GB/s  relerr 5.0e-07 ok (0.5s)
2 decode-8B-d512           kurn-q8_0              25.3 us     331.5 GFLOP/s    45.3 GB/s  relerr 7.6e-07 ok (0.5s)
2 decode-8B-d512           kurn-k4c_q4            35.1 us     239.1 GFLOP/s    18.7 GB/s  relerr 6.5e-07 ok (0.5s)
2 decode-8B-d512           kurn-k4c_q8            28.4 us     295.6 GFLOP/s    32.3 GB/s  relerr 7.5e-07 ok (0.5s)
2 decode-8B-d2048          kurn-f16              141.3 us     237.4 GFLOP/s    59.6 GB/s  relerr 4.5e-07 ok (0.8s)
2 decode-8B-d2048          kurn-q8_0              85.5 us     392.4 GFLOP/s    52.5 GB/s  relerr 4.6e-07 ok (0.7s)
2 decode-8B-d2048          kurn-k4c_q4            83.3 us     402.8 GFLOP/s    30.3 GB/s  relerr 7.6e-07 ok (0.6s)
2 decode-8B-d2048          kurn-k4c_q8            87.1 us     385.3 GFLOP/s    41.0 GB/s  relerr 8.3e-07 ok (0.7s)
2 decode-8B-d8192          kurn-f16              581.8 us     230.7 GFLOP/s    57.7 GB/s  relerr 7.3e-07 ok (1.4s)
2 decode-8B-d8192          kurn-q8_0             380.1 us     353.1 GFLOP/s    47.0 GB/s  relerr 9.2e-07 ok (1.4s)
2 decode-8B-d8192          kurn-k4c_q4           302.5 us     443.7 GFLOP/s    33.0 GB/s  relerr 1.2e-06 ok (1.4s)
2 decode-8B-d8192          kurn-k4c_q8           359.7 us     373.2 GFLOP/s    39.5 GB/s  relerr 1.2e-06 ok (1.5s)
2 decode-8B-d16384         kurn-f16             1080.2 us     248.5 GFLOP/s    62.1 GB/s  relerr 8.8e-07 ok (2.0s)
2 decode-8B-d16384         kurn-q8_0             682.4 us     393.4 GFLOP/s    52.3 GB/s  relerr 1.1e-06 ok (2.0s)
2 decode-8B-d16384         kurn-k4c_q4           589.9 us     455.0 GFLOP/s    33.8 GB/s  relerr 1.5e-06 ok (2.5s)
2 decode-8B-d16384         kurn-k4c_q8           660.9 us     406.2 GFLOP/s    42.9 GB/s  relerr 1.5e-06 ok (2.3s)
2 decode-8B-d32768         kurn-f16             2104.9 us     255.1 GFLOP/s    63.8 GB/s  relerr 1.3e-06 ok (3.3s)
2 decode-8B-d32768         kurn-q8_0            1307.8 us     410.5 GFLOP/s    54.5 GB/s  relerr 8.3e-07 ok (3.3s)
2 decode-8B-d32768         kurn-k4c_q4          1111.2 us     483.2 GFLOP/s    35.9 GB/s  relerr 1.6e-06 ok (3.6s)
2 decode-8B-d32768         kurn-k4c_q8          1399.1 us     383.7 GFLOP/s    40.5 GB/s  relerr 1.5e-06 ok (3.7s)
3 decode-1.7B-d512         kurn-f16               20.3 us     206.6 GFLOP/s   104.1 GB/s  relerr 7.0e-07 ok (0.5s)
3 decode-1.7B-d512         kurn-q8_0              19.4 us     215.7 GFLOP/s    58.1 GB/s  relerr 8.1e-07 ok (0.5s)
3 decode-1.7B-d512         kurn-k4c_q4            23.2 us     180.6 GFLOP/s    27.5 GB/s  relerr 5.1e-07 ok (0.5s)
3 decode-1.7B-d512         kurn-k4c_q8            24.2 us     173.6 GFLOP/s    37.3 GB/s  relerr 6.4e-07 ok (0.5s)
3 decode-1.7B-d2048        kurn-f16              114.5 us     146.5 GFLOP/s    73.4 GB/s  relerr 3.5e-07 ok (0.8s)
3 decode-1.7B-d2048        kurn-q8_0              59.7 us     281.1 GFLOP/s    74.9 GB/s  relerr 3.9e-07 ok (0.7s)
3 decode-1.7B-d2048        kurn-k4c_q4            62.5 us     268.6 GFLOP/s    40.1 GB/s  relerr 9.0e-07 ok (0.6s)
3 decode-1.7B-d2048        kurn-k4c_q8            65.2 us     257.3 GFLOP/s    54.5 GB/s  relerr 9.3e-07 ok (0.7s)
3 decode-1.7B-d8192        kurn-f16              450.3 us     149.0 GFLOP/s    74.6 GB/s  relerr 7.5e-07 ok (1.4s)
3 decode-1.7B-d8192        kurn-q8_0             283.0 us     237.1 GFLOP/s    63.0 GB/s  relerr 1.1e-06 ok (1.4s)
3 decode-1.7B-d8192        kurn-k4c_q4           233.7 us     287.2 GFLOP/s    42.7 GB/s  relerr 1.3e-06 ok (1.3s)
3 decode-1.7B-d8192        kurn-k4c_q8           256.5 us     261.6 GFLOP/s    55.2 GB/s  relerr 1.4e-06 ok (1.4s)
3 decode-1.7B-d16384       kurn-f16              857.7 us     156.5 GFLOP/s    78.3 GB/s  relerr 8.5e-07 ok (1.8s)
3 decode-1.7B-d16384       kurn-q8_0             533.4 us     251.7 GFLOP/s    66.9 GB/s  relerr 1.2e-06 ok (1.8s)
3 decode-1.7B-d16384       kurn-k4c_q4           449.2 us     298.8 GFLOP/s    44.4 GB/s  relerr 6.2e-07 ok (2.0s)
3 decode-1.7B-d16384       kurn-k4c_q8           503.6 us     266.5 GFLOP/s    56.2 GB/s  relerr 6.6e-07 ok (2.0s)
3 decode-1.7B-d32768       kurn-f16             1758.5 us     152.7 GFLOP/s    76.3 GB/s  relerr 1.2e-06 ok (2.8s)
3 decode-1.7B-d32768       kurn-q8_0             985.8 us     272.3 GFLOP/s    72.3 GB/s  relerr 1.3e-06 ok (3.0s)
3 decode-1.7B-d32768       kurn-k4c_q4           870.2 us     308.5 GFLOP/s    45.8 GB/s  relerr 8.4e-07 ok (3.2s)
3 decode-1.7B-d32768       kurn-k4c_q8          1024.0 us     262.1 GFLOP/s    55.3 GB/s  relerr 8.1e-07 ok (3.3s)
3 decode-8B-d512           kurn-f16               27.1 us     309.0 GFLOP/s    78.5 GB/s  relerr 5.0e-07 ok (0.5s)
3 decode-8B-d512           kurn-q8_0              25.7 us     327.0 GFLOP/s    44.7 GB/s  relerr 7.6e-07 ok (0.5s)
3 decode-8B-d512           kurn-k4c_q4            27.8 us     301.5 GFLOP/s    23.6 GB/s  relerr 6.5e-07 ok (0.5s)
3 decode-8B-d512           kurn-k4c_q8            28.6 us     293.5 GFLOP/s    32.1 GB/s  relerr 7.5e-07 ok (0.5s)
3 decode-8B-d2048          kurn-f16              147.8 us     227.0 GFLOP/s    57.0 GB/s  relerr 4.5e-07 ok (0.8s)
3 decode-8B-d2048          kurn-q8_0              90.0 us     372.8 GFLOP/s    49.9 GB/s  relerr 4.6e-07 ok (0.7s)
3 decode-8B-d2048          kurn-k4c_q4            83.0 us     404.5 GFLOP/s    30.4 GB/s  relerr 7.6e-07 ok (0.6s)
3 decode-8B-d2048          kurn-k4c_q8            89.2 us     376.1 GFLOP/s    40.0 GB/s  relerr 8.3e-07 ok (0.7s)
3 decode-8B-d8192          kurn-f16              527.5 us     254.4 GFLOP/s    63.7 GB/s  relerr 7.3e-07 ok (1.4s)
3 decode-8B-d8192          kurn-q8_0             357.0 us     375.9 GFLOP/s    50.0 GB/s  relerr 9.2e-07 ok (1.4s)
3 decode-8B-d8192          kurn-k4c_q4           300.3 us     446.9 GFLOP/s    33.3 GB/s  relerr 1.2e-06 ok (1.5s)
3 decode-8B-d8192          kurn-k4c_q8           343.9 us     390.3 GFLOP/s    41.3 GB/s  relerr 1.2e-06 ok (1.5s)
3 decode-8B-d16384         kurn-f16              921.8 us     291.2 GFLOP/s    72.8 GB/s  relerr 8.8e-07 ok (1.9s)
3 decode-8B-d16384         kurn-q8_0             632.8 us     424.2 GFLOP/s    56.4 GB/s  relerr 1.1e-06 ok (2.0s)
3 decode-8B-d16384         kurn-k4c_q4           558.1 us     481.0 GFLOP/s    35.8 GB/s  relerr 1.5e-06 ok (2.1s)
3 decode-8B-d16384         kurn-k4c_q8           645.0 us     416.2 GFLOP/s    44.0 GB/s  relerr 1.5e-06 ok (2.2s)
3 decode-8B-d32768         kurn-f16             1900.7 us     282.5 GFLOP/s    70.6 GB/s  relerr 1.3e-06 ok (3.1s)
3 decode-8B-d32768         kurn-q8_0            1286.9 us     417.2 GFLOP/s    55.4 GB/s  relerr 8.3e-07 ok (3.2s)
3 decode-8B-d32768         kurn-k4c_q4          1088.6 us     493.2 GFLOP/s    36.6 GB/s  relerr 1.6e-06 ok (3.5s)
3 decode-8B-d32768         kurn-k4c_q8          1286.5 us     417.3 GFLOP/s    44.0 GB/s  relerr 1.5e-06 ok (3.6s)
4 decode-1.7B-d512         kurn-f16               20.2 us     208.0 GFLOP/s   104.8 GB/s  relerr 7.0e-07 ok (0.5s)
4 decode-1.7B-d512         kurn-q8_0              20.5 us     204.4 GFLOP/s    55.1 GB/s  relerr 8.1e-07 ok (0.5s)
4 decode-1.7B-d512         kurn-k4c_q4            23.5 us     178.4 GFLOP/s    27.2 GB/s  relerr 5.1e-07 ok (0.5s)
4 decode-1.7B-d512         kurn-k4c_q8            23.9 us     175.5 GFLOP/s    37.7 GB/s  relerr 6.4e-07 ok (0.5s)
4 decode-1.7B-d2048        kurn-f16              113.3 us     148.1 GFLOP/s    74.2 GB/s  relerr 3.5e-07 ok (0.9s)
4 decode-1.7B-d2048        kurn-q8_0              57.7 us     290.6 GFLOP/s    77.5 GB/s  relerr 3.9e-07 ok (0.7s)
4 decode-1.7B-d2048        kurn-k4c_q4            67.2 us     249.8 GFLOP/s    37.3 GB/s  relerr 9.0e-07 ok (0.6s)
4 decode-1.7B-d2048        kurn-k4c_q8            63.6 us     263.7 GFLOP/s    55.9 GB/s  relerr 9.3e-07 ok (0.7s)
4 decode-1.7B-d8192        kurn-f16              453.1 us     148.1 GFLOP/s    74.1 GB/s  relerr 7.5e-07 ok (1.3s)
4 decode-1.7B-d8192        kurn-q8_0             269.5 us     249.0 GFLOP/s    66.2 GB/s  relerr 1.1e-06 ok (1.3s)
4 decode-1.7B-d8192        kurn-k4c_q4           231.9 us     289.4 GFLOP/s    43.0 GB/s  relerr 1.3e-06 ok (1.3s)
4 decode-1.7B-d8192        kurn-k4c_q8           261.1 us     257.0 GFLOP/s    54.3 GB/s  relerr 1.4e-06 ok (1.4s)
4 decode-1.7B-d16384       kurn-f16              852.9 us     157.4 GFLOP/s    78.7 GB/s  relerr 8.5e-07 ok (1.7s)
4 decode-1.7B-d16384       kurn-q8_0             509.3 us     263.5 GFLOP/s    70.0 GB/s  relerr 1.2e-06 ok (1.8s)
4 decode-1.7B-d16384       kurn-k4c_q4           485.3 us     276.6 GFLOP/s    41.1 GB/s  relerr 6.2e-07 ok (2.0s)
4 decode-1.7B-d16384       kurn-k4c_q8           488.6 us     274.7 GFLOP/s    58.0 GB/s  relerr 6.6e-07 ok (2.0s)
4 decode-1.7B-d32768       kurn-f16             1717.8 us     156.3 GFLOP/s    78.1 GB/s  relerr 1.2e-06 ok (2.8s)
4 decode-1.7B-d32768       kurn-q8_0            1002.9 us     267.6 GFLOP/s    71.1 GB/s  relerr 1.3e-06 ok (2.9s)
4 decode-1.7B-d32768       kurn-k4c_q4           873.6 us     307.3 GFLOP/s    45.6 GB/s  relerr 8.4e-07 ok (3.2s)
4 decode-1.7B-d32768       kurn-k4c_q8          1025.1 us     261.9 GFLOP/s    55.2 GB/s  relerr 8.1e-07 ok (3.3s)
4 decode-8B-d512           kurn-f16               24.0 us     348.9 GFLOP/s    88.6 GB/s  relerr 5.0e-07 ok (0.5s)
4 decode-8B-d512           kurn-q8_0              24.4 us     344.0 GFLOP/s    47.0 GB/s  relerr 7.6e-07 ok (0.5s)
4 decode-8B-d512           kurn-k4c_q4            26.7 us     314.3 GFLOP/s    24.6 GB/s  relerr 6.5e-07 ok (0.5s)
4 decode-8B-d512           kurn-k4c_q8            28.3 us     296.6 GFLOP/s    32.4 GB/s  relerr 7.5e-07 ok (0.5s)
4 decode-8B-d2048          kurn-f16              135.3 us     248.0 GFLOP/s    62.2 GB/s  relerr 4.5e-07 ok (0.8s)
4 decode-8B-d2048          kurn-q8_0              82.3 us     407.5 GFLOP/s    54.5 GB/s  relerr 4.6e-07 ok (0.7s)
4 decode-8B-d2048          kurn-k4c_q4            82.6 us     406.4 GFLOP/s    30.6 GB/s  relerr 7.6e-07 ok (0.6s)
4 decode-8B-d2048          kurn-k4c_q8            88.6 us     378.6 GFLOP/s    40.3 GB/s  relerr 8.3e-07 ok (0.7s)
4 decode-8B-d8192          kurn-f16              500.3 us     268.3 GFLOP/s    67.1 GB/s  relerr 7.3e-07 ok (1.4s)
4 decode-8B-d8192          kurn-q8_0             347.9 us     385.8 GFLOP/s    51.3 GB/s  relerr 9.2e-07 ok (1.4s)
4 decode-8B-d8192          kurn-k4c_q4           298.7 us     449.4 GFLOP/s    33.5 GB/s  relerr 1.2e-06 ok (1.4s)
4 decode-8B-d8192          kurn-k4c_q8           333.9 us     402.0 GFLOP/s    42.5 GB/s  relerr 1.2e-06 ok (1.5s)
4 decode-8B-d16384         kurn-f16              941.5 us     285.1 GFLOP/s    71.3 GB/s  relerr 8.8e-07 ok (1.9s)
4 decode-8B-d16384         kurn-q8_0             676.7 us     396.7 GFLOP/s    52.7 GB/s  relerr 1.1e-06 ok (2.0s)
4 decode-8B-d16384         kurn-k4c_q4           558.6 us     480.5 GFLOP/s    35.7 GB/s  relerr 1.5e-06 ok (2.1s)
4 decode-8B-d16384         kurn-k4c_q8           637.5 us     421.1 GFLOP/s    44.5 GB/s  relerr 1.5e-06 ok (2.2s)
4 decode-8B-d32768         kurn-f16             1985.9 us     270.3 GFLOP/s    67.6 GB/s  relerr 1.3e-06 ok (3.0s)
4 decode-8B-d32768         kurn-q8_0            1250.3 us     429.4 GFLOP/s    57.1 GB/s  relerr 8.3e-07 ok (3.2s)
4 decode-8B-d32768         kurn-k4c_q4          1125.5 us     477.0 GFLOP/s    35.4 GB/s  relerr 1.6e-06 ok (3.5s)
4 decode-8B-d32768         kurn-k4c_q8          1268.8 us     423.1 GFLOP/s    44.6 GB/s  relerr 1.5e-06 ok (3.6s)
# wrote results/kvfmt/kvfmt_final.csv
