# suite kvfmt_prefill: 3 cases, reps 3, threads 8, load 3.74
0 prefill-1.7B-d2048       kurn-amx-f16         2110.1 us    3563.0 GFLOP/s     8.0 GB/s  relerr 6.0e-03 ok (2.1s)
0 prefill-1.7B-d2048       kurn-amx-q8_0        2085.6 us    3604.9 GFLOP/s     6.2 GB/s  relerr 6.2e-03 ok (2.1s)
0 prefill-1.7B-d2048       kurn-amx-k4c_q4      2718.8 us    2765.3 GFLOP/s     4.0 GB/s  relerr 4.7e-03 ok (2.7s)
0 prefill-1.7B-d2048       kurn-amx-k4c_q8      2706.4 us    2778.0 GFLOP/s     4.4 GB/s  relerr 4.5e-03 ok (2.7s)
0 prefill-1.7B-d8192       kurn-amx-f16         8173.6 us    4072.6 GFLOP/s     5.1 GB/s  relerr 5.0e-03 ok (1.1s)
0 prefill-1.7B-d8192       kurn-amx-q8_0        8363.8 us    3980.0 GFLOP/s     3.1 GB/s  relerr 4.5e-03 ok (1.2s)
0 prefill-1.7B-d8192       kurn-amx-k4c_q4     10187.2 us    3267.7 GFLOP/s     1.8 GB/s  relerr 3.3e-03 ok (1.3s)
0 prefill-1.7B-d8192       kurn-amx-k4c_q8     10403.0 us    3199.9 GFLOP/s     2.2 GB/s  relerr 3.4e-03 ok (1.3s)
0 prefill-1.7B-d32768      kurn-amx-f16        31105.8 us    4384.0 GFLOP/s     4.6 GB/s  relerr 9.6e-03 ok (3.3s)
0 prefill-1.7B-d32768      kurn-amx-q8_0       34441.5 us    3959.4 GFLOP/s     2.3 GB/s  relerr 6.9e-03 ok (3.5s)
0 prefill-1.7B-d32768      kurn-amx-k4c_q4     40546.1 us    3363.3 GFLOP/s     1.2 GB/s  relerr 1.2e-02 FAIL (3.9s)
0 prefill-1.7B-d32768      kurn-amx-k4c_q8     41565.4 us    3280.8 GFLOP/s     1.6 GB/s  relerr 1.1e-02 FAIL (3.9s)
1 prefill-1.7B-d2048       kurn-amx-f16         2187.4 us    3437.1 GFLOP/s     7.7 GB/s  relerr 6.0e-03 ok (0.6s)
1 prefill-1.7B-d2048       kurn-amx-q8_0        2148.5 us    3499.3 GFLOP/s     6.0 GB/s  relerr 6.2e-03 ok (0.6s)
1 prefill-1.7B-d2048       kurn-amx-k4c_q4      2693.8 us    2790.9 GFLOP/s     4.0 GB/s  relerr 4.7e-03 ok (0.6s)
1 prefill-1.7B-d2048       kurn-amx-k4c_q8      2680.6 us    2804.7 GFLOP/s     4.5 GB/s  relerr 4.5e-03 ok (0.6s)
1 prefill-1.7B-d8192       kurn-amx-f16         8121.4 us    4098.8 GFLOP/s     5.2 GB/s  relerr 5.0e-03 ok (1.1s)
1 prefill-1.7B-d8192       kurn-amx-q8_0        8747.7 us    3805.3 GFLOP/s     3.0 GB/s  relerr 4.5e-03 ok (1.2s)
1 prefill-1.7B-d8192       kurn-amx-k4c_q4     10456.2 us    3183.6 GFLOP/s     1.8 GB/s  relerr 3.3e-03 ok (1.3s)
1 prefill-1.7B-d8192       kurn-amx-k4c_q8     10434.5 us    3190.2 GFLOP/s     2.2 GB/s  relerr 3.4e-03 ok (1.3s)
1 prefill-1.7B-d32768      kurn-amx-f16        32357.3 us    4214.4 GFLOP/s     4.4 GB/s  relerr 9.6e-03 ok (3.4s)
1 prefill-1.7B-d32768      kurn-amx-q8_0       33786.6 us    4036.1 GFLOP/s     2.4 GB/s  relerr 6.9e-03 ok (3.6s)
1 prefill-1.7B-d32768      kurn-amx-k4c_q4     40755.3 us    3346.0 GFLOP/s     1.2 GB/s  relerr 1.2e-02 FAIL (3.8s)
1 prefill-1.7B-d32768      kurn-amx-k4c_q8     41341.6 us    3298.6 GFLOP/s     1.6 GB/s  relerr 1.1e-02 FAIL (4.0s)
2 prefill-1.7B-d2048       kurn-amx-f16         2145.8 us    3503.8 GFLOP/s     7.8 GB/s  relerr 6.0e-03 ok (0.6s)
2 prefill-1.7B-d2048       kurn-amx-q8_0        2200.4 us    3416.8 GFLOP/s     5.8 GB/s  relerr 6.2e-03 ok (0.6s)
2 prefill-1.7B-d2048       kurn-amx-k4c_q4      2711.1 us    2773.1 GFLOP/s     4.0 GB/s  relerr 4.7e-03 ok (0.6s)
2 prefill-1.7B-d2048       kurn-amx-k4c_q8      2713.2 us    2771.0 GFLOP/s     4.4 GB/s  relerr 4.5e-03 ok (0.6s)
2 prefill-1.7B-d8192       kurn-amx-f16         8147.1 us    4085.9 GFLOP/s     5.2 GB/s  relerr 5.0e-03 ok (1.2s)
2 prefill-1.7B-d8192       kurn-amx-q8_0        8726.8 us    3814.5 GFLOP/s     3.0 GB/s  relerr 4.5e-03 ok (1.2s)
2 prefill-1.7B-d8192       kurn-amx-k4c_q4     10383.5 us    3205.9 GFLOP/s     1.8 GB/s  relerr 3.3e-03 ok (1.3s)
2 prefill-1.7B-d8192       kurn-amx-k4c_q8     10461.8 us    3181.9 GFLOP/s     2.1 GB/s  relerr 3.4e-03 ok (1.3s)
2 prefill-1.7B-d32768      kurn-amx-f16        31496.8 us    4329.6 GFLOP/s     4.5 GB/s  relerr 9.6e-03 ok (3.4s)
2 prefill-1.7B-d32768      kurn-amx-q8_0       34197.0 us    3987.7 GFLOP/s     2.3 GB/s  relerr 6.9e-03 ok (3.5s)
2 prefill-1.7B-d32768      kurn-amx-k4c_q4     40485.1 us    3368.3 GFLOP/s     1.2 GB/s  relerr 1.2e-02 FAIL (3.8s)
2 prefill-1.7B-d32768      kurn-amx-k4c_q8     40826.2 us    3340.2 GFLOP/s     1.6 GB/s  relerr 1.1e-02 FAIL (3.9s)
# wrote results/kvfmt/kvfmt_prefill_final.csv
