# suite kvfmt: 10 cases, reps 5, threads 8, load 0.96
0 decode-1.7B-d512         kurn-f16               19.8 us     212.4 GFLOP/s   107.0 GB/s  relerr 7.0e-07 ok (2.1s)
0 decode-1.7B-d512         kurn-q8_0              18.9 us     221.4 GFLOP/s    59.7 GB/s  relerr 8.1e-07 ok (0.5s)
0 decode-1.7B-d512         kurn-k4c_q4            32.0 us     130.9 GFLOP/s    19.9 GB/s  relerr 5.1e-07 ok (0.5s)
0 decode-1.7B-d512         kurn-k4c_q8            33.2 us     126.4 GFLOP/s    27.1 GB/s  relerr 5.5e-07 ok (0.5s)
0 decode-1.7B-d2048        kurn-f16               74.9 us     224.0 GFLOP/s   112.2 GB/s  relerr 3.5e-07 ok (0.8s)
0 decode-1.7B-d2048        kurn-q8_0              54.9 us     305.8 GFLOP/s    81.5 GB/s  relerr 3.9e-07 ok (0.7s)
0 decode-1.7B-d2048        kurn-k4c_q4            77.6 us     216.2 GFLOP/s    32.3 GB/s  relerr 8.1e-07 ok (0.6s)
0 decode-1.7B-d2048        kurn-k4c_q8            74.8 us     224.2 GFLOP/s    47.5 GB/s  relerr 6.7e-07 ok (0.7s)
0 decode-1.7B-d8192        kurn-f16              310.7 us     216.0 GFLOP/s   108.0 GB/s  relerr 7.5e-07 ok (1.3s)
0 decode-1.7B-d8192        kurn-q8_0             207.6 us     323.2 GFLOP/s    85.9 GB/s  relerr 1.1e-06 ok (1.3s)
0 decode-1.7B-d8192        kurn-k4c_q4           256.9 us     261.3 GFLOP/s    38.9 GB/s  relerr 7.6e-07 ok (1.3s)
0 decode-1.7B-d8192        kurn-k4c_q8           255.2 us     263.0 GFLOP/s    55.5 GB/s  relerr 1.1e-06 ok (1.4s)
0 decode-1.7B-d16384       kurn-f16              559.9 us     239.7 GFLOP/s   119.9 GB/s  relerr 8.5e-07 ok (1.7s)
0 decode-1.7B-d16384       kurn-q8_0             436.4 us     307.6 GFLOP/s    81.7 GB/s  relerr 1.2e-06 ok (1.8s)
0 decode-1.7B-d16384       kurn-k4c_q4           478.5 us     280.5 GFLOP/s    41.7 GB/s  relerr 8.1e-07 ok (2.0s)
0 decode-1.7B-d16384       kurn-k4c_q8           531.0 us     252.8 GFLOP/s    53.4 GB/s  relerr 7.5e-07 ok (2.0s)
0 decode-1.7B-d32768       kurn-f16             1232.2 us     217.8 GFLOP/s   108.9 GB/s  relerr 1.2e-06 ok (2.9s)
0 decode-1.7B-d32768       kurn-q8_0             777.3 us     345.4 GFLOP/s    91.8 GB/s  relerr 1.3e-06 ok (2.9s)
0 decode-1.7B-d32768       kurn-k4c_q4          1171.0 us     229.2 GFLOP/s    34.0 GB/s  relerr 7.0e-07 ok (3.4s)
0 decode-1.7B-d32768       kurn-k4c_q8           988.6 us     271.5 GFLOP/s    57.3 GB/s  relerr 8.0e-07 ok (3.3s)
0 decode-8B-d512           kurn-f16               23.9 us     350.8 GFLOP/s    89.1 GB/s  relerr 5.0e-07 ok (0.5s)
0 decode-8B-d512           kurn-q8_0              23.2 us     361.4 GFLOP/s    49.4 GB/s  relerr 7.6e-07 ok (0.5s)
0 decode-8B-d512           kurn-k4c_q4            38.1 us     220.4 GFLOP/s    17.2 GB/s  relerr 7.7e-07 ok (0.5s)
0 decode-8B-d512           kurn-k4c_q8            38.0 us     220.8 GFLOP/s    24.1 GB/s  relerr 5.2e-07 ok (0.5s)
0 decode-8B-d2048          kurn-f16              108.5 us     309.2 GFLOP/s    77.6 GB/s  relerr 4.5e-07 ok (0.8s)
0 decode-8B-d2048          kurn-q8_0              77.6 us     432.6 GFLOP/s    57.9 GB/s  relerr 4.6e-07 ok (0.7s)
0 decode-8B-d2048          kurn-k4c_q4            92.6 us     362.6 GFLOP/s    27.3 GB/s  relerr 4.9e-07 ok (0.6s)
0 decode-8B-d2048          kurn-k4c_q8           104.8 us     320.2 GFLOP/s    34.1 GB/s  relerr 7.9e-07 ok (0.7s)
0 decode-8B-d8192          kurn-f16              397.0 us     338.0 GFLOP/s    84.6 GB/s  relerr 7.3e-07 ok (1.4s)
0 decode-8B-d8192          kurn-q8_0             294.8 us     455.3 GFLOP/s    60.6 GB/s  relerr 9.2e-07 ok (1.4s)
0 decode-8B-d8192          kurn-k4c_q4           356.3 us     376.7 GFLOP/s    28.1 GB/s  relerr 8.5e-07 ok (1.4s)
0 decode-8B-d8192          kurn-k4c_q8           443.9 us     302.4 GFLOP/s    32.0 GB/s  relerr 9.9e-07 ok (1.5s)
0 decode-8B-d16384         kurn-f16              831.9 us     322.7 GFLOP/s    80.7 GB/s  relerr 8.8e-07 ok (2.0s)
0 decode-8B-d16384         kurn-q8_0             809.4 us     331.6 GFLOP/s    44.1 GB/s  relerr 1.1e-06 ok (2.1s)
0 decode-8B-d16384         kurn-k4c_q4           668.6 us     401.5 GFLOP/s    29.9 GB/s  relerr 1.2e-06 ok (2.1s)
0 decode-8B-d16384         kurn-k4c_q8           680.5 us     394.5 GFLOP/s    41.6 GB/s  relerr 1.3e-06 ok (2.3s)
0 decode-8B-d32768         kurn-f16             1305.3 us     411.3 GFLOP/s   102.8 GB/s  relerr 1.3e-06 ok (3.1s)
0 decode-8B-d32768         kurn-q8_0            1030.4 us     521.0 GFLOP/s    69.2 GB/s  relerr 8.3e-07 ok (3.3s)
0 decode-8B-d32768         kurn-k4c_q4          1251.3 us     429.1 GFLOP/s    31.9 GB/s  relerr 1.6e-06 ok (3.5s)
0 decode-8B-d32768         kurn-k4c_q8          1757.2 us     305.5 GFLOP/s    32.2 GB/s  relerr 1.4e-06 ok (3.7s)
1 decode-1.7B-d512         kurn-f16               30.9 us     135.8 GFLOP/s    68.4 GB/s  relerr 7.0e-07 ok (0.5s)
1 decode-1.7B-d512         kurn-q8_0              33.4 us     125.5 GFLOP/s    33.8 GB/s  relerr 8.1e-07 ok (0.5s)
1 decode-1.7B-d512         kurn-k4c_q4            44.5 us      94.2 GFLOP/s    14.3 GB/s  relerr 5.1e-07 ok (0.5s)
1 decode-1.7B-d512         kurn-k4c_q8            45.1 us      93.0 GFLOP/s    20.0 GB/s  relerr 5.5e-07 ok (0.5s)
1 decode-1.7B-d2048        kurn-f16              186.6 us      89.9 GFLOP/s    45.0 GB/s  relerr 3.5e-07 ok (0.8s)
1 decode-1.7B-d2048        kurn-q8_0              87.0 us     192.9 GFLOP/s    51.4 GB/s  relerr 3.9e-07 ok (0.7s)
1 decode-1.7B-d2048        kurn-k4c_q4           103.0 us     162.9 GFLOP/s    24.3 GB/s  relerr 8.1e-07 ok (0.6s)
1 decode-1.7B-d2048        kurn-k4c_q8           112.2 us     149.6 GFLOP/s    31.7 GB/s  relerr 6.7e-07 ok (0.7s)
1 decode-1.7B-d8192        kurn-f16              437.3 us     153.5 GFLOP/s    76.8 GB/s  relerr 7.5e-07 ok (1.2s)
1 decode-1.7B-d8192        kurn-q8_0             297.4 us     225.6 GFLOP/s    60.0 GB/s  relerr 1.1e-06 ok (1.3s)
1 decode-1.7B-d8192        kurn-k4c_q4           266.9 us     251.4 GFLOP/s    37.4 GB/s  relerr 7.6e-07 ok (1.4s)
1 decode-1.7B-d8192        kurn-k4c_q8           377.7 us     177.7 GFLOP/s    37.5 GB/s  relerr 1.1e-06 ok (1.4s)
1 decode-1.7B-d16384       kurn-f16              858.0 us     156.4 GFLOP/s    78.2 GB/s  relerr 8.5e-07 ok (1.7s)
1 decode-1.7B-d16384       kurn-q8_0             552.6 us     242.9 GFLOP/s    64.5 GB/s  relerr 1.2e-06 ok (1.8s)
1 decode-1.7B-d16384       kurn-k4c_q4           528.3 us     254.0 GFLOP/s    37.7 GB/s  relerr 8.1e-07 ok (2.0s)
1 decode-1.7B-d16384       kurn-k4c_q8           591.1 us     227.1 GFLOP/s    47.9 GB/s  relerr 7.5e-07 ok (2.0s)
1 decode-1.7B-d32768       kurn-f16             1376.4 us     195.0 GFLOP/s    97.5 GB/s  relerr 1.2e-06 ok (2.9s)
1 decode-1.7B-d32768       kurn-q8_0             848.8 us     316.2 GFLOP/s    84.0 GB/s  relerr 1.3e-06 ok (2.9s)
1 decode-1.7B-d32768       kurn-k4c_q4           925.1 us     290.1 GFLOP/s    43.1 GB/s  relerr 7.0e-07 ok (3.1s)
1 decode-1.7B-d32768       kurn-k4c_q8           928.9 us     289.0 GFLOP/s    61.0 GB/s  relerr 8.0e-07 ok (3.2s)
1 decode-8B-d512           kurn-f16               24.3 us     345.5 GFLOP/s    87.7 GB/s  relerr 5.0e-07 ok (0.5s)
1 decode-8B-d512           kurn-q8_0              22.9 us     366.5 GFLOP/s    50.1 GB/s  relerr 7.6e-07 ok (0.5s)
1 decode-8B-d512           kurn-k4c_q4            36.7 us     228.6 GFLOP/s    17.9 GB/s  relerr 7.7e-07 ok (0.5s)
1 decode-8B-d512           kurn-k4c_q8            49.1 us     170.9 GFLOP/s    18.7 GB/s  relerr 5.2e-07 ok (0.5s)
1 decode-8B-d2048          kurn-f16              174.7 us     192.1 GFLOP/s    48.2 GB/s  relerr 4.5e-07 ok (0.8s)
1 decode-8B-d2048          kurn-q8_0             119.4 us     280.9 GFLOP/s    37.6 GB/s  relerr 4.6e-07 ok (0.7s)
1 decode-8B-d2048          kurn-k4c_q4           141.3 us     237.4 GFLOP/s    17.9 GB/s  relerr 4.9e-07 ok (0.6s)
1 decode-8B-d2048          kurn-k4c_q8           116.3 us     288.6 GFLOP/s    30.7 GB/s  relerr 7.9e-07 ok (0.7s)
1 decode-8B-d8192          kurn-f16              341.9 us     392.5 GFLOP/s    98.2 GB/s  relerr 7.3e-07 ok (1.4s)
1 decode-8B-d8192          kurn-q8_0             303.8 us     441.8 GFLOP/s    58.8 GB/s  relerr 9.2e-07 ok (1.4s)
1 decode-8B-d8192          kurn-k4c_q4           330.5 us     406.1 GFLOP/s    30.2 GB/s  relerr 8.5e-07 ok (1.4s)
1 decode-8B-d8192          kurn-k4c_q8           334.1 us     401.7 GFLOP/s    42.5 GB/s  relerr 9.9e-07 ok (1.5s)
1 decode-8B-d16384         kurn-f16              667.1 us     402.4 GFLOP/s   100.7 GB/s  relerr 8.8e-07 ok (1.8s)
1 decode-8B-d16384         kurn-q8_0             531.2 us     505.4 GFLOP/s    67.2 GB/s  relerr 1.1e-06 ok (2.1s)
1 decode-8B-d16384         kurn-k4c_q4           599.4 us     447.9 GFLOP/s    33.3 GB/s  relerr 1.2e-06 ok (2.1s)
1 decode-8B-d16384         kurn-k4c_q8           752.1 us     356.9 GFLOP/s    37.7 GB/s  relerr 1.3e-06 ok (2.2s)
1 decode-8B-d32768         kurn-f16             1379.6 us     389.1 GFLOP/s    97.3 GB/s  relerr 1.3e-06 ok (3.3s)
1 decode-8B-d32768         kurn-q8_0            1063.7 us     504.7 GFLOP/s    67.1 GB/s  relerr 8.3e-07 ok (3.3s)
1 decode-8B-d32768         kurn-k4c_q4          1256.9 us     427.1 GFLOP/s    31.7 GB/s  relerr 1.6e-06 ok (3.6s)
1 decode-8B-d32768         kurn-k4c_q8          1461.3 us     367.4 GFLOP/s    38.8 GB/s  relerr 1.4e-06 ok (3.7s)
2 decode-1.7B-d512         kurn-f16               29.3 us     143.0 GFLOP/s    72.0 GB/s  relerr 7.0e-07 ok (0.5s)
2 decode-1.7B-d512         kurn-q8_0              25.0 us     167.9 GFLOP/s    45.3 GB/s  relerr 8.1e-07 ok (0.5s)
2 decode-1.7B-d512         kurn-k4c_q4            40.5 us     103.7 GFLOP/s    15.8 GB/s  relerr 5.1e-07 ok (0.5s)
2 decode-1.7B-d512         kurn-k4c_q8            39.5 us     106.2 GFLOP/s    22.8 GB/s  relerr 5.5e-07 ok (0.5s)
2 decode-1.7B-d2048        kurn-f16               76.5 us     219.2 GFLOP/s   109.8 GB/s  relerr 3.5e-07 ok (0.8s)
2 decode-1.7B-d2048        kurn-q8_0              55.3 us     303.6 GFLOP/s    80.9 GB/s  relerr 3.9e-07 ok (0.7s)
2 decode-1.7B-d2048        kurn-k4c_q4            70.1 us     239.3 GFLOP/s    35.8 GB/s  relerr 8.1e-07 ok (0.6s)
2 decode-1.7B-d2048        kurn-k4c_q8            81.3 us     206.4 GFLOP/s    43.7 GB/s  relerr 6.7e-07 ok (0.7s)
2 decode-1.7B-d8192        kurn-f16              298.0 us     225.2 GFLOP/s   112.6 GB/s  relerr 7.5e-07 ok (1.2s)
2 decode-1.7B-d8192        kurn-q8_0             206.0 us     325.7 GFLOP/s    86.6 GB/s  relerr 1.1e-06 ok (1.3s)
2 decode-1.7B-d8192        kurn-k4c_q4           242.8 us     276.4 GFLOP/s    41.1 GB/s  relerr 7.6e-07 ok (1.3s)
2 decode-1.7B-d8192        kurn-k4c_q8           257.7 us     260.4 GFLOP/s    55.0 GB/s  relerr 1.1e-06 ok (1.3s)
2 decode-1.7B-d16384       kurn-f16              550.4 us     243.9 GFLOP/s   122.0 GB/s  relerr 8.5e-07 ok (1.7s)
2 decode-1.7B-d16384       kurn-q8_0             375.8 us     357.1 GFLOP/s    94.9 GB/s  relerr 1.2e-06 ok (1.8s)
2 decode-1.7B-d16384       kurn-k4c_q4           458.7 us     292.6 GFLOP/s    43.5 GB/s  relerr 8.1e-07 ok (1.9s)
2 decode-1.7B-d16384       kurn-k4c_q8           469.7 us     285.8 GFLOP/s    60.3 GB/s  relerr 7.5e-07 ok (2.0s)
2 decode-1.7B-d32768       kurn-f16             1122.9 us     239.1 GFLOP/s   119.5 GB/s  relerr 1.2e-06 ok (2.8s)
2 decode-1.7B-d32768       kurn-q8_0             730.8 us     367.3 GFLOP/s    97.6 GB/s  relerr 1.3e-06 ok (2.9s)
2 decode-1.7B-d32768       kurn-k4c_q4           916.8 us     292.8 GFLOP/s    43.5 GB/s  relerr 7.0e-07 ok (3.2s)
2 decode-1.7B-d32768       kurn-k4c_q8           909.3 us     295.2 GFLOP/s    62.3 GB/s  relerr 8.0e-07 ok (3.3s)
2 decode-8B-d512           kurn-f16               22.8 us     367.1 GFLOP/s    93.2 GB/s  relerr 5.0e-07 ok (0.5s)
2 decode-8B-d512           kurn-q8_0              23.7 us     353.6 GFLOP/s    48.4 GB/s  relerr 7.6e-07 ok (0.5s)
2 decode-8B-d512           kurn-k4c_q4            38.5 us     218.1 GFLOP/s    17.0 GB/s  relerr 7.7e-07 ok (0.5s)
2 decode-8B-d512           kurn-k4c_q8            37.3 us     224.7 GFLOP/s    24.6 GB/s  relerr 5.2e-07 ok (0.5s)
2 decode-8B-d2048          kurn-f16               98.8 us     339.7 GFLOP/s    85.2 GB/s  relerr 4.5e-07 ok (0.8s)
2 decode-8B-d2048          kurn-q8_0              75.8 us     442.9 GFLOP/s    59.3 GB/s  relerr 4.6e-07 ok (0.7s)
2 decode-8B-d2048          kurn-k4c_q4            98.9 us     339.1 GFLOP/s    25.5 GB/s  relerr 4.9e-07 ok (0.6s)
2 decode-8B-d2048          kurn-k4c_q8            92.7 us     362.1 GFLOP/s    38.5 GB/s  relerr 7.9e-07 ok (0.7s)
2 decode-8B-d8192          kurn-f16              369.1 us     363.7 GFLOP/s    91.0 GB/s  relerr 7.3e-07 ok (1.3s)
2 decode-8B-d8192          kurn-q8_0             286.6 us     468.3 GFLOP/s    62.3 GB/s  relerr 9.2e-07 ok (1.3s)
2 decode-8B-d8192          kurn-k4c_q4           303.5 us     442.2 GFLOP/s    32.9 GB/s  relerr 8.5e-07 ok (1.5s)
2 decode-8B-d8192          kurn-k4c_q8           339.2 us     395.7 GFLOP/s    41.8 GB/s  relerr 9.9e-07 ok (1.5s)
2 decode-8B-d16384         kurn-f16              679.4 us     395.1 GFLOP/s    98.8 GB/s  relerr 8.8e-07 ok (2.0s)
2 decode-8B-d16384         kurn-q8_0             559.5 us     479.7 GFLOP/s    63.8 GB/s  relerr 1.1e-06 ok (2.0s)
2 decode-8B-d16384         kurn-k4c_q4           603.6 us     444.8 GFLOP/s    33.1 GB/s  relerr 1.2e-06 ok (2.1s)
2 decode-8B-d16384         kurn-k4c_q8           656.7 us     408.7 GFLOP/s    43.2 GB/s  relerr 1.3e-06 ok (2.2s)
2 decode-8B-d32768         kurn-f16             1293.1 us     415.2 GFLOP/s   103.8 GB/s  relerr 1.3e-06 ok (3.1s)
2 decode-8B-d32768         kurn-q8_0            1077.1 us     498.4 GFLOP/s    66.2 GB/s  relerr 8.3e-07 ok (3.3s)
2 decode-8B-d32768         kurn-k4c_q4          1157.3 us     463.9 GFLOP/s    34.5 GB/s  relerr 1.6e-06 ok (3.4s)
2 decode-8B-d32768         kurn-k4c_q8          1308.5 us     410.3 GFLOP/s    43.3 GB/s  relerr 1.4e-06 ok (3.6s)
3 decode-1.7B-d512         kurn-f16               17.8 us     235.3 GFLOP/s   118.6 GB/s  relerr 7.0e-07 ok (0.5s)
3 decode-1.7B-d512         kurn-q8_0              19.0 us     220.9 GFLOP/s    59.5 GB/s  relerr 8.1e-07 ok (0.5s)
3 decode-1.7B-d512         kurn-k4c_q4            32.8 us     127.9 GFLOP/s    19.5 GB/s  relerr 5.1e-07 ok (0.5s)
3 decode-1.7B-d512         kurn-k4c_q8            33.3 us     125.8 GFLOP/s    27.0 GB/s  relerr 5.5e-07 ok (0.5s)
3 decode-1.7B-d2048        kurn-f16               80.5 us     208.5 GFLOP/s   104.5 GB/s  relerr 3.5e-07 ok (0.8s)
3 decode-1.7B-d2048        kurn-q8_0              53.1 us     315.7 GFLOP/s    84.2 GB/s  relerr 3.9e-07 ok (0.7s)
3 decode-1.7B-d2048        kurn-k4c_q4            69.8 us     240.4 GFLOP/s    35.9 GB/s  relerr 8.1e-07 ok (0.6s)
3 decode-1.7B-d2048        kurn-k4c_q8            71.3 us     235.2 GFLOP/s    49.9 GB/s  relerr 6.7e-07 ok (0.7s)
3 decode-1.7B-d8192        kurn-f16              333.5 us     201.2 GFLOP/s   100.7 GB/s  relerr 7.5e-07 ok (1.2s)
3 decode-1.7B-d8192        kurn-q8_0             233.0 us     288.0 GFLOP/s    76.6 GB/s  relerr 1.1e-06 ok (1.3s)
3 decode-1.7B-d8192        kurn-k4c_q4           250.5 us     267.9 GFLOP/s    39.8 GB/s  relerr 7.6e-07 ok (1.3s)
3 decode-1.7B-d8192        kurn-k4c_q8           247.5 us     271.2 GFLOP/s    57.3 GB/s  relerr 1.1e-06 ok (1.4s)
3 decode-1.7B-d16384       kurn-f16              580.7 us     231.1 GFLOP/s   115.6 GB/s  relerr 8.5e-07 ok (1.7s)
3 decode-1.7B-d16384       kurn-q8_0             388.2 us     345.7 GFLOP/s    91.9 GB/s  relerr 1.2e-06 ok (1.8s)
3 decode-1.7B-d16384       kurn-k4c_q4           522.6 us     256.8 GFLOP/s    38.1 GB/s  relerr 8.1e-07 ok (2.1s)
3 decode-1.7B-d16384       kurn-k4c_q8           476.4 us     281.7 GFLOP/s    59.5 GB/s  relerr 7.5e-07 ok (2.0s)
3 decode-1.7B-d32768       kurn-f16             1185.3 us     226.5 GFLOP/s   113.2 GB/s  relerr 1.2e-06 ok (2.8s)
3 decode-1.7B-d32768       kurn-q8_0             732.9 us     366.3 GFLOP/s    97.3 GB/s  relerr 1.3e-06 ok (3.0s)
3 decode-1.7B-d32768       kurn-k4c_q4           918.0 us     292.4 GFLOP/s    43.4 GB/s  relerr 7.0e-07 ok (3.2s)
3 decode-1.7B-d32768       kurn-k4c_q8           921.9 us     291.2 GFLOP/s    61.4 GB/s  relerr 8.0e-07 ok (3.3s)
3 decode-8B-d512           kurn-f16               22.2 us     378.7 GFLOP/s    96.2 GB/s  relerr 5.0e-07 ok (0.5s)
3 decode-8B-d512           kurn-q8_0              22.1 us     380.1 GFLOP/s    52.0 GB/s  relerr 7.6e-07 ok (0.5s)
3 decode-8B-d512           kurn-k4c_q4            36.9 us     227.1 GFLOP/s    17.8 GB/s  relerr 7.7e-07 ok (0.5s)
3 decode-8B-d512           kurn-k4c_q8            37.0 us     226.4 GFLOP/s    24.8 GB/s  relerr 5.2e-07 ok (0.5s)
3 decode-8B-d2048          kurn-f16               99.9 us     336.0 GFLOP/s    84.3 GB/s  relerr 4.5e-07 ok (0.8s)
3 decode-8B-d2048          kurn-q8_0              73.8 us     454.9 GFLOP/s    60.9 GB/s  relerr 4.6e-07 ok (0.7s)
3 decode-8B-d2048          kurn-k4c_q4            92.8 us     361.6 GFLOP/s    27.2 GB/s  relerr 4.9e-07 ok (0.6s)
3 decode-8B-d2048          kurn-k4c_q8            92.7 us     362.1 GFLOP/s    38.5 GB/s  relerr 7.9e-07 ok (0.7s)
3 decode-8B-d8192          kurn-f16              347.2 us     386.6 GFLOP/s    96.8 GB/s  relerr 7.3e-07 ok (1.3s)
3 decode-8B-d8192          kurn-q8_0             282.8 us     474.6 GFLOP/s    63.1 GB/s  relerr 9.2e-07 ok (1.3s)
3 decode-8B-d8192          kurn-k4c_q4           319.7 us     419.9 GFLOP/s    31.3 GB/s  relerr 8.5e-07 ok (1.4s)
3 decode-8B-d8192          kurn-k4c_q8           338.8 us     396.1 GFLOP/s    41.9 GB/s  relerr 9.9e-07 ok (1.4s)
3 decode-8B-d16384         kurn-f16              696.9 us     385.2 GFLOP/s    96.3 GB/s  relerr 8.8e-07 ok (2.0s)
3 decode-8B-d16384         kurn-q8_0             554.6 us     484.0 GFLOP/s    64.3 GB/s  relerr 1.1e-06 ok (2.0s)
3 decode-8B-d16384         kurn-k4c_q4           582.1 us     461.1 GFLOP/s    34.3 GB/s  relerr 1.2e-06 ok (2.2s)
3 decode-8B-d16384         kurn-k4c_q8           631.8 us     424.8 GFLOP/s    44.9 GB/s  relerr 1.3e-06 ok (2.1s)
3 decode-8B-d32768         kurn-f16             1293.5 us     415.1 GFLOP/s   103.8 GB/s  relerr 1.3e-06 ok (3.1s)
3 decode-8B-d32768         kurn-q8_0            1031.5 us     520.5 GFLOP/s    69.2 GB/s  relerr 8.3e-07 ok (3.3s)
3 decode-8B-d32768         kurn-k4c_q4          1120.0 us     479.3 GFLOP/s    35.6 GB/s  relerr 1.6e-06 ok (3.5s)
3 decode-8B-d32768         kurn-k4c_q8          1243.5 us     431.8 GFLOP/s    45.6 GB/s  relerr 1.4e-06 ok (3.5s)
4 decode-1.7B-d512         kurn-f16               18.7 us     224.1 GFLOP/s   112.9 GB/s  relerr 7.0e-07 ok (0.5s)
4 decode-1.7B-d512         kurn-q8_0              19.1 us     219.7 GFLOP/s    59.2 GB/s  relerr 8.1e-07 ok (0.5s)
4 decode-1.7B-d512         kurn-k4c_q4            34.7 us     120.8 GFLOP/s    18.4 GB/s  relerr 5.1e-07 ok (0.5s)
4 decode-1.7B-d512         kurn-k4c_q8            33.1 us     126.7 GFLOP/s    27.2 GB/s  relerr 5.5e-07 ok (0.5s)
4 decode-1.7B-d2048        kurn-f16               73.5 us     228.2 GFLOP/s   114.3 GB/s  relerr 3.5e-07 ok (0.8s)
4 decode-1.7B-d2048        kurn-q8_0              53.8 us     311.7 GFLOP/s    83.1 GB/s  relerr 3.9e-07 ok (0.7s)
4 decode-1.7B-d2048        kurn-k4c_q4            71.1 us     236.0 GFLOP/s    35.3 GB/s  relerr 8.1e-07 ok (0.6s)
4 decode-1.7B-d2048        kurn-k4c_q8            69.4 us     241.8 GFLOP/s    51.2 GB/s  relerr 6.7e-07 ok (0.7s)
4 decode-1.7B-d8192        kurn-f16              286.6 us     234.2 GFLOP/s   117.2 GB/s  relerr 7.5e-07 ok (1.3s)
4 decode-1.7B-d8192        kurn-q8_0             200.6 us     334.6 GFLOP/s    89.0 GB/s  relerr 1.1e-06 ok (1.3s)
4 decode-1.7B-d8192        kurn-k4c_q4           238.8 us     281.0 GFLOP/s    41.8 GB/s  relerr 7.6e-07 ok (1.3s)
4 decode-1.7B-d8192        kurn-k4c_q8           256.8 us     261.4 GFLOP/s    55.2 GB/s  relerr 1.1e-06 ok (1.4s)
4 decode-1.7B-d16384       kurn-f16              549.9 us     244.1 GFLOP/s   122.1 GB/s  relerr 8.5e-07 ok (1.8s)
4 decode-1.7B-d16384       kurn-q8_0             384.1 us     349.4 GFLOP/s    92.8 GB/s  relerr 1.2e-06 ok (1.8s)
4 decode-1.7B-d16384       kurn-k4c_q4           478.5 us     280.5 GFLOP/s    41.7 GB/s  relerr 8.1e-07 ok (2.0s)
4 decode-1.7B-d16384       kurn-k4c_q8           478.2 us     280.7 GFLOP/s    59.2 GB/s  relerr 7.5e-07 ok (2.0s)
4 decode-1.7B-d32768       kurn-f16             1103.2 us     243.3 GFLOP/s   121.7 GB/s  relerr 1.2e-06 ok (2.8s)
4 decode-1.7B-d32768       kurn-q8_0             738.0 us     363.8 GFLOP/s    96.6 GB/s  relerr 1.3e-06 ok (2.9s)
4 decode-1.7B-d32768       kurn-k4c_q4           917.7 us     292.5 GFLOP/s    43.4 GB/s  relerr 7.0e-07 ok (3.1s)
4 decode-1.7B-d32768       kurn-k4c_q8           935.8 us     286.8 GFLOP/s    60.5 GB/s  relerr 8.0e-07 ok (3.2s)
4 decode-8B-d512           kurn-f16               20.8 us     403.8 GFLOP/s   102.5 GB/s  relerr 5.0e-07 ok (0.5s)
4 decode-8B-d512           kurn-q8_0              22.3 us     375.7 GFLOP/s    51.4 GB/s  relerr 7.6e-07 ok (0.5s)
4 decode-8B-d512           kurn-k4c_q4            35.3 us     237.4 GFLOP/s    18.6 GB/s  relerr 7.7e-07 ok (0.5s)
4 decode-8B-d512           kurn-k4c_q8            36.9 us     227.4 GFLOP/s    24.9 GB/s  relerr 5.2e-07 ok (0.5s)
4 decode-8B-d2048          kurn-f16               96.9 us     346.4 GFLOP/s    86.9 GB/s  relerr 4.5e-07 ok (0.8s)
4 decode-8B-d2048          kurn-q8_0              74.2 us     451.9 GFLOP/s    60.5 GB/s  relerr 4.6e-07 ok (0.7s)
4 decode-8B-d2048          kurn-k4c_q4            97.8 us     343.1 GFLOP/s    25.8 GB/s  relerr 4.9e-07 ok (0.6s)
4 decode-8B-d2048          kurn-k4c_q8            93.0 us     360.8 GFLOP/s    38.4 GB/s  relerr 7.9e-07 ok (0.7s)
4 decode-8B-d8192          kurn-f16              347.8 us     385.9 GFLOP/s    96.6 GB/s  relerr 7.3e-07 ok (1.3s)
4 decode-8B-d8192          kurn-q8_0             277.2 us     484.1 GFLOP/s    64.4 GB/s  relerr 9.2e-07 ok (1.3s)
4 decode-8B-d8192          kurn-k4c_q4           301.9 us     444.6 GFLOP/s    33.1 GB/s  relerr 8.5e-07 ok (1.5s)
4 decode-8B-d8192          kurn-k4c_q8           327.0 us     410.5 GFLOP/s    43.4 GB/s  relerr 9.9e-07 ok (1.4s)
4 decode-8B-d16384         kurn-f16              698.2 us     384.4 GFLOP/s    96.2 GB/s  relerr 8.8e-07 ok (1.9s)
4 decode-8B-d16384         kurn-q8_0             556.8 us     482.1 GFLOP/s    64.1 GB/s  relerr 1.1e-06 ok (1.9s)
4 decode-8B-d16384         kurn-k4c_q4           624.3 us     429.9 GFLOP/s    32.0 GB/s  relerr 1.2e-06 ok (2.2s)
4 decode-8B-d16384         kurn-k4c_q8           657.4 us     408.3 GFLOP/s    43.1 GB/s  relerr 1.3e-06 ok (2.2s)
4 decode-8B-d32768         kurn-f16             1375.3 us     390.4 GFLOP/s    97.6 GB/s  relerr 1.3e-06 ok (3.1s)
4 decode-8B-d32768         kurn-q8_0            1057.7 us     507.6 GFLOP/s    67.4 GB/s  relerr 8.3e-07 ok (3.3s)
4 decode-8B-d32768         kurn-k4c_q4          1198.8 us     447.8 GFLOP/s    33.3 GB/s  relerr 1.6e-06 ok (3.5s)
4 decode-8B-d32768         kurn-k4c_q8          1255.4 us     427.6 GFLOP/s    45.1 GB/s  relerr 1.4e-06 ok (3.6s)
# wrote results/kvfmt/kvfmt.csv
