q2_0 cold 8 kurn i16:mask/float 165.54 us drift 0.0000
q2_0 cold 8 kurn lut:serial5 204.68 us drift 0.0000
q2_0 cold 8 kurn lut:serial4 150.74 us drift 0.0000
q2_0 cold 8 kurn lut:serial6m 211.72 us drift 0.0000
q2_0 cold 8 kurn addsub:sad 247.54 us drift 0.0000
q2_0 cold 8 ggml vec_dot 1372.68 us drift 0.0000
q2_0 cold 8 kurn i16:mask/float 194.61 us drift 0.0000
q2_0 cold 8 kurn lut:serial5 194.21 us drift 0.0000
q2_0 cold 8 kurn lut:serial4 197.27 us drift 0.0000
q2_0 cold 8 kurn lut:serial6m 284.11 us drift 0.0000
q2_0 cold 8 kurn addsub:sad 218.10 us drift 0.0000
q2_0 cold 8 ggml vec_dot 1466.86 us drift 0.0000
q2_0 cold 8 kurn i16:mask/float 157.10 us drift 0.0016
q2_0 cold 8 kurn lut:serial5 194.15 us drift 0.0000
q2_0 cold 8 kurn lut:serial4 154.96 us drift 0.0030
q2_0 cold 8 kurn lut:serial6m 302.19 us drift 0.0000
q2_0 cold 8 kurn addsub:sad 330.97 us drift 0.0000
q2_0 cold 8 ggml vec_dot 1506.07 us drift 0.0000
wrote /path/to/kurn/benchmarks/v0.2/lowbit/results/final_cold8_q2_0.csv
tq2_0 cold 8 kurn i16:mask/int 176.09 us drift 0.0000
tq2_0 cold 8 kurn lut:serial5 195.58 us drift 0.0000
tq2_0 cold 8 kurn lut:serial6m 188.51 us drift 0.0000
tq2_0 cold 8 kurn lut:serial4 106.33 us drift 0.0000
tq2_0 cold 8 kurn addsub:sad 156.89 us drift 0.0000
tq2_0 cold 8 ggml vec_dot 165.02 us drift 0.0000
tq2_0 cold 8 kurn i16:mask/int 84.65 us drift 0.0000
tq2_0 cold 8 kurn lut:serial5 189.57 us drift 0.0000
tq2_0 cold 8 kurn lut:serial6m 286.19 us drift 0.0042
tq2_0 cold 8 kurn lut:serial4 194.11 us drift 0.0000
tq2_0 cold 8 kurn addsub:sad 174.64 us drift 0.0000
tq2_0 cold 8 ggml vec_dot 236.25 us drift 0.0000
tq2_0 cold 8 kurn i16:mask/int 119.77 us drift 0.0000
tq2_0 cold 8 kurn lut:serial5 197.17 us drift 0.0000
tq2_0 cold 8 kurn lut:serial6m 188.19 us drift 0.0000
tq2_0 cold 8 kurn lut:serial4 184.57 us drift 0.0000
tq2_0 cold 8 kurn addsub:sad 163.56 us drift 0.0000
tq2_0 cold 8 ggml vec_dot 181.70 us drift 0.0000
wrote /path/to/kurn/benchmarks/v0.2/lowbit/results/final_cold8_tq2_0.csv
