q1_0 cold 8 kurn lut:direct5 105.65 us drift 0.0000
q1_0 cold 8 kurn lut:direct4 53.92 us drift 0.0002
q1_0 cold 8 kurn lut:direct6m 88.25 us drift 0.0000
q1_0 cold 8 kurn lut:direct6 77.27 us drift 0.0000
q1_0 cold 8 kurn i16:mask/float 69.64 us drift 0.0005
q1_0 cold 8 kurn l32 66.47 us drift 0.0000
q1_0 cold 8 kurn addsub:sad 101.57 us drift 0.0000
q1_0 cold 8 kurn addsub:mask 55.25 us drift 0.0000
q1_0 cold 8 ggml vec_dot 153.14 us drift 0.0000
q1_0 cold 8 kurn lut:direct5 110.22 us drift 0.0000
q1_0 cold 8 kurn lut:direct4 66.55 us drift 0.0000
q1_0 cold 8 kurn lut:direct6m 113.83 us drift 0.0000
q1_0 cold 8 kurn lut:direct6 86.74 us drift 0.0000
q1_0 cold 8 kurn i16:mask/float 59.14 us drift 0.0000
q1_0 cold 8 kurn l32 91.60 us drift 0.0000
q1_0 cold 8 kurn addsub:sad 95.90 us drift 0.0000
q1_0 cold 8 kurn addsub:mask 85.04 us drift 0.0000
q1_0 cold 8 ggml vec_dot 128.25 us drift 0.0000
q1_0 cold 8 kurn lut:direct5 124.23 us drift 0.0000
q1_0 cold 8 kurn lut:direct4 100.67 us drift 0.0000
q1_0 cold 8 kurn lut:direct6m 119.01 us drift 0.0000
q1_0 cold 8 kurn lut:direct6 80.04 us drift 0.0000
q1_0 cold 8 kurn i16:mask/float 74.71 us drift 0.0000
q1_0 cold 8 kurn l32 103.83 us drift 0.0000
q1_0 cold 8 kurn addsub:sad 170.23 us drift 0.0000
q1_0 cold 8 kurn addsub:mask 68.71 us drift 0.0000
q1_0 cold 8 ggml vec_dot 195.90 us drift 0.0000
wrote /path/to/lowbit/kurn/benchmarks/v0.2/lowbit/results/final_cold8_q1_0.csv
