q1_0 cold 8 kurn lut:direct5 1143.19 us drift 0.0000
q1_0 cold 8 kurn lut:direct4 567.25 us drift 0.0000
q1_0 cold 8 kurn lut:direct6m 1064.17 us drift 0.0000
q1_0 cold 8 kurn i16:mask/float 626.11 us drift 0.0000
q1_0 cold 8 kurn addsub:sad 1102.45 us drift 0.0000
q1_0 cold 8 ggml vec_dot 1248.87 us drift 0.0000
q1_0 cold 8 kurn lut:direct5 1116.94 us drift 0.0000
q1_0 cold 8 kurn lut:direct4 690.20 us drift 0.0000
q1_0 cold 8 kurn lut:direct6m 998.45 us drift 0.0000
q1_0 cold 8 kurn i16:mask/float 510.75 us drift 0.0000
q1_0 cold 8 kurn addsub:sad 1280.15 us drift 0.0000
q1_0 cold 8 ggml vec_dot 1336.51 us drift 0.0000
q1_0 cold 8 kurn lut:direct5 840.50 us drift 0.0000
q1_0 cold 8 kurn lut:direct4 625.04 us drift 0.0000
q1_0 cold 8 kurn lut:direct6m 966.52 us drift 0.0000
q1_0 cold 8 kurn i16:mask/float 569.76 us drift 0.0000
q1_0 cold 8 kurn addsub:sad 963.71 us drift 0.0000
q1_0 cold 8 ggml vec_dot 966.72 us drift 0.0000
wrote /path/to/kurn/benchmarks/v0.2/lowbit/results/final_cold8_8192x16384_q1_0.csv
tq2_0 cold 8 kurn i16:mask/int 1260.42 us drift 0.0000
tq2_0 cold 8 kurn lut:serial5 923.62 us drift 0.0000
tq2_0 cold 8 kurn lut:serial6m 1678.77 us drift 0.0000
tq2_0 cold 8 kurn lut:serial4 1127.56 us drift 0.0000
tq2_0 cold 8 kurn addsub:sad 1484.43 us drift 0.0000
tq2_0 cold 8 ggml vec_dot 1912.93 us drift 0.0000
tq2_0 cold 8 kurn i16:mask/int 1023.69 us drift 0.0000
tq2_0 cold 8 kurn lut:serial5 1201.08 us drift 0.0000
tq2_0 cold 8 kurn lut:serial6m 1581.07 us drift 0.0000
tq2_0 cold 8 kurn lut:serial4 817.05 us drift 0.0000
tq2_0 cold 8 kurn addsub:sad 1139.08 us drift 0.0034
tq2_0 cold 8 ggml vec_dot 1209.09 us drift 0.0000
tq2_0 cold 8 kurn i16:mask/int 1016.29 us drift 0.0000
tq2_0 cold 8 kurn lut:serial5 1328.06 us drift 0.0000
tq2_0 cold 8 kurn lut:serial6m 1384.92 us drift 0.0000
tq2_0 cold 8 kurn lut:serial4 957.61 us drift 0.0000
tq2_0 cold 8 kurn addsub:sad 992.82 us drift 0.0000
tq2_0 cold 8 ggml vec_dot 1321.85 us drift 0.0000
wrote /path/to/kurn/benchmarks/v0.2/lowbit/results/final_cold8_8192x16384_tq2_0.csv
