q1_0 hot 1 kurn lut:direct5 7.01 us drift 0.0000
q1_0 hot 1 kurn lut:direct4 6.71 us drift 0.0000
q1_0 hot 1 kurn lut:direct6m 8.34 us drift 0.0000
q1_0 hot 1 kurn i16:mask/float 9.17 us drift 0.0000
q1_0 hot 1 kurn addsub:sad 14.03 us drift 0.0000
q1_0 hot 1 ggml vec_dot 29.65 us drift 0.0000
q1_0 hot 1 kurn lut:direct5 6.89 us drift 0.0000
q1_0 hot 1 kurn lut:direct4 6.74 us drift 0.0000
q1_0 hot 1 kurn lut:direct6m 7.32 us drift 0.0000
q1_0 hot 1 kurn i16:mask/float 8.94 us drift 0.0000
q1_0 hot 1 kurn addsub:sad 14.02 us drift 0.0000
q1_0 hot 1 ggml vec_dot 30.16 us drift 0.0000
q1_0 hot 1 kurn lut:direct5 6.87 us drift 0.0000
q1_0 hot 1 kurn lut:direct4 6.75 us drift 0.0000
q1_0 hot 1 kurn lut:direct6m 7.24 us drift 0.0000
q1_0 hot 1 kurn i16:mask/float 8.81 us drift 0.0000
q1_0 hot 1 kurn addsub:sad 13.67 us drift 0.0000
q1_0 hot 1 ggml vec_dot 29.46 us drift 0.0000
wrote /path/to/kurn/benchmarks/v0.2/lowbit/results/final_hot1_q1_0.csv
q2_0 hot 1 kurn i16:mask/float 7.68 us drift 0.0000
q2_0 hot 1 kurn lut:serial5 10.56 us drift 0.0000
q2_0 hot 1 kurn lut:serial4 11.45 us drift 0.0000
q2_0 hot 1 kurn lut:serial6m 11.55 us drift 0.0000
q2_0 hot 1 kurn addsub:sad 23.05 us drift 0.0000
q2_0 hot 1 ggml vec_dot 355.90 us drift 0.0000
q2_0 hot 1 kurn i16:mask/float 7.89 us drift 0.0000
q2_0 hot 1 kurn lut:serial5 10.55 us drift 0.0000
q2_0 hot 1 kurn lut:serial4 11.43 us drift 0.0000
q2_0 hot 1 kurn lut:serial6m 11.70 us drift 0.0000
q2_0 hot 1 kurn addsub:sad 23.59 us drift 0.0000
q2_0 hot 1 ggml vec_dot 368.42 us drift 0.0000
q2_0 hot 1 kurn i16:mask/float 7.85 us drift 0.0000
q2_0 hot 1 kurn lut:serial5 10.62 us drift 0.0000
q2_0 hot 1 kurn lut:serial4 11.42 us drift 0.0000
q2_0 hot 1 kurn lut:serial6m 11.80 us drift 0.0000
q2_0 hot 1 kurn addsub:sad 23.29 us drift 0.0000
q2_0 hot 1 ggml vec_dot 364.63 us drift 0.0004
wrote /path/to/kurn/benchmarks/v0.2/lowbit/results/final_hot1_q2_0.csv
tq2_0 hot 1 kurn i16:mask/int 7.77 us drift 0.0000
tq2_0 hot 1 kurn lut:serial5 9.70 us drift 0.0000
tq2_0 hot 1 kurn lut:serial6m 10.14 us drift 0.0000
tq2_0 hot 1 kurn lut:serial4 9.55 us drift 0.0000
tq2_0 hot 1 kurn addsub:sad 21.47 us drift 0.0000
tq2_0 hot 1 ggml vec_dot 13.69 us drift 0.0000
tq2_0 hot 1 kurn i16:mask/int 7.22 us drift 0.0000
tq2_0 hot 1 kurn lut:serial5 10.22 us drift 0.0003
tq2_0 hot 1 kurn lut:serial6m 10.56 us drift 0.0000
tq2_0 hot 1 kurn lut:serial4 10.53 us drift 0.0000
tq2_0 hot 1 kurn addsub:sad 20.46 us drift 0.0000
tq2_0 hot 1 ggml vec_dot 13.36 us drift 0.0000
tq2_0 hot 1 kurn i16:mask/int 7.19 us drift 0.0000
tq2_0 hot 1 kurn lut:serial5 8.77 us drift 0.0000
tq2_0 hot 1 kurn lut:serial6m 10.45 us drift 0.0003
tq2_0 hot 1 kurn lut:serial4 11.68 us drift 0.0000
tq2_0 hot 1 kurn addsub:sad 20.30 us drift 0.0000
tq2_0 hot 1 ggml vec_dot 14.89 us drift 0.0000
wrote /path/to/kurn/benchmarks/v0.2/lowbit/results/final_hot1_tq2_0.csv
tq1_0 hot 1 kurn i16:mask/int 7.13 us drift 0.0000
tq1_0 hot 1 kurn lut:serial4 9.58 us drift 0.0000
tq1_0 hot 1 kurn lut:direct2 10.66 us drift 0.0000
tq1_0 hot 1 kurn lut:tern3 15.28 us drift 0.0000
tq1_0 hot 1 kurn addsub:sad 20.95 us drift 0.0000
tq1_0 hot 1 ggml vec_dot 35.52 us drift 0.0000
tq1_0 hot 1 kurn i16:mask/int 7.49 us drift 0.0000
tq1_0 hot 1 kurn lut:serial4 10.21 us drift 0.0000
tq1_0 hot 1 kurn lut:direct2 10.60 us drift 0.0000
tq1_0 hot 1 kurn lut:tern3 14.90 us drift 0.0000
tq1_0 hot 1 kurn addsub:sad 20.88 us drift 0.0000
tq1_0 hot 1 ggml vec_dot 33.61 us drift 0.0000
tq1_0 hot 1 kurn i16:mask/int 7.93 us drift 0.0000
tq1_0 hot 1 kurn lut:serial4 9.78 us drift 0.0000
tq1_0 hot 1 kurn lut:direct2 10.87 us drift 0.0000
tq1_0 hot 1 kurn lut:tern3 15.53 us drift 0.0000
tq1_0 hot 1 kurn addsub:sad 21.45 us drift 0.0000
tq1_0 hot 1 ggml vec_dot 34.71 us drift 0.0000
wrote /path/to/kurn/benchmarks/v0.2/lowbit/results/final_hot1_tq1_0.csv
q2_K hot 1 kurn k16 8.80 us drift 0.0000
q2_K hot 1 ggml vec_dot 23.48 us drift 0.0000
q2_K hot 1 kurn k16 8.81 us drift 0.0000
q2_K hot 1 ggml vec_dot 24.16 us drift 0.0000
q2_K hot 1 kurn k16 9.23 us drift 0.0000
q2_K hot 1 ggml vec_dot 22.46 us drift 0.0000
wrote /path/to/kurn/benchmarks/v0.2/lowbit/results/final_hot1_q2_K.csv
