q1_0 i16:mask/float 1 0 10.65 us
q1_0 i16:mask/float 1 8 20.86 us
q1_0 i16:mask/float 2 0 20.81 us
q1_0 i16:mask/float 2 8 20.21 us
q1_0 i16:mask/float 4 0 20.45 us
q1_0 i16:mask/float 4 8 13.45 us
q1_0 l32 1 0 18.85 us
q1_0 l32 1 8 15.69 us
q1_0 l32 2 0 14.87 us
q1_0 l32 2 8 14.98 us
q1_0 lut:direct4 1 0 7.22 us
q1_0 lut:direct5 1 0 7.15 us
q1_0 lut:direct6 1 0 9.14 us
q1_0 lut:direct6m 1 0 8.01 us
q1_0 lut:direct4 1 8 7.41 us
q1_0 lut:direct5 1 8 7.54 us
q1_0 lut:direct6 1 8 9.95 us
q1_0 lut:direct6m 1 8 8.37 us
q1_0 lut:direct4 2 0 8.12 us
q1_0 lut:direct5 2 0 7.73 us
q1_0 lut:direct6 2 0 9.46 us
q1_0 lut:direct6m 2 0 8.54 us
q1_0 lut:direct4 2 8 7.94 us
q1_0 lut:direct5 2 8 7.62 us
q1_0 lut:direct6 2 8 8.77 us
q1_0 lut:direct6m 2 8 8.76 us
q1_0 addsub:mask 1 0 21.09 us
q1_0 addsub:sad 1 0 15.30 us
q1_0 addsub:mask 1 8 21.27 us
q1_0 addsub:sad 1 8 15.29 us
q1_0 addsub:mask 2 0 16.35 us
q1_0 addsub:sad 2 0 15.91 us
q1_0 addsub:mask 2 8 16.64 us
q1_0 addsub:sad 2 8 15.70 us
wrote /workspace/wt/lowbit/kurn/benchmarks/v0.2/lowbit/results/screen_hot1_q1_0.csv
q2_0 i16:mask/float 1 0 10.51 us
q2_0 i16:mask/float 1 8 9.79 us
q2_0 i16:mask/float 2 0 9.17 us
q2_0 i16:mask/float 2 8 10.73 us
q2_0 i16:mask/float 4 0 9.25 us
q2_0 i16:mask/float 4 8 11.17 us
q2_0 i16:lut/float 1 0 11.83 us
q2_0 i16:lut/float 1 8 11.53 us
q2_0 i16:lut/float 2 0 11.26 us
q2_0 i16:lut/float 2 8 11.26 us
q2_0 i16:lut/float 4 0 12.09 us
q2_0 i16:lut/float 4 8 12.46 us
q2_0 l32 1 0 27.63 us
q2_0 l32 1 8 30.11 us
q2_0 l32 2 0 29.67 us
q2_0 l32 2 8 29.48 us
q2_0 lut:serial4 1 0 13.15 us
q2_0 lut:direct2 1 0 14.26 us
q2_0 lut:direct3 1 0 17.75 us
q2_0 lut:serial5 1 0 11.55 us
q2_0 lut:serial6 1 0 14.26 us
q2_0 lut:serial6m 1 0 13.20 us
q2_0 lut:serial4 1 8 13.00 us
q2_0 lut:direct2 1 8 13.87 us
q2_0 lut:direct3 1 8 24.59 us
q2_0 lut:serial5 1 8 11.79 us
q2_0 lut:serial6 1 8 14.06 us
q2_0 lut:serial6m 1 8 14.15 us
q2_0 lut:serial4 2 0 13.34 us
q2_0 lut:direct2 2 0 14.40 us
q2_0 lut:direct3 2 0 16.53 us
q2_0 lut:serial5 2 0 13.14 us
q2_0 lut:serial6 2 0 21.39 us
q2_0 lut:serial6m 2 0 13.25 us
q2_0 lut:serial4 2 8 14.72 us
q2_0 lut:direct2 2 8 14.97 us
q2_0 lut:direct3 2 8 17.93 us
q2_0 lut:serial5 2 8 13.16 us
q2_0 lut:serial6 2 8 14.43 us
q2_0 lut:serial6m 2 8 14.19 us
q2_0 addsub:mask 1 0 31.43 us
q2_0 addsub:sad 1 0 25.98 us
q2_0 addsub:mask 1 8 31.46 us
q2_0 addsub:sad 1 8 25.84 us
q2_0 addsub:mask 2 0 26.92 us
q2_0 addsub:sad 2 0 26.87 us
q2_0 addsub:mask 2 8 27.34 us
q2_0 addsub:sad 2 8 26.36 us
wrote /workspace/wt/lowbit/kurn/benchmarks/v0.2/lowbit/results/screen_hot1_q2_0.csv
tq2_0 i16:mask/float 1 0 10.43 us
tq2_0 i16:mask/float 1 8 11.51 us
tq2_0 i16:mask/float 2 0 9.91 us
tq2_0 i16:mask/float 2 8 10.77 us
tq2_0 i16:mask/float 4 0 10.17 us
tq2_0 i16:mask/float 4 8 9.64 us
tq2_0 i16:mask/int 1 0 10.72 us
tq2_0 i16:mask/int 1 8 10.62 us
tq2_0 i16:mask/int 2 0 8.89 us
tq2_0 i16:mask/int 2 8 8.86 us
tq2_0 i16:mask/int 4 0 9.07 us
tq2_0 i16:mask/int 4 8 8.91 us
tq2_0 i16:lut/float 1 0 12.16 us
tq2_0 i16:lut/float 1 8 12.90 us
tq2_0 i16:lut/float 2 0 12.13 us
tq2_0 i16:lut/float 2 8 11.95 us
tq2_0 i16:lut/float 4 0 11.67 us
tq2_0 i16:lut/float 4 8 11.70 us
tq2_0 i16:lut/int 1 0 11.37 us
tq2_0 i16:lut/int 1 8 11.75 us
tq2_0 i16:lut/int 2 0 11.20 us
tq2_0 i16:lut/int 2 8 11.65 us
tq2_0 i16:lut/int 4 0 13.73 us
tq2_0 i16:lut/int 4 8 11.33 us
tq2_0 l32 1 0 28.74 us
tq2_0 l32 1 8 32.76 us
tq2_0 l32 2 0 26.98 us
tq2_0 l32 2 8 26.71 us
tq2_0 l32 1 0 27.54 us
tq2_0 l32 1 8 27.20 us
tq2_0 l32 2 0 28.70 us
tq2_0 l32 2 8 27.31 us
tq2_0 lut:serial4 1 0 12.13 us
tq2_0 lut:direct2 1 0 12.66 us
tq2_0 lut:direct3 1 0 19.14 us
tq2_0 lut:serial5 1 0 10.79 us
tq2_0 lut:serial6 1 0 12.99 us
tq2_0 lut:serial6m 1 0 11.26 us
tq2_0 lut:serial4 1 8 11.62 us
tq2_0 lut:direct2 1 8 12.45 us
tq2_0 lut:direct3 1 8 18.17 us
tq2_0 lut:serial5 1 8 10.69 us
tq2_0 lut:serial6 1 8 13.68 us
tq2_0 lut:serial6m 1 8 10.97 us
tq2_0 lut:serial4 2 0 10.98 us
tq2_0 lut:direct2 2 0 12.49 us
tq2_0 lut:direct3 2 0 15.75 us
tq2_0 lut:serial5 2 0 10.15 us
tq2_0 lut:serial6 2 0 11.56 us
tq2_0 lut:serial6m 2 0 12.13 us
tq2_0 lut:serial4 2 8 12.01 us
tq2_0 lut:direct2 2 8 12.52 us
tq2_0 lut:direct3 2 8 15.42 us
tq2_0 lut:serial5 2 8 9.86 us
tq2_0 lut:serial6 2 8 12.54 us
tq2_0 lut:serial6m 2 8 11.21 us
tq2_0 addsub:mask 1 0 29.58 us
tq2_0 addsub:sad 1 0 22.59 us
tq2_0 addsub:mask 1 8 28.68 us
tq2_0 addsub:sad 1 8 22.54 us
tq2_0 addsub:mask 2 0 24.10 us
tq2_0 addsub:sad 2 0 22.41 us
tq2_0 addsub:mask 2 8 24.42 us
tq2_0 addsub:sad 2 8 22.38 us
wrote /workspace/wt/lowbit/kurn/benchmarks/v0.2/lowbit/results/screen_hot1_tq2_0.csv
tq1_0 i16:mask/float 1 0 9.85 us
tq1_0 i16:mask/float 1 8 10.58 us
tq1_0 i16:mask/float 2 0 8.77 us
tq1_0 i16:mask/float 2 8 10.08 us
tq1_0 i16:mask/float 4 0 8.92 us
tq1_0 i16:mask/float 4 8 8.68 us
tq1_0 i16:mask/int 1 0 10.34 us
tq1_0 i16:mask/int 1 8 8.95 us
tq1_0 i16:mask/int 2 0 8.20 us
tq1_0 i16:mask/int 2 8 9.68 us
tq1_0 i16:mask/int 4 0 9.30 us
tq1_0 i16:mask/int 4 8 8.90 us
tq1_0 i16:lut/float 1 0 12.68 us
tq1_0 i16:lut/float 1 8 16.42 us
tq1_0 i16:lut/float 2 0 13.24 us
tq1_0 i16:lut/float 2 8 14.31 us
tq1_0 i16:lut/float 4 0 12.46 us
tq1_0 i16:lut/float 4 8 12.86 us
tq1_0 i16:lut/int 1 0 12.04 us
tq1_0 i16:lut/int 1 8 12.36 us
tq1_0 i16:lut/int 2 0 11.10 us
tq1_0 i16:lut/int 2 8 10.44 us
tq1_0 i16:lut/int 4 0 10.10 us
tq1_0 i16:lut/int 4 8 11.01 us
tq1_0 l32 1 0 27.39 us
tq1_0 l32 1 8 29.28 us
tq1_0 l32 2 0 27.08 us
tq1_0 l32 2 8 25.74 us
tq1_0 l32 1 0 27.44 us
tq1_0 l32 1 8 25.98 us
tq1_0 l32 2 0 27.16 us
tq1_0 l32 2 8 26.09 us
tq1_0 lut:tern3 1 0 18.17 us
tq1_0 lut:direct2 1 0 13.53 us
tq1_0 lut:serial4 1 0 12.32 us
tq1_0 lut:tern3 1 8 21.66 us
tq1_0 lut:direct2 1 8 13.35 us
tq1_0 lut:serial4 1 8 12.63 us
tq1_0 lut:tern3 2 0 20.91 us
tq1_0 lut:direct2 2 0 13.27 us
tq1_0 lut:serial4 2 0 11.84 us
tq1_0 lut:tern3 2 8 18.80 us
tq1_0 lut:direct2 2 8 13.04 us
tq1_0 lut:serial4 2 8 11.70 us
tq1_0 addsub:mask 1 0 30.60 us
tq1_0 addsub:sad 1 0 23.20 us
tq1_0 addsub:mask 1 8 30.25 us
tq1_0 addsub:sad 1 8 21.74 us
tq1_0 addsub:mask 2 0 23.83 us
tq1_0 addsub:sad 2 0 22.17 us
tq1_0 addsub:mask 2 8 22.89 us
tq1_0 addsub:sad 2 8 23.67 us
wrote /workspace/wt/lowbit/kurn/benchmarks/v0.2/lowbit/results/screen_hot1_tq1_0.csv
q2_K k16 1 0 11.27 us
q2_K k16 1 8 12.12 us
q2_K k16 2 0 11.22 us
q2_K k16 2 8 10.41 us
q2_K k16 4 0 10.09 us
q2_K k16 4 8 10.46 us
wrote /workspace/wt/lowbit/kurn/benchmarks/v0.2/lowbit/results/screen_hot1_q2_K.csv
