{'format': 'q1_0', 'N': 256, 'family': 'lut:direct5', 'us': 6.777, 'ns_per_row': 26.47, 'Gweights_s': 154.7, 'max_drift_s': 0.0}
{'format': 'q1_0', 'N': 256, 'family': 'i16:mask/float', 'us': 8.834, 'ns_per_row': 34.51, 'Gweights_s': 118.7, 'max_drift_s': 0.0}
{'format': 'q1_0', 'N': 1024, 'family': 'lut:direct5', 'us': 20.425, 'ns_per_row': 19.95, 'Gweights_s': 205.4, 'max_drift_s': 0.0}
{'format': 'q1_0', 'N': 1024, 'family': 'i16:mask/float', 'us': 34.057, 'ns_per_row': 33.26, 'Gweights_s': 123.2, 'max_drift_s': 0.0}
{'format': 'q1_0', 'N': 2048, 'family': 'lut:direct5', 'us': 42.664, 'ns_per_row': 20.83, 'Gweights_s': 196.6, 'max_drift_s': 0.0}
{'format': 'q1_0', 'N': 2048, 'family': 'i16:mask/float', 'us': 67.665, 'ns_per_row': 33.04, 'Gweights_s': 124.0, 'max_drift_s': 0.0}
{'format': 'q2_0', 'N': 256, 'family': 'i16:mask/float', 'us': 7.701, 'ns_per_row': 30.08, 'Gweights_s': 136.2, 'max_drift_s': 0.0}
{'format': 'q2_0', 'N': 256, 'family': 'lut:serial5', 'us': 10.516, 'ns_per_row': 41.08, 'Gweights_s': 99.7, 'max_drift_s': 0.0}
{'format': 'q2_0', 'N': 1024, 'family': 'i16:mask/float', 'us': 29.555, 'ns_per_row': 28.86, 'Gweights_s': 141.9, 'max_drift_s': 0.0}
{'format': 'q2_0', 'N': 1024, 'family': 'lut:serial5', 'us': 37.942, 'ns_per_row': 37.05, 'Gweights_s': 110.5, 'max_drift_s': 0.0}
{'format': 'q2_0', 'N': 2048, 'family': 'i16:mask/float', 'us': 65.236, 'ns_per_row': 31.85, 'Gweights_s': 128.6, 'max_drift_s': 0.0}
{'format': 'q2_0', 'N': 2048, 'family': 'lut:serial5', 'us': 86.552, 'ns_per_row': 42.26, 'Gweights_s': 96.9, 'max_drift_s': 0.0}
{'format': 'tq2_0', 'N': 256, 'family': 'i16:mask/int', 'us': 7.305, 'ns_per_row': 28.54, 'Gweights_s': 143.5, 'max_drift_s': 0.0}
{'format': 'tq2_0', 'N': 256, 'family': 'lut:serial5', 'us': 8.83, 'ns_per_row': 34.49, 'Gweights_s': 118.8, 'max_drift_s': 0.0}
{'format': 'tq2_0', 'N': 1024, 'family': 'i16:mask/int', 'us': 28.159, 'ns_per_row': 27.5, 'Gweights_s': 149.0, 'max_drift_s': 0.0}
{'format': 'tq2_0', 'N': 1024, 'family': 'lut:serial5', 'us': 31.019, 'ns_per_row': 30.29, 'Gweights_s': 135.2, 'max_drift_s': 0.0}
{'format': 'tq2_0', 'N': 2048, 'family': 'i16:mask/int', 'us': 65.973, 'ns_per_row': 32.21, 'Gweights_s': 127.2, 'max_drift_s': 0.0}
{'format': 'tq2_0', 'N': 2048, 'family': 'lut:serial5', 'us': 69.062, 'ns_per_row': 33.72, 'Gweights_s': 121.5, 'max_drift_s': 0.0}
{'format': 'tq1_0', 'N': 256, 'family': 'i16:mask/int', 'us': 7.187, 'ns_per_row': 28.07, 'Gweights_s': 145.9, 'max_drift_s': 0.0}
{'format': 'tq1_0', 'N': 256, 'family': 'lut:serial4', 'us': 9.706, 'ns_per_row': 37.91, 'Gweights_s': 108.0, 'max_drift_s': 0.0}
{'format': 'tq1_0', 'N': 1024, 'family': 'i16:mask/int', 'us': 27.618, 'ns_per_row': 26.97, 'Gweights_s': 151.9, 'max_drift_s': 0.0}
{'format': 'tq1_0', 'N': 1024, 'family': 'lut:serial4', 'us': 35.648, 'ns_per_row': 34.81, 'Gweights_s': 117.7, 'max_drift_s': 0.0}
{'format': 'tq1_0', 'N': 2048, 'family': 'i16:mask/int', 'us': 64.081, 'ns_per_row': 31.29, 'Gweights_s': 130.9, 'max_drift_s': 0.0}
{'format': 'tq1_0', 'N': 2048, 'family': 'lut:serial4', 'us': 72.023, 'ns_per_row': 35.17, 'Gweights_s': 116.5, 'max_drift_s': 0.0}
{'format': 'q2_K', 'N': 256, 'family': 'k16', 'us': 8.877, 'ns_per_row': 34.68, 'Gweights_s': 118.1, 'max_drift_s': 0.0}
{'format': 'q2_K', 'N': 1024, 'family': 'k16', 'us': 34.922, 'ns_per_row': 34.1, 'Gweights_s': 120.1, 'max_drift_s': 0.0}
{'format': 'q2_K', 'N': 2048, 'family': 'k16', 'us': 76.746, 'ns_per_row': 37.47, 'Gweights_s': 109.3, 'max_drift_s': 0.0}
wrote /path/to/kurn/benchmarks/v0.2/lowbit/results/sweep_n_hot1.csv
