# match p   (draft top-1 vs target greedy token, given the true prefix); prompt 13 tokens
0 0.335629
1 0.603159
1 0.899844
1 0.900475
1 0.867677
1 0.908030
1 0.687952
1 0.949259
1 0.998583
1 0.529600
1 0.995152
1 0.991593
1 0.595566
1 0.365456
1 0.972423
1 0.982427
1 0.600689
1 0.166586
1 0.990895
1 0.967754
1 0.720207
1 0.981009
1 0.996348
0 0.341873
0 0.264296
1 0.643503
1 0.731126
1 0.424889
1 0.402960
1 0.748278
1 0.615595
1 0.974711
1 0.973326
1 0.997359
1 0.998575
1 0.531423
1 0.985034
1 0.936631
1 0.429618
0 0.364184
1 0.609124
1 0.695983
0 0.409777
0 0.334011
1 0.569406
1 0.999415
1 0.411283
0 0.359022
0 0.259104
0 0.235964
1 0.925639
1 0.979831
1 0.997793
1 0.472579
0 0.472768
1 0.944030
1 0.999427
1 0.828134
0 0.314683
1 0.440936
1 0.732867
1 0.972396
1 0.978703
1 0.994501
1 0.999505
1 0.926538
1 0.925600
1 0.992057
1 0.994739
1 0.684787
1 0.720928
1 0.933829
0 0.458930
0 0.528952
1 0.863535
1 0.914185
0 0.353101
0 0.232409
1 0.594074
0 0.462427
1 0.981328
0 0.627568
1 0.361162
0 0.342056
0 0.395725
0 0.279425
0 0.295148
1 0.999858
0 0.355817
0 0.707922
0 0.300121
1 0.976052
1 0.548317
0 0.354548
1 0.395589
0 0.410610
1 0.545826
1 0.906025
0 0.692906
1 0.921032
1 0.701908
0 0.219483
0 0.193279
0 0.218236
1 0.277153
1 0.990038
0 0.596036
1 0.681084
1 0.803717
1 0.626077
0 0.407511
1 0.391605
1 0.984168
0 0.686511
0 0.238053
1 0.863293
1 0.653565
1 0.560094
1 0.632940
1 0.998288
1 0.933199
1 0.504919
1 0.189330
1 0.912025
1 0.847031
0 0.393393
0 0.346524
1 0.261761
