# match p   (draft top-1 vs target greedy token, given the true prefix); prompt 13 tokens
0 0.328449
1 0.606475
1 0.895104
1 0.901467
1 0.861278
1 0.916143
1 0.663799
1 0.947436
1 0.998593
1 0.552363
1 0.994597
1 0.991185
1 0.586749
1 0.375135
1 0.971423
1 0.983814
1 0.585804
1 0.175157
1 0.991990
1 0.968760
1 0.725465
1 0.981165
1 0.996330
0 0.343771
0 0.244839
1 0.645323
1 0.739766
1 0.402843
1 0.450916
1 0.759839
1 0.595267
1 0.975166
1 0.971768
1 0.997506
1 0.998597
1 0.512969
1 0.984914
1 0.936774
1 0.421933
0 0.382830
1 0.612501
1 0.702373
0 0.416635
0 0.311920
1 0.545462
1 0.999441
1 0.404647
0 0.362257
0 0.240842
0 0.251574
1 0.928752
1 0.983022
1 0.997654
1 0.468733
0 0.471767
1 0.947212
1 0.999420
1 0.828076
1 0.323520
1 0.432792
1 0.702092
1 0.968446
1 0.978404
1 0.992815
1 0.999595
1 0.923515
1 0.913246
1 0.993218
1 0.995337
1 0.693506
1 0.719953
1 0.927977
0 0.436701
0 0.173802
0 0.369118
1 0.829227
1 0.761532
1 0.979257
0 0.478414
0 0.490591
1 0.997499
0 0.656859
1 0.629846
1 0.993678
1 0.897969
1 0.731339
1 0.939469
1 0.999283
1 0.564000
1 0.865108
0 0.500895
1 0.993456
1 0.977438
1 0.765949
0 0.406471
0 0.743919
1 0.798606
1 0.507904
0 0.760854
1 0.995315
1 0.999406
1 0.995656
1 0.895270
1 0.999490
1 0.999992
1 0.900024
1 0.781554
1 0.935516
1 0.995558
1 0.998680
1 0.999218
0 0.291973
1 0.998348
1 0.914499
1 0.761603
1 0.999614
1 0.999972
1 0.940972
1 0.612637
1 0.997102
1 0.966721
1 0.997775
1 0.976013
0 0.565971
1 0.998508
1 0.946181
1 0.973121
0 0.673403
